
> ups-tracker@0.1.0 test
> vitest src/PackageCarTracker.test.jsx


 DEV  v2.1.9 /home/dreamboat/projects/ups-tracker

stdout | src/PackageCarTracker.test.jsx > PackageCarTracker filters > handles primary status filter combinations
PackageCarTracker initialData: {
  trackerVersion: 2,
  cars: [
    {
      id: '111111',
      location: 'Yard',
      arrived: false,
      late: false,
      empty: false
    },
    {
      id: '222222',
      location: '200',
      arrived: true,
      late: false,
      empty: false
    },
    {
      id: '333333',
      location: '300',
      arrived: true,
      late: false,
      empty: true
    },
    {
      id: '444444',
      location: 'Shop',
      arrived: false,
      late: true,
      empty: false
    },
    {
      id: '555555',
      location: '500',
      arrived: true,
      late: false,
      empty: false
    }
  ],
  usage: {
    filterClicks: 0,
    locationClicks: 0,
    viewToggles: 0,
    arrivedToggles: 0,
    lateToggles: 0,
    emptyToggles: 0,
    carsAdded: 0,
    carsRemoved: 0,
    carLocationChanges: 0,
    csvImports: 0,
    csvExports: 0,
    shiftsReset: 0,
    carSelections: 0
  },
  currentShift: null
}
[PackageCarTracker] Render. StatusFilter: all, LocationFilter: all
Filtering cars. Filter: all, Total cars: 5
PackageCarTracker initialData: {
  trackerVersion: 2,
  cars: [
    {
      id: '111111',
      location: 'Yard',
      arrived: false,
      late: false,
      empty: false
    },
    {
      id: '222222',
      location: '200',
      arrived: true,
      late: false,
      empty: false
    },
    {
      id: '333333',
      location: '300',
      arrived: true,
      late: false,
      empty: true
    },
    {
      id: '444444',
      location: 'Shop',
      arrived: false,
      late: true,
      empty: false
    },
    {
      id: '555555',
      location: '500',
      arrived: true,
      late: false,
      empty: false
    }
  ],
  usage: {
    filterClicks: 0,
    locationClicks: 0,
    viewToggles: 0,
    arrivedToggles: 0,
    lateToggles: 0,
    emptyToggles: 0,
    carsAdded: 0,
    carsRemoved: 0,
    carLocationChanges: 0,
    csvImports: 0,
    csvExports: 0,
    shiftsReset: 0,
    carSelections: 0
  },
  currentShift: null
}
[PackageCarTracker] Render. StatusFilter: all, LocationFilter: all
Filtering cars. Filter: all, Total cars: 5

stderr | src/PackageCarTracker.test.jsx > PackageCarTracker filters > handles primary status filter combinations
seedFleet called with 5 cars
localStorage after seed: {"trackerVersion":2,"cars":[{"id":"111111","location":"Yard","arrived":false,"late":false,"empty":false},{"id":"222222","location":"200","arrived":true,"late":false,"empty":false},{"id":"333333","location":"300","arrived":true,"late":false,"empty":true},{"id":"444444","location":"Shop","arrived":false,"late":true,"empty":false},{"id":"555555","location":"500","arrived":true,"late":false,"empty":false}],"usage":{"filterClicks":0,"locationClicks":0,"viewToggles":0,"arrivedToggles":0,"lateToggles":0,"emptyToggles":0,"carsAdded":0,"carsRemoved":0,"carLocationChanges":0,"csvImports":0,"csvExports":0,"shiftsReset":0,"carSelections":0},"currentShift":null}

stdout | src/PackageCarTracker.test.jsx > PackageCarTracker filters > applies location and status filters together
PackageCarTracker initialData: {
  trackerVersion: 2,
  cars: [
    {
      id: '111111',
      location: 'Yard',
      arrived: false,
      late: false,
      empty: false
    },
    {
      id: '222222',
      location: '200',
      arrived: true,
      late: false,
      empty: false
    },
    {
      id: '333333',
      location: '300',
      arrived: true,
      late: false,
      empty: true
    },
    {
      id: '444444',
      location: 'Shop',
      arrived: false,
      late: true,
      empty: false
    },
    {
      id: '555555',
      location: '500',
      arrived: true,
      late: false,
      empty: false
    }
  ],
  usage: {
    filterClicks: 0,
    locationClicks: 0,
    viewToggles: 0,
    arrivedToggles: 0,
    lateToggles: 0,
    emptyToggles: 0,
    carsAdded: 0,
    carsRemoved: 0,
    carLocationChanges: 0,
    csvImports: 0,
    csvExports: 0,
    shiftsReset: 0,
    carSelections: 0
  },
  currentShift: null
}
[PackageCarTracker] Render. StatusFilter: all, LocationFilter: all
Filtering cars. Filter: all, Total cars: 5
PackageCarTracker initialData: {
  trackerVersion: 2,
  cars: [
    {
      id: '111111',
      location: 'Yard',
      arrived: false,
      late: false,
      empty: false
    },
    {
      id: '222222',
      location: '200',
      arrived: true,
      late: false,
      empty: false
    },
    {
      id: '333333',
      location: '300',
      arrived: true,
      late: false,
      empty: true
    },
    {
      id: '444444',
      location: 'Shop',
      arrived: false,
      late: true,
      empty: false
    },
    {
      id: '555555',
      location: '500',
      arrived: true,
      late: false,
      empty: false
    }
  ],
  usage: {
    filterClicks: 0,
    locationClicks: 0,
    viewToggles: 0,
    arrivedToggles: 0,
    lateToggles: 0,
    emptyToggles: 0,
    carsAdded: 0,
    carsRemoved: 0,
    carLocationChanges: 0,
    csvImports: 0,
    csvExports: 0,
    shiftsReset: 0,
    carSelections: 0
  },
  currentShift: null
}
[PackageCarTracker] Render. StatusFilter: all, LocationFilter: all
Filtering cars. Filter: all, Total cars: 5

stderr | src/PackageCarTracker.test.jsx > PackageCarTracker filters > applies location and status filters together
seedFleet called with 5 cars
localStorage after seed: {"trackerVersion":2,"cars":[{"id":"111111","location":"Yard","arrived":false,"late":false,"empty":false},{"id":"222222","location":"200","arrived":true,"late":false,"empty":false},{"id":"333333","location":"300","arrived":true,"late":false,"empty":true},{"id":"444444","location":"Shop","arrived":false,"late":true,"empty":false},{"id":"555555","location":"500","arrived":true,"late":false,"empty":false}],"usage":{"filterClicks":0,"locationClicks":0,"viewToggles":0,"arrivedToggles":0,"lateToggles":0,"emptyToggles":0,"carsAdded":0,"carsRemoved":0,"carLocationChanges":0,"csvImports":0,"csvExports":0,"shiftsReset":0,"carSelections":0},"currentShift":null}

stdout | src/PackageCarTracker.test.jsx > PackageCarTracker filters > filters arrived but not empty trucks explicitly
PackageCarTracker initialData: {
  trackerVersion: 2,
  cars: [
    {
      id: '111111',
      location: 'Yard',
      arrived: false,
      late: false,
      empty: false
    },
    {
      id: '222222',
      location: '200',
      arrived: true,
      late: false,
      empty: false
    },
    {
      id: '333333',
      location: '300',
      arrived: true,
      late: false,
      empty: true
    },
    {
      id: '444444',
      location: 'Shop',
      arrived: false,
      late: true,
      empty: false
    },
    {
      id: '555555',
      location: '500',
      arrived: true,
      late: false,
      empty: false
    }
  ],
  usage: {
    filterClicks: 0,
    locationClicks: 0,
    viewToggles: 0,
    arrivedToggles: 0,
    lateToggles: 0,
    emptyToggles: 0,
    carsAdded: 0,
    carsRemoved: 0,
    carLocationChanges: 0,
    csvImports: 0,
    csvExports: 0,
    shiftsReset: 0,
    carSelections: 0
  },
  currentShift: null
}
[PackageCarTracker] Render. StatusFilter: all, LocationFilter: all
Filtering cars. Filter: all, Total cars: 5
PackageCarTracker initialData: {
  trackerVersion: 2,
  cars: [
    {
      id: '111111',
      location: 'Yard',
      arrived: false,
      late: false,
      empty: false
    },
    {
      id: '222222',
      location: '200',
      arrived: true,
      late: false,
      empty: false
    },
    {
      id: '333333',
      location: '300',
      arrived: true,
      late: false,
      empty: true
    },
    {
      id: '444444',
      location: 'Shop',
      arrived: false,
      late: true,
      empty: false
    },
    {
      id: '555555',
      location: '500',
      arrived: true,
      late: false,
      empty: false
    }
  ],
  usage: {
    filterClicks: 0,
    locationClicks: 0,
    viewToggles: 0,
    arrivedToggles: 0,
    lateToggles: 0,
    emptyToggles: 0,
    carsAdded: 0,
    carsRemoved: 0,
    carLocationChanges: 0,
    csvImports: 0,
    csvExports: 0,
    shiftsReset: 0,
    carSelections: 0
  },
  currentShift: null
}
[PackageCarTracker] Render. StatusFilter: all, LocationFilter: all
Filtering cars. Filter: all, Total cars: 5

stderr | src/PackageCarTracker.test.jsx > PackageCarTracker filters > filters arrived but not empty trucks explicitly
seedFleet called with 5 cars
localStorage after seed: {"trackerVersion":2,"cars":[{"id":"111111","location":"Yard","arrived":false,"late":false,"empty":false},{"id":"222222","location":"200","arrived":true,"late":false,"empty":false},{"id":"333333","location":"300","arrived":true,"late":false,"empty":true},{"id":"444444","location":"Shop","arrived":false,"late":true,"empty":false},{"id":"555555","location":"500","arrived":true,"late":false,"empty":false}],"usage":{"filterClicks":0,"locationClicks":0,"viewToggles":0,"arrivedToggles":0,"lateToggles":0,"emptyToggles":0,"carsAdded":0,"carsRemoved":0,"carLocationChanges":0,"csvImports":0,"csvExports":0,"shiftsReset":0,"carSelections":0},"currentShift":null}

stdout | src/PackageCarTracker.test.jsx > Board view > toggles between list and board layouts using the explicit buttons
PackageCarTracker initialData: {
  trackerVersion: 2,
  cars: [
    {
      id: '111111',
      location: 'Yard',
      arrived: false,
      late: false,
      empty: false
    },
    {
      id: '222222',
      location: '200',
      arrived: true,
      late: false,
      empty: false
    },
    {
      id: '333333',
      location: '300',
      arrived: true,
      late: false,
      empty: true
    },
    {
      id: '444444',
      location: 'Shop',
      arrived: false,
      late: true,
      empty: false
    },
    {
      id: '555555',
      location: '500',
      arrived: true,
      late: false,
      empty: false
    }
  ],
  usage: {
    filterClicks: 0,
    locationClicks: 0,
    viewToggles: 0,
    arrivedToggles: 0,
    lateToggles: 0,
    emptyToggles: 0,
    carsAdded: 0,
    carsRemoved: 0,
    carLocationChanges: 0,
    csvImports: 0,
    csvExports: 0,
    shiftsReset: 0,
    carSelections: 0
  },
  currentShift: null
}
[PackageCarTracker] Render. StatusFilter: all, LocationFilter: all
Filtering cars. Filter: all, Total cars: 5
PackageCarTracker initialData: {
  trackerVersion: 2,
  cars: [
    {
      id: '111111',
      location: 'Yard',
      arrived: false,
      late: false,
      empty: false
    },
    {
      id: '222222',
      location: '200',
      arrived: true,
      late: false,
      empty: false
    },
    {
      id: '333333',
      location: '300',
      arrived: true,
      late: false,
      empty: true
    },
    {
      id: '444444',
      location: 'Shop',
      arrived: false,
      late: true,
      empty: false
    },
    {
      id: '555555',
      location: '500',
      arrived: true,
      late: false,
      empty: false
    }
  ],
  usage: {
    filterClicks: 0,
    locationClicks: 0,
    viewToggles: 0,
    arrivedToggles: 0,
    lateToggles: 0,
    emptyToggles: 0,
    carsAdded: 0,
    carsRemoved: 0,
    carLocationChanges: 0,
    csvImports: 0,
    csvExports: 0,
    shiftsReset: 0,
    carSelections: 0
  },
  currentShift: null
}
[PackageCarTracker] Render. StatusFilter: all, LocationFilter: all
Filtering cars. Filter: all, Total cars: 5

stderr | src/PackageCarTracker.test.jsx > Board view > toggles between list and board layouts using the explicit buttons
seedFleet called with 5 cars
localStorage after seed: {"trackerVersion":2,"cars":[{"id":"111111","location":"Yard","arrived":false,"late":false,"empty":false},{"id":"222222","location":"200","arrived":true,"late":false,"empty":false},{"id":"333333","location":"300","arrived":true,"late":false,"empty":true},{"id":"444444","location":"Shop","arrived":false,"late":true,"empty":false},{"id":"555555","location":"500","arrived":true,"late":false,"empty":false}],"usage":{"filterClicks":0,"locationClicks":0,"viewToggles":0,"arrivedToggles":0,"lateToggles":0,"emptyToggles":0,"carsAdded":0,"carsRemoved":0,"carLocationChanges":0,"csvImports":0,"csvExports":0,"shiftsReset":0,"carSelections":0},"currentShift":null}

stdout | src/PackageCarTracker.test.jsx > Board view > groups only the currently filtered cars into their location columns
PackageCarTracker initialData: {
  trackerVersion: 2,
  cars: [
    {
      id: '111111',
      location: 'Yard',
      arrived: false,
      late: false,
      empty: false
    },
    {
      id: '222222',
      location: '200',
      arrived: true,
      late: false,
      empty: false
    },
    {
      id: '333333',
      location: '300',
      arrived: true,
      late: false,
      empty: true
    },
    {
      id: '444444',
      location: 'Shop',
      arrived: false,
      late: true,
      empty: false
    },
    {
      id: '555555',
      location: '500',
      arrived: true,
      late: false,
      empty: false
    }
  ],
  usage: {
    filterClicks: 0,
    locationClicks: 0,
    viewToggles: 0,
    arrivedToggles: 0,
    lateToggles: 0,
    emptyToggles: 0,
    carsAdded: 0,
    carsRemoved: 0,
    carLocationChanges: 0,
    csvImports: 0,
    csvExports: 0,
    shiftsReset: 0,
    carSelections: 0
  },
  currentShift: null
}
[PackageCarTracker] Render. StatusFilter: all, LocationFilter: all
Filtering cars. Filter: all, Total cars: 5
PackageCarTracker initialData: {
  trackerVersion: 2,
  cars: [
    {
      id: '111111',
      location: 'Yard',
      arrived: false,
      late: false,
      empty: false
    },
    {
      id: '222222',
      location: '200',
      arrived: true,
      late: false,
      empty: false
    },
    {
      id: '333333',
      location: '300',
      arrived: true,
      late: false,
      empty: true
    },
    {
      id: '444444',
      location: 'Shop',
      arrived: false,
      late: true,
      empty: false
    },
    {
      id: '555555',
      location: '500',
      arrived: true,
      late: false,
      empty: false
    }
  ],
  usage: {
    filterClicks: 0,
    locationClicks: 0,
    viewToggles: 0,
    arrivedToggles: 0,
    lateToggles: 0,
    emptyToggles: 0,
    carsAdded: 0,
    carsRemoved: 0,
    carLocationChanges: 0,
    csvImports: 0,
    csvExports: 0,
    shiftsReset: 0,
    carSelections: 0
  },
  currentShift: null
}
[PackageCarTracker] Render. StatusFilter: all, LocationFilter: all
Filtering cars. Filter: all, Total cars: 5

stderr | src/PackageCarTracker.test.jsx > Board view > groups only the currently filtered cars into their location columns
seedFleet called with 5 cars
localStorage after seed: {"trackerVersion":2,"cars":[{"id":"111111","location":"Yard","arrived":false,"late":false,"empty":false},{"id":"222222","location":"200","arrived":true,"late":false,"empty":false},{"id":"333333","location":"300","arrived":true,"late":false,"empty":true},{"id":"444444","location":"Shop","arrived":false,"late":true,"empty":false},{"id":"555555","location":"500","arrived":true,"late":false,"empty":false}],"usage":{"filterClicks":0,"locationClicks":0,"viewToggles":0,"arrivedToggles":0,"lateToggles":0,"emptyToggles":0,"carsAdded":0,"carsRemoved":0,"carLocationChanges":0,"csvImports":0,"csvExports":0,"shiftsReset":0,"carSelections":0},"currentShift":null}

stdout | src/PackageCarTracker.test.jsx > Board view > applies snap scrolling and sticky headers for handheld ergonomics
PackageCarTracker initialData: {
  trackerVersion: 2,
  cars: [
    {
      id: '111111',
      location: 'Yard',
      arrived: false,
      late: false,
      empty: false
    },
    {
      id: '222222',
      location: '200',
      arrived: true,
      late: false,
      empty: false
    },
    {
      id: '333333',
      location: '300',
      arrived: true,
      late: false,
      empty: true
    },
    {
      id: '444444',
      location: 'Shop',
      arrived: false,
      late: true,
      empty: false
    },
    {
      id: '555555',
      location: '500',
      arrived: true,
      late: false,
      empty: false
    }
  ],
  usage: {
    filterClicks: 0,
    locationClicks: 0,
    viewToggles: 0,
    arrivedToggles: 0,
    lateToggles: 0,
    emptyToggles: 0,
    carsAdded: 0,
    carsRemoved: 0,
    carLocationChanges: 0,
    csvImports: 0,
    csvExports: 0,
    shiftsReset: 0,
    carSelections: 0
  },
  currentShift: null
}
[PackageCarTracker] Render. StatusFilter: all, LocationFilter: all
Filtering cars. Filter: all, Total cars: 5
PackageCarTracker initialData: {
  trackerVersion: 2,
  cars: [
    {
      id: '111111',
      location: 'Yard',
      arrived: false,
      late: false,
      empty: false
    },
    {
      id: '222222',
      location: '200',
      arrived: true,
      late: false,
      empty: false
    },
    {
      id: '333333',
      location: '300',
      arrived: true,
      late: false,
      empty: true
    },
    {
      id: '444444',
      location: 'Shop',
      arrived: false,
      late: true,
      empty: false
    },
    {
      id: '555555',
      location: '500',
      arrived: true,
      late: false,
      empty: false
    }
  ],
  usage: {
    filterClicks: 0,
    locationClicks: 0,
    viewToggles: 0,
    arrivedToggles: 0,
    lateToggles: 0,
    emptyToggles: 0,
    carsAdded: 0,
    carsRemoved: 0,
    carLocationChanges: 0,
    csvImports: 0,
    csvExports: 0,
    shiftsReset: 0,
    carSelections: 0
  },
  currentShift: null
}
[PackageCarTracker] Render. StatusFilter: all, LocationFilter: all
Filtering cars. Filter: all, Total cars: 5

stderr | src/PackageCarTracker.test.jsx > Board view > applies snap scrolling and sticky headers for handheld ergonomics
seedFleet called with 5 cars
localStorage after seed: {"trackerVersion":2,"cars":[{"id":"111111","location":"Yard","arrived":false,"late":false,"empty":false},{"id":"222222","location":"200","arrived":true,"late":false,"empty":false},{"id":"333333","location":"300","arrived":true,"late":false,"empty":true},{"id":"444444","location":"Shop","arrived":false,"late":true,"empty":false},{"id":"555555","location":"500","arrived":true,"late":false,"empty":false}],"usage":{"filterClicks":0,"locationClicks":0,"viewToggles":0,"arrivedToggles":0,"lateToggles":0,"emptyToggles":0,"carsAdded":0,"carsRemoved":0,"carLocationChanges":0,"csvImports":0,"csvExports":0,"shiftsReset":0,"carSelections":0},"currentShift":null}

stdout | src/PackageCarTracker.test.jsx > Data Management > migrates v1 data to v2 format
PackageCarTracker initialData: {
  trackerVersion: 2,
  cars: [
    {
      id: '111111',
      location: 'Yard',
      arrived: false,
      late: false,
      empty: false
    }
  ],
  usage: {
    filterClicks: 0,
    locationClicks: 0,
    viewToggles: 0,
    arrivedToggles: 0,
    lateToggles: 0,
    emptyToggles: 0,
    carsAdded: 0,
    carsRemoved: 0,
    carLocationChanges: 0,
    csvImports: 0,
    csvExports: 0,
    shiftsReset: 0,
    carSelections: 0
  },
  currentShift: null
}
[PackageCarTracker] Render. StatusFilter: all, LocationFilter: all
Filtering cars. Filter: all, Total cars: 1
PackageCarTracker initialData: {
  trackerVersion: 2,
  cars: [
    {
      id: '111111',
      location: 'Yard',
      arrived: false,
      late: false,
      empty: false
    }
  ],
  usage: {
    filterClicks: 0,
    locationClicks: 0,
    viewToggles: 0,
    arrivedToggles: 0,
    lateToggles: 0,
    emptyToggles: 0,
    carsAdded: 0,
    carsRemoved: 0,
    carLocationChanges: 0,
    csvImports: 0,
    csvExports: 0,
    shiftsReset: 0,
    carSelections: 0
  },
  currentShift: null
}
[PackageCarTracker] Render. StatusFilter: all, LocationFilter: all
Filtering cars. Filter: all, Total cars: 1

stdout | src/PackageCarTracker.test.jsx > Data Management > tracks usage stats
PackageCarTracker initialData: {
  trackerVersion: 2,
  cars: [
    {
      id: '111111',
      location: 'Yard',
      arrived: false,
      late: false,
      empty: false
    },
    {
      id: '222222',
      location: '200',
      arrived: true,
      late: false,
      empty: false
    },
    {
      id: '333333',
      location: '300',
      arrived: true,
      late: false,
      empty: true
    },
    {
      id: '444444',
      location: 'Shop',
      arrived: false,
      late: true,
      empty: false
    },
    {
      id: '555555',
      location: '500',
      arrived: true,
      late: false,
      empty: false
    }
  ],
  usage: {
    filterClicks: 0,
    locationClicks: 0,
    viewToggles: 0,
    arrivedToggles: 0,
    lateToggles: 0,
    emptyToggles: 0,
    carsAdded: 0,
    carsRemoved: 0,
    carLocationChanges: 0,
    csvImports: 0,
    csvExports: 0,
    shiftsReset: 0,
    carSelections: 0
  },
  currentShift: null
}
[PackageCarTracker] Render. StatusFilter: all, LocationFilter: all
Filtering cars. Filter: all, Total cars: 5
PackageCarTracker initialData: {
  trackerVersion: 2,
  cars: [
    {
      id: '111111',
      location: 'Yard',
      arrived: false,
      late: false,
      empty: false
    },
    {
      id: '222222',
      location: '200',
      arrived: true,
      late: false,
      empty: false
    },
    {
      id: '333333',
      location: '300',
      arrived: true,
      late: false,
      empty: true
    },
    {
      id: '444444',
      location: 'Shop',
      arrived: false,
      late: true,
      empty: false
    },
    {
      id: '555555',
      location: '500',
      arrived: true,
      late: false,
      empty: false
    }
  ],
  usage: {
    filterClicks: 0,
    locationClicks: 0,
    viewToggles: 0,
    arrivedToggles: 0,
    lateToggles: 0,
    emptyToggles: 0,
    carsAdded: 0,
    carsRemoved: 0,
    carLocationChanges: 0,
    csvImports: 0,
    csvExports: 0,
    shiftsReset: 0,
    carSelections: 0
  },
  currentShift: null
}
[PackageCarTracker] Render. StatusFilter: all, LocationFilter: all
Filtering cars. Filter: all, Total cars: 5

stderr | src/PackageCarTracker.test.jsx > Data Management > tracks usage stats
seedFleet called with 5 cars
localStorage after seed: {"trackerVersion":2,"cars":[{"id":"111111","location":"Yard","arrived":false,"late":false,"empty":false},{"id":"222222","location":"200","arrived":true,"late":false,"empty":false},{"id":"333333","location":"300","arrived":true,"late":false,"empty":true},{"id":"444444","location":"Shop","arrived":false,"late":true,"empty":false},{"id":"555555","location":"500","arrived":true,"late":false,"empty":false}],"usage":{"filterClicks":0,"locationClicks":0,"viewToggles":0,"arrivedToggles":0,"lateToggles":0,"emptyToggles":0,"carsAdded":0,"carsRemoved":0,"carLocationChanges":0,"csvImports":0,"csvExports":0,"shiftsReset":0,"carSelections":0},"currentShift":null}

stdout | src/PackageCarTracker.test.jsx > Data Management > falls back to defaults when stored JSON is malformed
PackageCarTracker initialData: {
  trackerVersion: 2,
  cars: [],
  usage: {
    filterClicks: 0,
    locationClicks: 0,
    viewToggles: 0,
    arrivedToggles: 0,
    lateToggles: 0,
    emptyToggles: 0,
    carsAdded: 0,
    carsRemoved: 0,
    carLocationChanges: 0,
    csvImports: 0,
    csvExports: 0,
    shiftsReset: 0,
    carSelections: 0
  },
  currentShift: null
}
[PackageCarTracker] Render. StatusFilter: all, LocationFilter: all
Filtering cars. Filter: all, Total cars: 0
PackageCarTracker initialData: {
  trackerVersion: 2,
  cars: [],
  usage: {
    filterClicks: 0,
    locationClicks: 0,
    viewToggles: 0,
    arrivedToggles: 0,
    lateToggles: 0,
    emptyToggles: 0,
    carsAdded: 0,
    carsRemoved: 0,
    carLocationChanges: 0,
    csvImports: 0,
    csvExports: 0,
    shiftsReset: 0,
    carSelections: 0
  },
  currentShift: null
}
[PackageCarTracker] Render. StatusFilter: all, LocationFilter: all
Filtering cars. Filter: all, Total cars: 0

stderr | src/PackageCarTracker.test.jsx > Data Management > falls back to defaults when stored JSON is malformed
loadState: JSON parse error, clearing storage entry

stdout | src/PackageCarTracker.test.jsx > Fleet management tools > only shows fleet manager tools when manage mode is enabled
PackageCarTracker initialData: {
  trackerVersion: 2,
  cars: [
    {
      id: '111111',
      location: 'Yard',
      arrived: false,
      late: false,
      empty: false
    },
    {
      id: '222222',
      location: '200',
      arrived: true,
      late: false,
      empty: false
    },
    {
      id: '333333',
      location: '300',
      arrived: true,
      late: false,
      empty: true
    },
    {
      id: '444444',
      location: 'Shop',
      arrived: false,
      late: true,
      empty: false
    },
    {
      id: '555555',
      location: '500',
      arrived: true,
      late: false,
      empty: false
    }
  ],
  usage: {
    filterClicks: 0,
    locationClicks: 0,
    viewToggles: 0,
    arrivedToggles: 0,
    lateToggles: 0,
    emptyToggles: 0,
    carsAdded: 0,
    carsRemoved: 0,
    carLocationChanges: 0,
    csvImports: 0,
    csvExports: 0,
    shiftsReset: 0,
    carSelections: 0
  },
  currentShift: null
}
[PackageCarTracker] Render. StatusFilter: all, LocationFilter: all
Filtering cars. Filter: all, Total cars: 5
PackageCarTracker initialData: {
  trackerVersion: 2,
  cars: [
    {
      id: '111111',
      location: 'Yard',
      arrived: false,
      late: false,
      empty: false
    },
    {
      id: '222222',
      location: '200',
      arrived: true,
      late: false,
      empty: false
    },
    {
      id: '333333',
      location: '300',
      arrived: true,
      late: false,
      empty: true
    },
    {
      id: '444444',
      location: 'Shop',
      arrived: false,
      late: true,
      empty: false
    },
    {
      id: '555555',
      location: '500',
      arrived: true,
      late: false,
      empty: false
    }
  ],
  usage: {
    filterClicks: 0,
    locationClicks: 0,
    viewToggles: 0,
    arrivedToggles: 0,
    lateToggles: 0,
    emptyToggles: 0,
    carsAdded: 0,
    carsRemoved: 0,
    carLocationChanges: 0,
    csvImports: 0,
    csvExports: 0,
    shiftsReset: 0,
    carSelections: 0
  },
  currentShift: null
}
[PackageCarTracker] Render. StatusFilter: all, LocationFilter: all
Filtering cars. Filter: all, Total cars: 5

stderr | src/PackageCarTracker.test.jsx > Fleet management tools > only shows fleet manager tools when manage mode is enabled
seedFleet called with 5 cars
localStorage after seed: {"trackerVersion":2,"cars":[{"id":"111111","location":"Yard","arrived":false,"late":false,"empty":false},{"id":"222222","location":"200","arrived":true,"late":false,"empty":false},{"id":"333333","location":"300","arrived":true,"late":false,"empty":true},{"id":"444444","location":"Shop","arrived":false,"late":true,"empty":false},{"id":"555555","location":"500","arrived":true,"late":false,"empty":false}],"usage":{"filterClicks":0,"locationClicks":0,"viewToggles":0,"arrivedToggles":0,"lateToggles":0,"emptyToggles":0,"carsAdded":0,"carsRemoved":0,"carLocationChanges":0,"csvImports":0,"csvExports":0,"shiftsReset":0,"carSelections":0},"currentShift":null}

stdout | src/PackageCarTracker.test.jsx > Fleet management tools > opens the fleet manager modal with roster controls
PackageCarTracker initialData: {
  trackerVersion: 2,
  cars: [
    {
      id: '111111',
      location: 'Yard',
      arrived: false,
      late: false,
      empty: false
    },
    {
      id: '222222',
      location: '200',
      arrived: true,
      late: false,
      empty: false
    },
    {
      id: '333333',
      location: '300',
      arrived: true,
      late: false,
      empty: true
    },
    {
      id: '444444',
      location: 'Shop',
      arrived: false,
      late: true,
      empty: false
    },
    {
      id: '555555',
      location: '500',
      arrived: true,
      late: false,
      empty: false
    }
  ],
  usage: {
    filterClicks: 0,
    locationClicks: 0,
    viewToggles: 0,
    arrivedToggles: 0,
    lateToggles: 0,
    emptyToggles: 0,
    carsAdded: 0,
    carsRemoved: 0,
    carLocationChanges: 0,
    csvImports: 0,
    csvExports: 0,
    shiftsReset: 0,
    carSelections: 0
  },
  currentShift: null
}
[PackageCarTracker] Render. StatusFilter: all, LocationFilter: all
Filtering cars. Filter: all, Total cars: 5
PackageCarTracker initialData: {
  trackerVersion: 2,
  cars: [
    {
      id: '111111',
      location: 'Yard',
      arrived: false,
      late: false,
      empty: false
    },
    {
      id: '222222',
      location: '200',
      arrived: true,
      late: false,
      empty: false
    },
    {
      id: '333333',
      location: '300',
      arrived: true,
      late: false,
      empty: true
    },
    {
      id: '444444',
      location: 'Shop',
      arrived: false,
      late: true,
      empty: false
    },
    {
      id: '555555',
      location: '500',
      arrived: true,
      late: false,
      empty: false
    }
  ],
  usage: {
    filterClicks: 0,
    locationClicks: 0,
    viewToggles: 0,
    arrivedToggles: 0,
    lateToggles: 0,
    emptyToggles: 0,
    carsAdded: 0,
    carsRemoved: 0,
    carLocationChanges: 0,
    csvImports: 0,
    csvExports: 0,
    shiftsReset: 0,
    carSelections: 0
  },
  currentShift: null
}
[PackageCarTracker] Render. StatusFilter: all, LocationFilter: all
Filtering cars. Filter: all, Total cars: 5

stderr | src/PackageCarTracker.test.jsx > Fleet management tools > opens the fleet manager modal with roster controls
seedFleet called with 5 cars
localStorage after seed: {"trackerVersion":2,"cars":[{"id":"111111","location":"Yard","arrived":false,"late":false,"empty":false},{"id":"222222","location":"200","arrived":true,"late":false,"empty":false},{"id":"333333","location":"300","arrived":true,"late":false,"empty":true},{"id":"444444","location":"Shop","arrived":false,"late":true,"empty":false},{"id":"555555","location":"500","arrived":true,"late":false,"empty":false}],"usage":{"filterClicks":0,"locationClicks":0,"viewToggles":0,"arrivedToggles":0,"lateToggles":0,"emptyToggles":0,"carsAdded":0,"carsRemoved":0,"carLocationChanges":0,"csvImports":0,"csvExports":0,"shiftsReset":0,"carSelections":0},"currentShift":null}

stdout | src/PackageCarTracker.test.jsx > Fleet management tools > imports fleet IDs from CSV
PackageCarTracker initialData: {
  trackerVersion: 2,
  cars: [
    {
      id: '111111',
      location: 'Yard',
      arrived: false,
      late: false,
      empty: false
    },
    {
      id: '222222',
      location: '200',
      arrived: true,
      late: false,
      empty: false
    },
    {
      id: '333333',
      location: '300',
      arrived: true,
      late: false,
      empty: true
    },
    {
      id: '444444',
      location: 'Shop',
      arrived: false,
      late: true,
      empty: false
    },
    {
      id: '555555',
      location: '500',
      arrived: true,
      late: false,
      empty: false
    }
  ],
  usage: {
    filterClicks: 0,
    locationClicks: 0,
    viewToggles: 0,
    arrivedToggles: 0,
    lateToggles: 0,
    emptyToggles: 0,
    carsAdded: 0,
    carsRemoved: 0,
    carLocationChanges: 0,
    csvImports: 0,
    csvExports: 0,
    shiftsReset: 0,
    carSelections: 0
  },
  currentShift: null
}
[PackageCarTracker] Render. StatusFilter: all, LocationFilter: all
Filtering cars. Filter: all, Total cars: 5
PackageCarTracker initialData: {
  trackerVersion: 2,
  cars: [
    {
      id: '111111',
      location: 'Yard',
      arrived: false,
      late: false,
      empty: false
    },
    {
      id: '222222',
      location: '200',
      arrived: true,
      late: false,
      empty: false
    },
    {
      id: '333333',
      location: '300',
      arrived: true,
      late: false,
      empty: true
    },
    {
      id: '444444',
      location: 'Shop',
      arrived: false,
      late: true,
      empty: false
    },
    {
      id: '555555',
      location: '500',
      arrived: true,
      late: false,
      empty: false
    }
  ],
  usage: {
    filterClicks: 0,
    locationClicks: 0,
    viewToggles: 0,
    arrivedToggles: 0,
    lateToggles: 0,
    emptyToggles: 0,
    carsAdded: 0,
    carsRemoved: 0,
    carLocationChanges: 0,
    csvImports: 0,
    csvExports: 0,
    shiftsReset: 0,
    carSelections: 0
  },
  currentShift: null
}
[PackageCarTracker] Render. StatusFilter: all, LocationFilter: all
Filtering cars. Filter: all, Total cars: 5

stderr | src/PackageCarTracker.test.jsx > Fleet management tools > imports fleet IDs from CSV
seedFleet called with 5 cars
localStorage after seed: {"trackerVersion":2,"cars":[{"id":"111111","location":"Yard","arrived":false,"late":false,"empty":false},{"id":"222222","location":"200","arrived":true,"late":false,"empty":false},{"id":"333333","location":"300","arrived":true,"late":false,"empty":true},{"id":"444444","location":"Shop","arrived":false,"late":true,"empty":false},{"id":"555555","location":"500","arrived":true,"late":false,"empty":false}],"usage":{"filterClicks":0,"locationClicks":0,"viewToggles":0,"arrivedToggles":0,"lateToggles":0,"emptyToggles":0,"carsAdded":0,"carsRemoved":0,"carLocationChanges":0,"csvImports":0,"csvExports":0,"shiftsReset":0,"carSelections":0},"currentShift":null}

stdout | src/PackageCarTracker.test.jsx > Fleet management tools > alerts when a CSV only contains existing IDs
PackageCarTracker initialData: {
  trackerVersion: 2,
  cars: [
    {
      id: '111111',
      location: 'Yard',
      arrived: false,
      late: false,
      empty: false
    },
    {
      id: '222222',
      location: '200',
      arrived: true,
      late: false,
      empty: false
    },
    {
      id: '333333',
      location: '300',
      arrived: true,
      late: false,
      empty: true
    },
    {
      id: '444444',
      location: 'Shop',
      arrived: false,
      late: true,
      empty: false
    },
    {
      id: '555555',
      location: '500',
      arrived: true,
      late: false,
      empty: false
    }
  ],
  usage: {
    filterClicks: 0,
    locationClicks: 0,
    viewToggles: 0,
    arrivedToggles: 0,
    lateToggles: 0,
    emptyToggles: 0,
    carsAdded: 0,
    carsRemoved: 0,
    carLocationChanges: 0,
    csvImports: 0,
    csvExports: 0,
    shiftsReset: 0,
    carSelections: 0
  },
  currentShift: null
}
[PackageCarTracker] Render. StatusFilter: all, LocationFilter: all
Filtering cars. Filter: all, Total cars: 5
PackageCarTracker initialData: {
  trackerVersion: 2,
  cars: [
    {
      id: '111111',
      location: 'Yard',
      arrived: false,
      late: false,
      empty: false
    },
    {
      id: '222222',
      location: '200',
      arrived: true,
      late: false,
      empty: false
    },
    {
      id: '333333',
      location: '300',
      arrived: true,
      late: false,
      empty: true
    },
    {
      id: '444444',
      location: 'Shop',
      arrived: false,
      late: true,
      empty: false
    },
    {
      id: '555555',
      location: '500',
      arrived: true,
      late: false,
      empty: false
    }
  ],
  usage: {
    filterClicks: 0,
    locationClicks: 0,
    viewToggles: 0,
    arrivedToggles: 0,
    lateToggles: 0,
    emptyToggles: 0,
    carsAdded: 0,
    carsRemoved: 0,
    carLocationChanges: 0,
    csvImports: 0,
    csvExports: 0,
    shiftsReset: 0,
    carSelections: 0
  },
  currentShift: null
}
[PackageCarTracker] Render. StatusFilter: all, LocationFilter: all
Filtering cars. Filter: all, Total cars: 5

stderr | src/PackageCarTracker.test.jsx > Fleet management tools > alerts when a CSV only contains existing IDs
seedFleet called with 5 cars
localStorage after seed: {"trackerVersion":2,"cars":[{"id":"111111","location":"Yard","arrived":false,"late":false,"empty":false},{"id":"222222","location":"200","arrived":true,"late":false,"empty":false},{"id":"333333","location":"300","arrived":true,"late":false,"empty":true},{"id":"444444","location":"Shop","arrived":false,"late":true,"empty":false},{"id":"555555","location":"500","arrived":true,"late":false,"empty":false}],"usage":{"filterClicks":0,"locationClicks":0,"viewToggles":0,"arrivedToggles":0,"lateToggles":0,"emptyToggles":0,"carsAdded":0,"carsRemoved":0,"carLocationChanges":0,"csvImports":0,"csvExports":0,"shiftsReset":0,"carSelections":0},"currentShift":null}

stdout | src/PackageCarTracker.test.jsx > Fleet management tools > exports the current fleet roster to CSV
PackageCarTracker initialData: {
  trackerVersion: 2,
  cars: [
    {
      id: '111111',
      location: 'Yard',
      arrived: false,
      late: false,
      empty: false
    },
    {
      id: '222222',
      location: '200',
      arrived: true,
      late: false,
      empty: false
    },
    {
      id: '333333',
      location: '300',
      arrived: true,
      late: false,
      empty: true
    },
    {
      id: '444444',
      location: 'Shop',
      arrived: false,
      late: true,
      empty: false
    },
    {
      id: '555555',
      location: '500',
      arrived: true,
      late: false,
      empty: false
    }
  ],
  usage: {
    filterClicks: 0,
    locationClicks: 0,
    viewToggles: 0,
    arrivedToggles: 0,
    lateToggles: 0,
    emptyToggles: 0,
    carsAdded: 0,
    carsRemoved: 0,
    carLocationChanges: 0,
    csvImports: 0,
    csvExports: 0,
    shiftsReset: 0,
    carSelections: 0
  },
  currentShift: null
}
[PackageCarTracker] Render. StatusFilter: all, LocationFilter: all
Filtering cars. Filter: all, Total cars: 5
PackageCarTracker initialData: {
  trackerVersion: 2,
  cars: [
    {
      id: '111111',
      location: 'Yard',
      arrived: false,
      late: false,
      empty: false
    },
    {
      id: '222222',
      location: '200',
      arrived: true,
      late: false,
      empty: false
    },
    {
      id: '333333',
      location: '300',
      arrived: true,
      late: false,
      empty: true
    },
    {
      id: '444444',
      location: 'Shop',
      arrived: false,
      late: true,
      empty: false
    },
    {
      id: '555555',
      location: '500',
      arrived: true,
      late: false,
      empty: false
    }
  ],
  usage: {
    filterClicks: 0,
    locationClicks: 0,
    viewToggles: 0,
    arrivedToggles: 0,
    lateToggles: 0,
    emptyToggles: 0,
    carsAdded: 0,
    carsRemoved: 0,
    carLocationChanges: 0,
    csvImports: 0,
    csvExports: 0,
    shiftsReset: 0,
    carSelections: 0
  },
  currentShift: null
}
[PackageCarTracker] Render. StatusFilter: all, LocationFilter: all
Filtering cars. Filter: all, Total cars: 5

stderr | src/PackageCarTracker.test.jsx > Fleet management tools > exports the current fleet roster to CSV
seedFleet called with 5 cars
localStorage after seed: {"trackerVersion":2,"cars":[{"id":"111111","location":"Yard","arrived":false,"late":false,"empty":false},{"id":"222222","location":"200","arrived":true,"late":false,"empty":false},{"id":"333333","location":"300","arrived":true,"late":false,"empty":true},{"id":"444444","location":"Shop","arrived":false,"late":true,"empty":false},{"id":"555555","location":"500","arrived":true,"late":false,"empty":false}],"usage":{"filterClicks":0,"locationClicks":0,"viewToggles":0,"arrivedToggles":0,"lateToggles":0,"emptyToggles":0,"carsAdded":0,"carsRemoved":0,"carLocationChanges":0,"csvImports":0,"csvExports":0,"shiftsReset":0,"carSelections":0},"currentShift":null}

stdout | src/PackageCarTracker.test.jsx > Fleet management tools > resets fleet statuses when starting a new shift
PackageCarTracker initialData: {
  trackerVersion: 2,
  cars: [
    {
      id: '111111',
      location: 'Yard',
      arrived: false,
      late: false,
      empty: false
    },
    {
      id: '222222',
      location: '200',
      arrived: true,
      late: false,
      empty: false
    },
    {
      id: '333333',
      location: '300',
      arrived: true,
      late: false,
      empty: true
    },
    {
      id: '444444',
      location: 'Shop',
      arrived: false,
      late: true,
      empty: false
    },
    {
      id: '555555',
      location: '500',
      arrived: true,
      late: false,
      empty: false
    }
  ],
  usage: {
    filterClicks: 0,
    locationClicks: 0,
    viewToggles: 0,
    arrivedToggles: 0,
    lateToggles: 0,
    emptyToggles: 0,
    carsAdded: 0,
    carsRemoved: 0,
    carLocationChanges: 0,
    csvImports: 0,
    csvExports: 0,
    shiftsReset: 0,
    carSelections: 0
  },
  currentShift: null
}
[PackageCarTracker] Render. StatusFilter: all, LocationFilter: all
Filtering cars. Filter: all, Total cars: 5
PackageCarTracker initialData: {
  trackerVersion: 2,
  cars: [
    {
      id: '111111',
      location: 'Yard',
      arrived: false,
      late: false,
      empty: false
    },
    {
      id: '222222',
      location: '200',
      arrived: true,
      late: false,
      empty: false
    },
    {
      id: '333333',
      location: '300',
      arrived: true,
      late: false,
      empty: true
    },
    {
      id: '444444',
      location: 'Shop',
      arrived: false,
      late: true,
      empty: false
    },
    {
      id: '555555',
      location: '500',
      arrived: true,
      late: false,
      empty: false
    }
  ],
  usage: {
    filterClicks: 0,
    locationClicks: 0,
    viewToggles: 0,
    arrivedToggles: 0,
    lateToggles: 0,
    emptyToggles: 0,
    carsAdded: 0,
    carsRemoved: 0,
    carLocationChanges: 0,
    csvImports: 0,
    csvExports: 0,
    shiftsReset: 0,
    carSelections: 0
  },
  currentShift: null
}
[PackageCarTracker] Render. StatusFilter: all, LocationFilter: all
Filtering cars. Filter: all, Total cars: 5

stderr | src/PackageCarTracker.test.jsx > Fleet management tools > resets fleet statuses when starting a new shift
seedFleet called with 5 cars
localStorage after seed: {"trackerVersion":2,"cars":[{"id":"111111","location":"Yard","arrived":false,"late":false,"empty":false},{"id":"222222","location":"200","arrived":true,"late":false,"empty":false},{"id":"333333","location":"300","arrived":true,"late":false,"empty":true},{"id":"444444","location":"Shop","arrived":false,"late":true,"empty":false},{"id":"555555","location":"500","arrived":true,"late":false,"empty":false}],"usage":{"filterClicks":0,"locationClicks":0,"viewToggles":0,"arrivedToggles":0,"lateToggles":0,"emptyToggles":0,"carsAdded":0,"carsRemoved":0,"carLocationChanges":0,"csvImports":0,"csvExports":0,"shiftsReset":0,"carSelections":0},"currentShift":null}

stdout | src/PackageCarTracker.test.jsx > Schema integration > creates cars with proper schema defaults when adding manually
PackageCarTracker initialData: {
  trackerVersion: 2,
  cars: [],
  usage: {
    filterClicks: 0,
    locationClicks: 0,
    viewToggles: 0,
    arrivedToggles: 0,
    lateToggles: 0,
    emptyToggles: 0,
    carsAdded: 0,
    carsRemoved: 0,
    carLocationChanges: 0,
    csvImports: 0,
    csvExports: 0,
    shiftsReset: 0,
    carSelections: 0
  },
  currentShift: null
}
[PackageCarTracker] Render. StatusFilter: all, LocationFilter: all
Filtering cars. Filter: all, Total cars: 0
PackageCarTracker initialData: {
  trackerVersion: 2,
  cars: [],
  usage: {
    filterClicks: 0,
    locationClicks: 0,
    viewToggles: 0,
    arrivedToggles: 0,
    lateToggles: 0,
    emptyToggles: 0,
    carsAdded: 0,
    carsRemoved: 0,
    carLocationChanges: 0,
    csvImports: 0,
    csvExports: 0,
    shiftsReset: 0,
    carSelections: 0
  },
  currentShift: null
}
[PackageCarTracker] Render. StatusFilter: all, LocationFilter: all
Filtering cars. Filter: all, Total cars: 0

stderr | src/PackageCarTracker.test.jsx > Schema integration > creates cars with proper schema defaults when adding manually
seedFleet called with 0 cars
localStorage after seed: {"trackerVersion":2,"cars":[],"usage":{"filterClicks":0,"locationClicks":0,"viewToggles":0,"arrivedToggles":0,"lateToggles":0,"emptyToggles":0,"carsAdded":0,"carsRemoved":0,"carLocationChanges":0,"csvImports":0,"csvExports":0,"shiftsReset":0,"carSelections":0},"currentShift":null}

stdout | src/PackageCarTracker.test.jsx > Schema integration > updates car location using schema helpers
PackageCarTracker initialData: {
  trackerVersion: 2,
  cars: [
    {
      id: '123456',
      location: 'Yard',
      arrived: false,
      late: false,
      empty: false
    }
  ],
  usage: {
    filterClicks: 0,
    locationClicks: 0,
    viewToggles: 0,
    arrivedToggles: 0,
    lateToggles: 0,
    emptyToggles: 0,
    carsAdded: 0,
    carsRemoved: 0,
    carLocationChanges: 0,
    csvImports: 0,
    csvExports: 0,
    shiftsReset: 0,
    carSelections: 0
  },
  currentShift: null
}
[PackageCarTracker] Render. StatusFilter: all, LocationFilter: all
Filtering cars. Filter: all, Total cars: 1
PackageCarTracker initialData: {
  trackerVersion: 2,
  cars: [
    {
      id: '123456',
      location: 'Yard',
      arrived: false,
      late: false,
      empty: false
    }
  ],
  usage: {
    filterClicks: 0,
    locationClicks: 0,
    viewToggles: 0,
    arrivedToggles: 0,
    lateToggles: 0,
    emptyToggles: 0,
    carsAdded: 0,
    carsRemoved: 0,
    carLocationChanges: 0,
    csvImports: 0,
    csvExports: 0,
    shiftsReset: 0,
    carSelections: 0
  },
  currentShift: null
}
[PackageCarTracker] Render. StatusFilter: all, LocationFilter: all
Filtering cars. Filter: all, Total cars: 1

stderr | src/PackageCarTracker.test.jsx > Schema integration > updates car location using schema helpers
seedFleet called with 1 cars
localStorage after seed: {"trackerVersion":2,"cars":[{"id":"123456","location":"Yard","arrived":false,"late":false,"empty":false}],"usage":{"filterClicks":0,"locationClicks":0,"viewToggles":0,"arrivedToggles":0,"lateToggles":0,"emptyToggles":0,"carsAdded":0,"carsRemoved":0,"carLocationChanges":0,"csvImports":0,"csvExports":0,"shiftsReset":0,"carSelections":0},"currentShift":null}

stdout | src/PackageCarTracker.test.jsx > Schema integration > preserves car data when toggling status fields
PackageCarTracker initialData: {
  trackerVersion: 2,
  cars: [
    {
      id: '123456',
      location: 'Shop',
      arrived: false,
      late: false,
      empty: false
    }
  ],
  usage: {
    filterClicks: 0,
    locationClicks: 0,
    viewToggles: 0,
    arrivedToggles: 0,
    lateToggles: 0,
    emptyToggles: 0,
    carsAdded: 0,
    carsRemoved: 0,
    carLocationChanges: 0,
    csvImports: 0,
    csvExports: 0,
    shiftsReset: 0,
    carSelections: 0
  },
  currentShift: null
}
[PackageCarTracker] Render. StatusFilter: all, LocationFilter: all
Filtering cars. Filter: all, Total cars: 1
PackageCarTracker initialData: {
  trackerVersion: 2,
  cars: [
    {
      id: '123456',
      location: 'Shop',
      arrived: false,
      late: false,
      empty: false
    }
  ],
  usage: {
    filterClicks: 0,
    locationClicks: 0,
    viewToggles: 0,
    arrivedToggles: 0,
    lateToggles: 0,
    emptyToggles: 0,
    carsAdded: 0,
    carsRemoved: 0,
    carLocationChanges: 0,
    csvImports: 0,
    csvExports: 0,
    shiftsReset: 0,
    carSelections: 0
  },
  currentShift: null
}
[PackageCarTracker] Render. StatusFilter: all, LocationFilter: all
Filtering cars. Filter: all, Total cars: 1

stderr | src/PackageCarTracker.test.jsx > Schema integration > preserves car data when toggling status fields
seedFleet called with 1 cars
localStorage after seed: {"trackerVersion":2,"cars":[{"id":"123456","location":"Shop","arrived":false,"late":false,"empty":false}],"usage":{"filterClicks":0,"locationClicks":0,"viewToggles":0,"arrivedToggles":0,"lateToggles":0,"emptyToggles":0,"carsAdded":0,"carsRemoved":0,"carLocationChanges":0,"csvImports":0,"csvExports":0,"shiftsReset":0,"carSelections":0},"currentShift":null}

stdout | src/PackageCarTracker.test.jsx > Schema integration > validates all fields are present after reset shift
PackageCarTracker initialData: {
  trackerVersion: 2,
  cars: [
    {
      id: '111111',
      location: 'Shop',
      arrived: true,
      late: true,
      empty: true
    },
    {
      id: '222222',
      location: '200',
      arrived: true,
      late: false,
      empty: true
    }
  ],
  usage: {
    filterClicks: 0,
    locationClicks: 0,
    viewToggles: 0,
    arrivedToggles: 0,
    lateToggles: 0,
    emptyToggles: 0,
    carsAdded: 0,
    carsRemoved: 0,
    carLocationChanges: 0,
    csvImports: 0,
    csvExports: 0,
    shiftsReset: 0,
    carSelections: 0
  },
  currentShift: null
}
[PackageCarTracker] Render. StatusFilter: all, LocationFilter: all
Filtering cars. Filter: all, Total cars: 2
PackageCarTracker initialData: {
  trackerVersion: 2,
  cars: [
    {
      id: '111111',
      location: 'Shop',
      arrived: true,
      late: true,
      empty: true
    },
    {
      id: '222222',
      location: '200',
      arrived: true,
      late: false,
      empty: true
    }
  ],
  usage: {
    filterClicks: 0,
    locationClicks: 0,
    viewToggles: 0,
    arrivedToggles: 0,
    lateToggles: 0,
    emptyToggles: 0,
    carsAdded: 0,
    carsRemoved: 0,
    carLocationChanges: 0,
    csvImports: 0,
    csvExports: 0,
    shiftsReset: 0,
    carSelections: 0
  },
  currentShift: null
}
[PackageCarTracker] Render. StatusFilter: all, LocationFilter: all
Filtering cars. Filter: all, Total cars: 2

stderr | src/PackageCarTracker.test.jsx > Schema integration > validates all fields are present after reset shift
seedFleet called with 2 cars
localStorage after seed: {"trackerVersion":2,"cars":[{"id":"111111","location":"Shop","arrived":true,"late":true,"empty":true},{"id":"222222","location":"200","arrived":true,"late":false,"empty":true}],"usage":{"filterClicks":0,"locationClicks":0,"viewToggles":0,"arrivedToggles":0,"lateToggles":0,"emptyToggles":0,"carsAdded":0,"carsRemoved":0,"carLocationChanges":0,"csvImports":0,"csvExports":0,"shiftsReset":0,"carSelections":0},"currentShift":null}

stdout | src/PackageCarTracker.test.jsx > Schema integration > does not add unknown fields to cars
PackageCarTracker initialData: {
  trackerVersion: 2,
  cars: [],
  usage: {
    filterClicks: 0,
    locationClicks: 0,
    viewToggles: 0,
    arrivedToggles: 0,
    lateToggles: 0,
    emptyToggles: 0,
    carsAdded: 0,
    carsRemoved: 0,
    carLocationChanges: 0,
    csvImports: 0,
    csvExports: 0,
    shiftsReset: 0,
    carSelections: 0
  },
  currentShift: null
}
[PackageCarTracker] Render. StatusFilter: all, LocationFilter: all
Filtering cars. Filter: all, Total cars: 0
PackageCarTracker initialData: {
  trackerVersion: 2,
  cars: [],
  usage: {
    filterClicks: 0,
    locationClicks: 0,
    viewToggles: 0,
    arrivedToggles: 0,
    lateToggles: 0,
    emptyToggles: 0,
    carsAdded: 0,
    carsRemoved: 0,
    carLocationChanges: 0,
    csvImports: 0,
    csvExports: 0,
    shiftsReset: 0,
    carSelections: 0
  },
  currentShift: null
}
[PackageCarTracker] Render. StatusFilter: all, LocationFilter: all
Filtering cars. Filter: all, Total cars: 0

stderr | src/PackageCarTracker.test.jsx > Schema integration > does not add unknown fields to cars
seedFleet called with 0 cars
localStorage after seed: {"trackerVersion":2,"cars":[],"usage":{"filterClicks":0,"locationClicks":0,"viewToggles":0,"arrivedToggles":0,"lateToggles":0,"emptyToggles":0,"carsAdded":0,"carsRemoved":0,"carLocationChanges":0,"csvImports":0,"csvExports":0,"shiftsReset":0,"carSelections":0},"currentShift":null}

stdout | src/PackageCarTracker.test.jsx > Usage tracking > should increment filterClicks when status filter is clicked
PackageCarTracker initialData: {
  trackerVersion: 2,
  cars: [
    {
      id: '111111',
      location: 'Yard',
      arrived: false,
      late: false,
      empty: false
    },
    {
      id: '222222',
      location: '200',
      arrived: true,
      late: false,
      empty: false
    },
    {
      id: '333333',
      location: '300',
      arrived: true,
      late: false,
      empty: true
    },
    {
      id: '444444',
      location: 'Shop',
      arrived: false,
      late: true,
      empty: false
    },
    {
      id: '555555',
      location: '500',
      arrived: true,
      late: false,
      empty: false
    }
  ],
  usage: {
    filterClicks: 0,
    locationClicks: 0,
    viewToggles: 0,
    arrivedToggles: 0,
    lateToggles: 0,
    emptyToggles: 0,
    carsAdded: 0,
    carsRemoved: 0,
    carLocationChanges: 0,
    csvImports: 0,
    csvExports: 0,
    shiftsReset: 0,
    carSelections: 0
  },
  currentShift: null
}
[PackageCarTracker] Render. StatusFilter: all, LocationFilter: all
Filtering cars. Filter: all, Total cars: 5
PackageCarTracker initialData: {
  trackerVersion: 2,
  cars: [
    {
      id: '111111',
      location: 'Yard',
      arrived: false,
      late: false,
      empty: false
    },
    {
      id: '222222',
      location: '200',
      arrived: true,
      late: false,
      empty: false
    },
    {
      id: '333333',
      location: '300',
      arrived: true,
      late: false,
      empty: true
    },
    {
      id: '444444',
      location: 'Shop',
      arrived: false,
      late: true,
      empty: false
    },
    {
      id: '555555',
      location: '500',
      arrived: true,
      late: false,
      empty: false
    }
  ],
  usage: {
    filterClicks: 0,
    locationClicks: 0,
    viewToggles: 0,
    arrivedToggles: 0,
    lateToggles: 0,
    emptyToggles: 0,
    carsAdded: 0,
    carsRemoved: 0,
    carLocationChanges: 0,
    csvImports: 0,
    csvExports: 0,
    shiftsReset: 0,
    carSelections: 0
  },
  currentShift: null
}
[PackageCarTracker] Render. StatusFilter: all, LocationFilter: all
Filtering cars. Filter: all, Total cars: 5

stderr | src/PackageCarTracker.test.jsx > Usage tracking > should increment filterClicks when status filter is clicked
seedFleet called with 5 cars
localStorage after seed: {"trackerVersion":2,"cars":[{"id":"111111","location":"Yard","arrived":false,"late":false,"empty":false},{"id":"222222","location":"200","arrived":true,"late":false,"empty":false},{"id":"333333","location":"300","arrived":true,"late":false,"empty":true},{"id":"444444","location":"Shop","arrived":false,"late":true,"empty":false},{"id":"555555","location":"500","arrived":true,"late":false,"empty":false}],"usage":{"filterClicks":0,"locationClicks":0,"viewToggles":0,"arrivedToggles":0,"lateToggles":0,"emptyToggles":0,"carsAdded":0,"carsRemoved":0,"carLocationChanges":0,"csvImports":0,"csvExports":0,"shiftsReset":0,"carSelections":0},"currentShift":null}

stdout | src/PackageCarTracker.test.jsx > Usage tracking > should increment locationClicks when location filter is clicked
PackageCarTracker initialData: {
  trackerVersion: 2,
  cars: [
    {
      id: '111111',
      location: 'Yard',
      arrived: false,
      late: false,
      empty: false
    },
    {
      id: '222222',
      location: '200',
      arrived: true,
      late: false,
      empty: false
    },
    {
      id: '333333',
      location: '300',
      arrived: true,
      late: false,
      empty: true
    },
    {
      id: '444444',
      location: 'Shop',
      arrived: false,
      late: true,
      empty: false
    },
    {
      id: '555555',
      location: '500',
      arrived: true,
      late: false,
      empty: false
    }
  ],
  usage: {
    filterClicks: 0,
    locationClicks: 0,
    viewToggles: 0,
    arrivedToggles: 0,
    lateToggles: 0,
    emptyToggles: 0,
    carsAdded: 0,
    carsRemoved: 0,
    carLocationChanges: 0,
    csvImports: 0,
    csvExports: 0,
    shiftsReset: 0,
    carSelections: 0
  },
  currentShift: null
}
[PackageCarTracker] Render. StatusFilter: all, LocationFilter: all
Filtering cars. Filter: all, Total cars: 5
PackageCarTracker initialData: {
  trackerVersion: 2,
  cars: [
    {
      id: '111111',
      location: 'Yard',
      arrived: false,
      late: false,
      empty: false
    },
    {
      id: '222222',
      location: '200',
      arrived: true,
      late: false,
      empty: false
    },
    {
      id: '333333',
      location: '300',
      arrived: true,
      late: false,
      empty: true
    },
    {
      id: '444444',
      location: 'Shop',
      arrived: false,
      late: true,
      empty: false
    },
    {
      id: '555555',
      location: '500',
      arrived: true,
      late: false,
      empty: false
    }
  ],
  usage: {
    filterClicks: 0,
    locationClicks: 0,
    viewToggles: 0,
    arrivedToggles: 0,
    lateToggles: 0,
    emptyToggles: 0,
    carsAdded: 0,
    carsRemoved: 0,
    carLocationChanges: 0,
    csvImports: 0,
    csvExports: 0,
    shiftsReset: 0,
    carSelections: 0
  },
  currentShift: null
}
[PackageCarTracker] Render. StatusFilter: all, LocationFilter: all
Filtering cars. Filter: all, Total cars: 5

stderr | src/PackageCarTracker.test.jsx > Usage tracking > should increment locationClicks when location filter is clicked
seedFleet called with 5 cars
localStorage after seed: {"trackerVersion":2,"cars":[{"id":"111111","location":"Yard","arrived":false,"late":false,"empty":false},{"id":"222222","location":"200","arrived":true,"late":false,"empty":false},{"id":"333333","location":"300","arrived":true,"late":false,"empty":true},{"id":"444444","location":"Shop","arrived":false,"late":true,"empty":false},{"id":"555555","location":"500","arrived":true,"late":false,"empty":false}],"usage":{"filterClicks":0,"locationClicks":0,"viewToggles":0,"arrivedToggles":0,"lateToggles":0,"emptyToggles":0,"carsAdded":0,"carsRemoved":0,"carLocationChanges":0,"csvImports":0,"csvExports":0,"shiftsReset":0,"carSelections":0},"currentShift":null}

stdout | src/PackageCarTracker.test.jsx > Usage tracking > should increment viewToggles when view mode is changed
PackageCarTracker initialData: {
  trackerVersion: 2,
  cars: [
    {
      id: '111111',
      location: 'Yard',
      arrived: false,
      late: false,
      empty: false
    },
    {
      id: '222222',
      location: '200',
      arrived: true,
      late: false,
      empty: false
    },
    {
      id: '333333',
      location: '300',
      arrived: true,
      late: false,
      empty: true
    },
    {
      id: '444444',
      location: 'Shop',
      arrived: false,
      late: true,
      empty: false
    },
    {
      id: '555555',
      location: '500',
      arrived: true,
      late: false,
      empty: false
    }
  ],
  usage: {
    filterClicks: 0,
    locationClicks: 0,
    viewToggles: 0,
    arrivedToggles: 0,
    lateToggles: 0,
    emptyToggles: 0,
    carsAdded: 0,
    carsRemoved: 0,
    carLocationChanges: 0,
    csvImports: 0,
    csvExports: 0,
    shiftsReset: 0,
    carSelections: 0
  },
  currentShift: null
}
[PackageCarTracker] Render. StatusFilter: all, LocationFilter: all
Filtering cars. Filter: all, Total cars: 5
PackageCarTracker initialData: {
  trackerVersion: 2,
  cars: [
    {
      id: '111111',
      location: 'Yard',
      arrived: false,
      late: false,
      empty: false
    },
    {
      id: '222222',
      location: '200',
      arrived: true,
      late: false,
      empty: false
    },
    {
      id: '333333',
      location: '300',
      arrived: true,
      late: false,
      empty: true
    },
    {
      id: '444444',
      location: 'Shop',
      arrived: false,
      late: true,
      empty: false
    },
    {
      id: '555555',
      location: '500',
      arrived: true,
      late: false,
      empty: false
    }
  ],
  usage: {
    filterClicks: 0,
    locationClicks: 0,
    viewToggles: 0,
    arrivedToggles: 0,
    lateToggles: 0,
    emptyToggles: 0,
    carsAdded: 0,
    carsRemoved: 0,
    carLocationChanges: 0,
    csvImports: 0,
    csvExports: 0,
    shiftsReset: 0,
    carSelections: 0
  },
  currentShift: null
}
[PackageCarTracker] Render. StatusFilter: all, LocationFilter: all
Filtering cars. Filter: all, Total cars: 5

stderr | src/PackageCarTracker.test.jsx > Usage tracking > should increment viewToggles when view mode is changed
seedFleet called with 5 cars
localStorage after seed: {"trackerVersion":2,"cars":[{"id":"111111","location":"Yard","arrived":false,"late":false,"empty":false},{"id":"222222","location":"200","arrived":true,"late":false,"empty":false},{"id":"333333","location":"300","arrived":true,"late":false,"empty":true},{"id":"444444","location":"Shop","arrived":false,"late":true,"empty":false},{"id":"555555","location":"500","arrived":true,"late":false,"empty":false}],"usage":{"filterClicks":0,"locationClicks":0,"viewToggles":0,"arrivedToggles":0,"lateToggles":0,"emptyToggles":0,"carsAdded":0,"carsRemoved":0,"carLocationChanges":0,"csvImports":0,"csvExports":0,"shiftsReset":0,"carSelections":0},"currentShift":null}

stdout | src/PackageCarTracker.test.jsx > Usage tracking > should increment arrivedToggles when arrived status is toggled
PackageCarTracker initialData: {
  trackerVersion: 2,
  cars: [
    {
      id: '111111',
      location: 'Yard',
      arrived: false,
      late: false,
      empty: false
    },
    {
      id: '222222',
      location: '200',
      arrived: true,
      late: false,
      empty: false
    },
    {
      id: '333333',
      location: '300',
      arrived: true,
      late: false,
      empty: true
    },
    {
      id: '444444',
      location: 'Shop',
      arrived: false,
      late: true,
      empty: false
    },
    {
      id: '555555',
      location: '500',
      arrived: true,
      late: false,
      empty: false
    }
  ],
  usage: {
    filterClicks: 0,
    locationClicks: 0,
    viewToggles: 0,
    arrivedToggles: 0,
    lateToggles: 0,
    emptyToggles: 0,
    carsAdded: 0,
    carsRemoved: 0,
    carLocationChanges: 0,
    csvImports: 0,
    csvExports: 0,
    shiftsReset: 0,
    carSelections: 0
  },
  currentShift: null
}
[PackageCarTracker] Render. StatusFilter: all, LocationFilter: all
Filtering cars. Filter: all, Total cars: 5
PackageCarTracker initialData: {
  trackerVersion: 2,
  cars: [
    {
      id: '111111',
      location: 'Yard',
      arrived: false,
      late: false,
      empty: false
    },
    {
      id: '222222',
      location: '200',
      arrived: true,
      late: false,
      empty: false
    },
    {
      id: '333333',
      location: '300',
      arrived: true,
      late: false,
      empty: true
    },
    {
      id: '444444',
      location: 'Shop',
      arrived: false,
      late: true,
      empty: false
    },
    {
      id: '555555',
      location: '500',
      arrived: true,
      late: false,
      empty: false
    }
  ],
  usage: {
    filterClicks: 0,
    locationClicks: 0,
    viewToggles: 0,
    arrivedToggles: 0,
    lateToggles: 0,
    emptyToggles: 0,
    carsAdded: 0,
    carsRemoved: 0,
    carLocationChanges: 0,
    csvImports: 0,
    csvExports: 0,
    shiftsReset: 0,
    carSelections: 0
  },
  currentShift: null
}
[PackageCarTracker] Render. StatusFilter: all, LocationFilter: all
Filtering cars. Filter: all, Total cars: 5

stderr | src/PackageCarTracker.test.jsx > Usage tracking > should increment arrivedToggles when arrived status is toggled
seedFleet called with 5 cars
localStorage after seed: {"trackerVersion":2,"cars":[{"id":"111111","location":"Yard","arrived":false,"late":false,"empty":false},{"id":"222222","location":"200","arrived":true,"late":false,"empty":false},{"id":"333333","location":"300","arrived":true,"late":false,"empty":true},{"id":"444444","location":"Shop","arrived":false,"late":true,"empty":false},{"id":"555555","location":"500","arrived":true,"late":false,"empty":false}],"usage":{"filterClicks":0,"locationClicks":0,"viewToggles":0,"arrivedToggles":0,"lateToggles":0,"emptyToggles":0,"carsAdded":0,"carsRemoved":0,"carLocationChanges":0,"csvImports":0,"csvExports":0,"shiftsReset":0,"carSelections":0},"currentShift":null}

stdout | src/PackageCarTracker.test.jsx > Usage tracking > should increment lateToggles when late status is toggled
PackageCarTracker initialData: {
  trackerVersion: 2,
  cars: [
    {
      id: '111111',
      location: 'Yard',
      arrived: false,
      late: false,
      empty: false
    },
    {
      id: '222222',
      location: '200',
      arrived: true,
      late: false,
      empty: false
    },
    {
      id: '333333',
      location: '300',
      arrived: true,
      late: false,
      empty: true
    },
    {
      id: '444444',
      location: 'Shop',
      arrived: false,
      late: true,
      empty: false
    },
    {
      id: '555555',
      location: '500',
      arrived: true,
      late: false,
      empty: false
    }
  ],
  usage: {
    filterClicks: 0,
    locationClicks: 0,
    viewToggles: 0,
    arrivedToggles: 0,
    lateToggles: 0,
    emptyToggles: 0,
    carsAdded: 0,
    carsRemoved: 0,
    carLocationChanges: 0,
    csvImports: 0,
    csvExports: 0,
    shiftsReset: 0,
    carSelections: 0
  },
  currentShift: null
}
[PackageCarTracker] Render. StatusFilter: all, LocationFilter: all
Filtering cars. Filter: all, Total cars: 5
PackageCarTracker initialData: {
  trackerVersion: 2,
  cars: [
    {
      id: '111111',
      location: 'Yard',
      arrived: false,
      late: false,
      empty: false
    },
    {
      id: '222222',
      location: '200',
      arrived: true,
      late: false,
      empty: false
    },
    {
      id: '333333',
      location: '300',
      arrived: true,
      late: false,
      empty: true
    },
    {
      id: '444444',
      location: 'Shop',
      arrived: false,
      late: true,
      empty: false
    },
    {
      id: '555555',
      location: '500',
      arrived: true,
      late: false,
      empty: false
    }
  ],
  usage: {
    filterClicks: 0,
    locationClicks: 0,
    viewToggles: 0,
    arrivedToggles: 0,
    lateToggles: 0,
    emptyToggles: 0,
    carsAdded: 0,
    carsRemoved: 0,
    carLocationChanges: 0,
    csvImports: 0,
    csvExports: 0,
    shiftsReset: 0,
    carSelections: 0
  },
  currentShift: null
}
[PackageCarTracker] Render. StatusFilter: all, LocationFilter: all
Filtering cars. Filter: all, Total cars: 5

stderr | src/PackageCarTracker.test.jsx > Usage tracking > should increment lateToggles when late status is toggled
seedFleet called with 5 cars
localStorage after seed: {"trackerVersion":2,"cars":[{"id":"111111","location":"Yard","arrived":false,"late":false,"empty":false},{"id":"222222","location":"200","arrived":true,"late":false,"empty":false},{"id":"333333","location":"300","arrived":true,"late":false,"empty":true},{"id":"444444","location":"Shop","arrived":false,"late":true,"empty":false},{"id":"555555","location":"500","arrived":true,"late":false,"empty":false}],"usage":{"filterClicks":0,"locationClicks":0,"viewToggles":0,"arrivedToggles":0,"lateToggles":0,"emptyToggles":0,"carsAdded":0,"carsRemoved":0,"carLocationChanges":0,"csvImports":0,"csvExports":0,"shiftsReset":0,"carSelections":0},"currentShift":null}

stdout | src/PackageCarTracker.test.jsx > Usage tracking > should increment emptyToggles when empty status is toggled
PackageCarTracker initialData: {
  trackerVersion: 2,
  cars: [
    {
      id: '111111',
      location: 'Yard',
      arrived: false,
      late: false,
      empty: false
    },
    {
      id: '222222',
      location: '200',
      arrived: true,
      late: false,
      empty: false
    },
    {
      id: '333333',
      location: '300',
      arrived: true,
      late: false,
      empty: true
    },
    {
      id: '444444',
      location: 'Shop',
      arrived: false,
      late: true,
      empty: false
    },
    {
      id: '555555',
      location: '500',
      arrived: true,
      late: false,
      empty: false
    }
  ],
  usage: {
    filterClicks: 0,
    locationClicks: 0,
    viewToggles: 0,
    arrivedToggles: 0,
    lateToggles: 0,
    emptyToggles: 0,
    carsAdded: 0,
    carsRemoved: 0,
    carLocationChanges: 0,
    csvImports: 0,
    csvExports: 0,
    shiftsReset: 0,
    carSelections: 0
  },
  currentShift: null
}
[PackageCarTracker] Render. StatusFilter: all, LocationFilter: all
Filtering cars. Filter: all, Total cars: 5
PackageCarTracker initialData: {
  trackerVersion: 2,
  cars: [
    {
      id: '111111',
      location: 'Yard',
      arrived: false,
      late: false,
      empty: false
    },
    {
      id: '222222',
      location: '200',
      arrived: true,
      late: false,
      empty: false
    },
    {
      id: '333333',
      location: '300',
      arrived: true,
      late: false,
      empty: true
    },
    {
      id: '444444',
      location: 'Shop',
      arrived: false,
      late: true,
      empty: false
    },
    {
      id: '555555',
      location: '500',
      arrived: true,
      late: false,
      empty: false
    }
  ],
  usage: {
    filterClicks: 0,
    locationClicks: 0,
    viewToggles: 0,
    arrivedToggles: 0,
    lateToggles: 0,
    emptyToggles: 0,
    carsAdded: 0,
    carsRemoved: 0,
    carLocationChanges: 0,
    csvImports: 0,
    csvExports: 0,
    shiftsReset: 0,
    carSelections: 0
  },
  currentShift: null
}
[PackageCarTracker] Render. StatusFilter: all, LocationFilter: all
Filtering cars. Filter: all, Total cars: 5

stderr | src/PackageCarTracker.test.jsx > Usage tracking > should increment emptyToggles when empty status is toggled
seedFleet called with 5 cars
localStorage after seed: {"trackerVersion":2,"cars":[{"id":"111111","location":"Yard","arrived":false,"late":false,"empty":false},{"id":"222222","location":"200","arrived":true,"late":false,"empty":false},{"id":"333333","location":"300","arrived":true,"late":false,"empty":true},{"id":"444444","location":"Shop","arrived":false,"late":true,"empty":false},{"id":"555555","location":"500","arrived":true,"late":false,"empty":false}],"usage":{"filterClicks":0,"locationClicks":0,"viewToggles":0,"arrivedToggles":0,"lateToggles":0,"emptyToggles":0,"carsAdded":0,"carsRemoved":0,"carLocationChanges":0,"csvImports":0,"csvExports":0,"shiftsReset":0,"carSelections":0},"currentShift":null}

stdout | src/PackageCarTracker.test.jsx > Usage tracking > should increment carsAdded when a car is added
PackageCarTracker initialData: {
  trackerVersion: 2,
  cars: [],
  usage: {
    filterClicks: 0,
    locationClicks: 0,
    viewToggles: 0,
    arrivedToggles: 0,
    lateToggles: 0,
    emptyToggles: 0,
    carsAdded: 0,
    carsRemoved: 0,
    carLocationChanges: 0,
    csvImports: 0,
    csvExports: 0,
    shiftsReset: 0,
    carSelections: 0
  },
  currentShift: null
}
[PackageCarTracker] Render. StatusFilter: all, LocationFilter: all
Filtering cars. Filter: all, Total cars: 0
PackageCarTracker initialData: {
  trackerVersion: 2,
  cars: [],
  usage: {
    filterClicks: 0,
    locationClicks: 0,
    viewToggles: 0,
    arrivedToggles: 0,
    lateToggles: 0,
    emptyToggles: 0,
    carsAdded: 0,
    carsRemoved: 0,
    carLocationChanges: 0,
    csvImports: 0,
    csvExports: 0,
    shiftsReset: 0,
    carSelections: 0
  },
  currentShift: null
}
[PackageCarTracker] Render. StatusFilter: all, LocationFilter: all
Filtering cars. Filter: all, Total cars: 0

stderr | src/PackageCarTracker.test.jsx > Usage tracking > should increment carsAdded when a car is added
seedFleet called with 0 cars
localStorage after seed: {"trackerVersion":2,"cars":[],"usage":{"filterClicks":0,"locationClicks":0,"viewToggles":0,"arrivedToggles":0,"lateToggles":0,"emptyToggles":0,"carsAdded":0,"carsRemoved":0,"carLocationChanges":0,"csvImports":0,"csvExports":0,"shiftsReset":0,"carSelections":0},"currentShift":null}

stdout | src/PackageCarTracker.test.jsx > Usage tracking > should increment carsRemoved when a car is removed
PackageCarTracker initialData: {
  trackerVersion: 2,
  cars: [
    {
      id: '111111',
      location: 'Yard',
      arrived: false,
      late: false,
      empty: false
    },
    {
      id: '222222',
      location: '200',
      arrived: true,
      late: false,
      empty: false
    },
    {
      id: '333333',
      location: '300',
      arrived: true,
      late: false,
      empty: true
    },
    {
      id: '444444',
      location: 'Shop',
      arrived: false,
      late: true,
      empty: false
    },
    {
      id: '555555',
      location: '500',
      arrived: true,
      late: false,
      empty: false
    }
  ],
  usage: {
    filterClicks: 0,
    locationClicks: 0,
    viewToggles: 0,
    arrivedToggles: 0,
    lateToggles: 0,
    emptyToggles: 0,
    carsAdded: 0,
    carsRemoved: 0,
    carLocationChanges: 0,
    csvImports: 0,
    csvExports: 0,
    shiftsReset: 0,
    carSelections: 0
  },
  currentShift: null
}
[PackageCarTracker] Render. StatusFilter: all, LocationFilter: all
Filtering cars. Filter: all, Total cars: 5
PackageCarTracker initialData: {
  trackerVersion: 2,
  cars: [
    {
      id: '111111',
      location: 'Yard',
      arrived: false,
      late: false,
      empty: false
    },
    {
      id: '222222',
      location: '200',
      arrived: true,
      late: false,
      empty: false
    },
    {
      id: '333333',
      location: '300',
      arrived: true,
      late: false,
      empty: true
    },
    {
      id: '444444',
      location: 'Shop',
      arrived: false,
      late: true,
      empty: false
    },
    {
      id: '555555',
      location: '500',
      arrived: true,
      late: false,
      empty: false
    }
  ],
  usage: {
    filterClicks: 0,
    locationClicks: 0,
    viewToggles: 0,
    arrivedToggles: 0,
    lateToggles: 0,
    emptyToggles: 0,
    carsAdded: 0,
    carsRemoved: 0,
    carLocationChanges: 0,
    csvImports: 0,
    csvExports: 0,
    shiftsReset: 0,
    carSelections: 0
  },
  currentShift: null
}
[PackageCarTracker] Render. StatusFilter: all, LocationFilter: all
Filtering cars. Filter: all, Total cars: 5

stderr | src/PackageCarTracker.test.jsx > Usage tracking > should increment carsRemoved when a car is removed
seedFleet called with 5 cars
localStorage after seed: {"trackerVersion":2,"cars":[{"id":"111111","location":"Yard","arrived":false,"late":false,"empty":false},{"id":"222222","location":"200","arrived":true,"late":false,"empty":false},{"id":"333333","location":"300","arrived":true,"late":false,"empty":true},{"id":"444444","location":"Shop","arrived":false,"late":true,"empty":false},{"id":"555555","location":"500","arrived":true,"late":false,"empty":false}],"usage":{"filterClicks":0,"locationClicks":0,"viewToggles":0,"arrivedToggles":0,"lateToggles":0,"emptyToggles":0,"carsAdded":0,"carsRemoved":0,"carLocationChanges":0,"csvImports":0,"csvExports":0,"shiftsReset":0,"carSelections":0},"currentShift":null}

stdout | src/PackageCarTracker.test.jsx > Usage tracking > should increment carLocationChanges when a car location is updated
PackageCarTracker initialData: {
  trackerVersion: 2,
  cars: [
    {
      id: '111111',
      location: 'Yard',
      arrived: false,
      late: false,
      empty: false
    },
    {
      id: '222222',
      location: '200',
      arrived: true,
      late: false,
      empty: false
    },
    {
      id: '333333',
      location: '300',
      arrived: true,
      late: false,
      empty: true
    },
    {
      id: '444444',
      location: 'Shop',
      arrived: false,
      late: true,
      empty: false
    },
    {
      id: '555555',
      location: '500',
      arrived: true,
      late: false,
      empty: false
    }
  ],
  usage: {
    filterClicks: 0,
    locationClicks: 0,
    viewToggles: 0,
    arrivedToggles: 0,
    lateToggles: 0,
    emptyToggles: 0,
    carsAdded: 0,
    carsRemoved: 0,
    carLocationChanges: 0,
    csvImports: 0,
    csvExports: 0,
    shiftsReset: 0,
    carSelections: 0
  },
  currentShift: null
}
[PackageCarTracker] Render. StatusFilter: all, LocationFilter: all
Filtering cars. Filter: all, Total cars: 5
PackageCarTracker initialData: {
  trackerVersion: 2,
  cars: [
    {
      id: '111111',
      location: 'Yard',
      arrived: false,
      late: false,
      empty: false
    },
    {
      id: '222222',
      location: '200',
      arrived: true,
      late: false,
      empty: false
    },
    {
      id: '333333',
      location: '300',
      arrived: true,
      late: false,
      empty: true
    },
    {
      id: '444444',
      location: 'Shop',
      arrived: false,
      late: true,
      empty: false
    },
    {
      id: '555555',
      location: '500',
      arrived: true,
      late: false,
      empty: false
    }
  ],
  usage: {
    filterClicks: 0,
    locationClicks: 0,
    viewToggles: 0,
    arrivedToggles: 0,
    lateToggles: 0,
    emptyToggles: 0,
    carsAdded: 0,
    carsRemoved: 0,
    carLocationChanges: 0,
    csvImports: 0,
    csvExports: 0,
    shiftsReset: 0,
    carSelections: 0
  },
  currentShift: null
}
[PackageCarTracker] Render. StatusFilter: all, LocationFilter: all
Filtering cars. Filter: all, Total cars: 5

stderr | src/PackageCarTracker.test.jsx > Usage tracking > should increment carLocationChanges when a car location is updated
seedFleet called with 5 cars
localStorage after seed: {"trackerVersion":2,"cars":[{"id":"111111","location":"Yard","arrived":false,"late":false,"empty":false},{"id":"222222","location":"200","arrived":true,"late":false,"empty":false},{"id":"333333","location":"300","arrived":true,"late":false,"empty":true},{"id":"444444","location":"Shop","arrived":false,"late":true,"empty":false},{"id":"555555","location":"500","arrived":true,"late":false,"empty":false}],"usage":{"filterClicks":0,"locationClicks":0,"viewToggles":0,"arrivedToggles":0,"lateToggles":0,"emptyToggles":0,"carsAdded":0,"carsRemoved":0,"carLocationChanges":0,"csvImports":0,"csvExports":0,"shiftsReset":0,"carSelections":0},"currentShift":null}

stdout | src/PackageCarTracker.test.jsx > Usage tracking > should increment carLocationChanges when a car location is updated
PackageCarTracker initialData: {
  trackerVersion: 2,
  cars: [
    {
      id: '111111',
      location: 'Yard',
      arrived: false,
      late: false,
      empty: false
    },
    {
      id: '222222',
      location: '200',
      arrived: true,
      late: false,
      empty: false
    },
    {
      id: '333333',
      location: '300',
      arrived: true,
      late: false,
      empty: true
    },
    {
      id: '444444',
      location: 'Shop',
      arrived: false,
      late: true,
      empty: false
    },
    {
      id: '555555',
      location: '500',
      arrived: true,
      late: false,
      empty: false
    }
  ],
  usage: {
    filterClicks: 0,
    locationClicks: 0,
    viewToggles: 0,
    arrivedToggles: 0,
    lateToggles: 0,
    emptyToggles: 0,
    carsAdded: 0,
    carsRemoved: 0,
    carLocationChanges: 0,
    csvImports: 0,
    csvExports: 0,
    shiftsReset: 0,
    carSelections: 0
  },
  currentShift: null
}
[PackageCarTracker] Render. StatusFilter: all, LocationFilter: all
Filtering cars. Filter: all, Total cars: 5
PackageCarTracker initialData: {
  trackerVersion: 2,
  cars: [
    {
      id: '111111',
      location: 'Yard',
      arrived: false,
      late: false,
      empty: false
    },
    {
      id: '222222',
      location: '200',
      arrived: true,
      late: false,
      empty: false
    },
    {
      id: '333333',
      location: '300',
      arrived: true,
      late: false,
      empty: true
    },
    {
      id: '444444',
      location: 'Shop',
      arrived: false,
      late: true,
      empty: false
    },
    {
      id: '555555',
      location: '500',
      arrived: true,
      late: false,
      empty: false
    }
  ],
  usage: {
    filterClicks: 0,
    locationClicks: 0,
    viewToggles: 0,
    arrivedToggles: 0,
    lateToggles: 0,
    emptyToggles: 0,
    carsAdded: 0,
    carsRemoved: 0,
    carLocationChanges: 0,
    csvImports: 0,
    csvExports: 0,
    shiftsReset: 0,
    carSelections: 0
  },
  currentShift: null
}
[PackageCarTracker] Render. StatusFilter: all, LocationFilter: all
Filtering cars. Filter: all, Total cars: 5

stderr | src/PackageCarTracker.test.jsx > Usage tracking > should increment carLocationChanges when a car location is updated
seedFleet called with 5 cars
localStorage after seed: {"trackerVersion":2,"cars":[{"id":"111111","location":"Yard","arrived":false,"late":false,"empty":false},{"id":"222222","location":"200","arrived":true,"late":false,"empty":false},{"id":"333333","location":"300","arrived":true,"late":false,"empty":true},{"id":"444444","location":"Shop","arrived":false,"late":true,"empty":false},{"id":"555555","location":"500","arrived":true,"late":false,"empty":false}],"usage":{"filterClicks":0,"locationClicks":0,"viewToggles":0,"arrivedToggles":0,"lateToggles":0,"emptyToggles":0,"carsAdded":0,"carsRemoved":0,"carLocationChanges":0,"csvImports":0,"csvExports":0,"shiftsReset":0,"carSelections":0},"currentShift":null}

stdout | src/PackageCarTracker.test.jsx > Usage tracking > should increment shiftsReset when shift is reset
PackageCarTracker initialData: {
  trackerVersion: 2,
  cars: [
    {
      id: '111111',
      location: 'Yard',
      arrived: false,
      late: false,
      empty: false
    },
    {
      id: '222222',
      location: '200',
      arrived: true,
      late: false,
      empty: false
    },
    {
      id: '333333',
      location: '300',
      arrived: true,
      late: false,
      empty: true
    },
    {
      id: '444444',
      location: 'Shop',
      arrived: false,
      late: true,
      empty: false
    },
    {
      id: '555555',
      location: '500',
      arrived: true,
      late: false,
      empty: false
    }
  ],
  usage: {
    filterClicks: 0,
    locationClicks: 0,
    viewToggles: 0,
    arrivedToggles: 0,
    lateToggles: 0,
    emptyToggles: 0,
    carsAdded: 0,
    carsRemoved: 0,
    carLocationChanges: 0,
    csvImports: 0,
    csvExports: 0,
    shiftsReset: 0,
    carSelections: 0
  },
  currentShift: null
}
[PackageCarTracker] Render. StatusFilter: all, LocationFilter: all
Filtering cars. Filter: all, Total cars: 5
PackageCarTracker initialData: {
  trackerVersion: 2,
  cars: [
    {
      id: '111111',
      location: 'Yard',
      arrived: false,
      late: false,
      empty: false
    },
    {
      id: '222222',
      location: '200',
      arrived: true,
      late: false,
      empty: false
    },
    {
      id: '333333',
      location: '300',
      arrived: true,
      late: false,
      empty: true
    },
    {
      id: '444444',
      location: 'Shop',
      arrived: false,
      late: true,
      empty: false
    },
    {
      id: '555555',
      location: '500',
      arrived: true,
      late: false,
      empty: false
    }
  ],
  usage: {
    filterClicks: 0,
    locationClicks: 0,
    viewToggles: 0,
    arrivedToggles: 0,
    lateToggles: 0,
    emptyToggles: 0,
    carsAdded: 0,
    carsRemoved: 0,
    carLocationChanges: 0,
    csvImports: 0,
    csvExports: 0,
    shiftsReset: 0,
    carSelections: 0
  },
  currentShift: null
}
[PackageCarTracker] Render. StatusFilter: all, LocationFilter: all
Filtering cars. Filter: all, Total cars: 5

stderr | src/PackageCarTracker.test.jsx > Usage tracking > should increment shiftsReset when shift is reset
seedFleet called with 5 cars
localStorage after seed: {"trackerVersion":2,"cars":[{"id":"111111","location":"Yard","arrived":false,"late":false,"empty":false},{"id":"222222","location":"200","arrived":true,"late":false,"empty":false},{"id":"333333","location":"300","arrived":true,"late":false,"empty":true},{"id":"444444","location":"Shop","arrived":false,"late":true,"empty":false},{"id":"555555","location":"500","arrived":true,"late":false,"empty":false}],"usage":{"filterClicks":0,"locationClicks":0,"viewToggles":0,"arrivedToggles":0,"lateToggles":0,"emptyToggles":0,"carsAdded":0,"carsRemoved":0,"carLocationChanges":0,"csvImports":0,"csvExports":0,"shiftsReset":0,"carSelections":0},"currentShift":null}

stdout | src/PackageCarTracker.test.jsx > Usage tracking > should persist all usage counters across multiple actions
PackageCarTracker initialData: {
  trackerVersion: 2,
  cars: [
    {
      id: '111111',
      location: 'Yard',
      arrived: false,
      late: false,
      empty: false
    },
    {
      id: '222222',
      location: '200',
      arrived: true,
      late: false,
      empty: false
    },
    {
      id: '333333',
      location: '300',
      arrived: true,
      late: false,
      empty: true
    },
    {
      id: '444444',
      location: 'Shop',
      arrived: false,
      late: true,
      empty: false
    },
    {
      id: '555555',
      location: '500',
      arrived: true,
      late: false,
      empty: false
    }
  ],
  usage: {
    filterClicks: 0,
    locationClicks: 0,
    viewToggles: 0,
    arrivedToggles: 0,
    lateToggles: 0,
    emptyToggles: 0,
    carsAdded: 0,
    carsRemoved: 0,
    carLocationChanges: 0,
    csvImports: 0,
    csvExports: 0,
    shiftsReset: 0,
    carSelections: 0
  },
  currentShift: null
}
[PackageCarTracker] Render. StatusFilter: all, LocationFilter: all
Filtering cars. Filter: all, Total cars: 5
PackageCarTracker initialData: {
  trackerVersion: 2,
  cars: [
    {
      id: '111111',
      location: 'Yard',
      arrived: false,
      late: false,
      empty: false
    },
    {
      id: '222222',
      location: '200',
      arrived: true,
      late: false,
      empty: false
    },
    {
      id: '333333',
      location: '300',
      arrived: true,
      late: false,
      empty: true
    },
    {
      id: '444444',
      location: 'Shop',
      arrived: false,
      late: true,
      empty: false
    },
    {
      id: '555555',
      location: '500',
      arrived: true,
      late: false,
      empty: false
    }
  ],
  usage: {
    filterClicks: 0,
    locationClicks: 0,
    viewToggles: 0,
    arrivedToggles: 0,
    lateToggles: 0,
    emptyToggles: 0,
    carsAdded: 0,
    carsRemoved: 0,
    carLocationChanges: 0,
    csvImports: 0,
    csvExports: 0,
    shiftsReset: 0,
    carSelections: 0
  },
  currentShift: null
}
[PackageCarTracker] Render. StatusFilter: all, LocationFilter: all
Filtering cars. Filter: all, Total cars: 5

stderr | src/PackageCarTracker.test.jsx > Usage tracking > should persist all usage counters across multiple actions
seedFleet called with 5 cars
localStorage after seed: {"trackerVersion":2,"cars":[{"id":"111111","location":"Yard","arrived":false,"late":false,"empty":false},{"id":"222222","location":"200","arrived":true,"late":false,"empty":false},{"id":"333333","location":"300","arrived":true,"late":false,"empty":true},{"id":"444444","location":"Shop","arrived":false,"late":true,"empty":false},{"id":"555555","location":"500","arrived":true,"late":false,"empty":false}],"usage":{"filterClicks":0,"locationClicks":0,"viewToggles":0,"arrivedToggles":0,"lateToggles":0,"emptyToggles":0,"carsAdded":0,"carsRemoved":0,"carLocationChanges":0,"csvImports":0,"csvExports":0,"shiftsReset":0,"carSelections":0},"currentShift":null}

 ❯ src/PackageCarTracker.test.jsx (32 tests | 32 failed) 417ms
   × PackageCarTracker filters > handles primary status filter combinations 44ms
     → Moon is not defined
   × PackageCarTracker filters > applies location and status filters together 9ms
     → Moon is not defined
   × PackageCarTracker filters > filters arrived but not empty trucks explicitly 8ms
     → Moon is not defined
   × Board view > toggles between list and board layouts using the explicit buttons 8ms
     → Moon is not defined
   × Board view > groups only the currently filtered cars into their location columns 9ms
     → Moon is not defined
   × Board view > applies snap scrolling and sticky headers for handheld ergonomics 8ms
     → Moon is not defined
   × Data Management > migrates v1 data to v2 format 10ms
     → Moon is not defined
   × Data Management > tracks usage stats 12ms
     → Moon is not defined
   × Data Management > falls back to defaults when stored JSON is malformed 13ms
     → Moon is not defined
   × Fleet management tools > only shows fleet manager tools when manage mode is enabled 20ms
     → Moon is not defined
   × Fleet management tools > opens the fleet manager modal with roster controls 13ms
     → Moon is not defined
   × Fleet management tools > imports fleet IDs from CSV 12ms
     → Moon is not defined
   × Fleet management tools > alerts when a CSV only contains existing IDs 12ms
     → Moon is not defined
   × Fleet management tools > exports the current fleet roster to CSV 11ms
     → Moon is not defined
   × Fleet management tools > resets fleet statuses when starting a new shift 12ms
     → Moon is not defined
   × Schema integration > creates cars with proper schema defaults when adding manually 12ms
     → Moon is not defined
   × Schema integration > updates car location using schema helpers 11ms
     → Moon is not defined
   × Schema integration > preserves car data when toggling status fields 12ms
     → Moon is not defined
   × Schema integration > validates all fields are present after reset shift 12ms
     → Moon is not defined
   × Schema integration > does not add unknown fields to cars 18ms
     → Moon is not defined
   × Usage tracking > should increment filterClicks when status filter is clicked 11ms
     → Moon is not defined
   × Usage tracking > should increment locationClicks when location filter is clicked 11ms
     → Moon is not defined
   × Usage tracking > should increment viewToggles when view mode is changed 12ms
     → Moon is not defined
   × Usage tracking > should increment arrivedToggles when arrived status is toggled 12ms
     → Moon is not defined
   × Usage tracking > should increment lateToggles when late status is toggled 12ms
     → Moon is not defined
   × Usage tracking > should increment emptyToggles when empty status is toggled 12ms
     → Moon is not defined
   × Usage tracking > should increment carsAdded when a car is added 12ms
     → Moon is not defined
   × Usage tracking > should increment carsRemoved when a car is removed 12ms
     → Moon is not defined
   × Usage tracking > should increment carLocationChanges when a car location is updated 11ms
     → Moon is not defined
   × Usage tracking > should increment carLocationChanges when a car location is updated 11ms
     → Moon is not defined
   × Usage tracking > should increment shiftsReset when shift is reset 18ms
     → Moon is not defined
   × Usage tracking > should persist all usage counters across multiple actions 12ms
     → Moon is not defined

⎯⎯⎯⎯⎯⎯ Failed Tests 32 ⎯⎯⎯⎯⎯⎯⎯

 FAIL  src/PackageCarTracker.test.jsx > PackageCarTracker filters > handles primary status filter combinations
 FAIL  src/PackageCarTracker.test.jsx > PackageCarTracker filters > applies location and status filters together
 FAIL  src/PackageCarTracker.test.jsx > PackageCarTracker filters > filters arrived but not empty trucks explicitly
 FAIL  src/PackageCarTracker.test.jsx > Board view > toggles between list and board layouts using the explicit buttons
 FAIL  src/PackageCarTracker.test.jsx > Board view > groups only the currently filtered cars into their location columns
 FAIL  src/PackageCarTracker.test.jsx > Board view > applies snap scrolling and sticky headers for handheld ergonomics
 FAIL  src/PackageCarTracker.test.jsx > Data Management > migrates v1 data to v2 format
 FAIL  src/PackageCarTracker.test.jsx > Data Management > tracks usage stats
 FAIL  src/PackageCarTracker.test.jsx > Data Management > falls back to defaults when stored JSON is malformed
 FAIL  src/PackageCarTracker.test.jsx > Fleet management tools > only shows fleet manager tools when manage mode is enabled
 FAIL  src/PackageCarTracker.test.jsx > Fleet management tools > opens the fleet manager modal with roster controls
 FAIL  src/PackageCarTracker.test.jsx > Fleet management tools > imports fleet IDs from CSV
 FAIL  src/PackageCarTracker.test.jsx > Fleet management tools > alerts when a CSV only contains existing IDs
 FAIL  src/PackageCarTracker.test.jsx > Fleet management tools > exports the current fleet roster to CSV
 FAIL  src/PackageCarTracker.test.jsx > Fleet management tools > resets fleet statuses when starting a new shift
 FAIL  src/PackageCarTracker.test.jsx > Schema integration > creates cars with proper schema defaults when adding manually
 FAIL  src/PackageCarTracker.test.jsx > Schema integration > updates car location using schema helpers
 FAIL  src/PackageCarTracker.test.jsx > Schema integration > preserves car data when toggling status fields
 FAIL  src/PackageCarTracker.test.jsx > Schema integration > validates all fields are present after reset shift
 FAIL  src/PackageCarTracker.test.jsx > Schema integration > does not add unknown fields to cars
 FAIL  src/PackageCarTracker.test.jsx > Usage tracking > should increment filterClicks when status filter is clicked
 FAIL  src/PackageCarTracker.test.jsx > Usage tracking > should increment locationClicks when location filter is clicked
 FAIL  src/PackageCarTracker.test.jsx > Usage tracking > should increment viewToggles when view mode is changed
 FAIL  src/PackageCarTracker.test.jsx > Usage tracking > should increment arrivedToggles when arrived status is toggled
 FAIL  src/PackageCarTracker.test.jsx > Usage tracking > should increment lateToggles when late status is toggled
 FAIL  src/PackageCarTracker.test.jsx > Usage tracking > should increment emptyToggles when empty status is toggled
 FAIL  src/PackageCarTracker.test.jsx > Usage tracking > should increment carsAdded when a car is added
 FAIL  src/PackageCarTracker.test.jsx > Usage tracking > should increment carsRemoved when a car is removed
 FAIL  src/PackageCarTracker.test.jsx > Usage tracking > should increment carLocationChanges when a car location is updated
 FAIL  src/PackageCarTracker.test.jsx > Usage tracking > should increment carLocationChanges when a car location is updated
 FAIL  src/PackageCarTracker.test.jsx > Usage tracking > should increment shiftsReset when shift is reset
 FAIL  src/PackageCarTracker.test.jsx > Usage tracking > should persist all usage counters across multiple actions
ReferenceError: Moon is not defined
 ❯ Header src/components/Header.jsx:107:54
    105|             aria-label={`Switch to ${theme === 'dark' ? 'light' : 'dar…
    106|           >
    107|             {theme === 'dark' ? <Sun size={20} /> : <Moon size={20} />}
       |                                                      ^
    108|           </button>
    109|         </div>
 ❯ Object.react_stack_bottom_frame node_modules/react-dom/cjs/react-dom-client.development.js:25904:20
 ❯ renderWithHooks node_modules/react-dom/cjs/react-dom-client.development.js:7662:22
 ❯ updateFunctionComponent node_modules/react-dom/cjs/react-dom-client.development.js:10166:19
 ❯ updateSimpleMemoComponent node_modules/react-dom/cjs/react-dom-client.development.js:9830:14
 ❯ updateMemoComponent node_modules/react-dom/cjs/react-dom-client.development.js:9763:13
 ❯ beginWork node_modules/react-dom/cjs/react-dom-client.development.js:12204:18
 ❯ runWithFiberInDEV node_modules/react-dom/cjs/react-dom-client.development.js:874:13
 ❯ performUnitOfWork node_modules/react-dom/cjs/react-dom-client.development.js:17641:22
 ❯ workLoopSync node_modules/react-dom/cjs/react-dom-client.development.js:17469:41

⎯⎯⎯⎯⎯⎯⎯⎯⎯⎯⎯⎯⎯⎯⎯⎯⎯⎯⎯⎯⎯⎯⎯[1/32]⎯

 Test Files  1 failed (1)
      Tests  32 failed (32)
   Start at  07:12:13
   Duration  2.11s (transform 366ms, setup 254ms, collect 573ms, tests 417ms, environment 525ms, prepare 61ms)

 FAIL  Tests failed. Watching for file changes...
       press h to show help, press q to quit
c[3J RERUN  src/components/Header.jsx x1 

stdout | src/PackageCarTracker.test.jsx > PackageCarTracker filters > handles primary status filter combinations
PackageCarTracker initialData: {
  trackerVersion: 2,
  cars: [
    {
      id: '111111',
      location: 'Yard',
      arrived: false,
      late: false,
      empty: false
    },
    {
      id: '222222',
      location: '200',
      arrived: true,
      late: false,
      empty: false
    },
    {
      id: '333333',
      location: '300',
      arrived: true,
      late: false,
      empty: true
    },
    {
      id: '444444',
      location: 'Shop',
      arrived: false,
      late: true,
      empty: false
    },
    {
      id: '555555',
      location: '500',
      arrived: true,
      late: false,
      empty: false
    }
  ],
  usage: {
    filterClicks: 0,
    locationClicks: 0,
    viewToggles: 0,
    arrivedToggles: 0,
    lateToggles: 0,
    emptyToggles: 0,
    carsAdded: 0,
    carsRemoved: 0,
    carLocationChanges: 0,
    csvImports: 0,
    csvExports: 0,
    shiftsReset: 0,
    carSelections: 0
  },
  currentShift: null
}
[PackageCarTracker] Render. StatusFilter: all, LocationFilter: all
Filtering cars. Filter: all, Total cars: 5
Session started: test-session
[PackageCarTracker] Render. StatusFilter: all, LocationFilter: all

stderr | src/PackageCarTracker.test.jsx > PackageCarTracker filters > handles primary status filter combinations
seedFleet called with 5 cars
localStorage after seed: {"trackerVersion":2,"cars":[{"id":"111111","location":"Yard","arrived":false,"late":false,"empty":false},{"id":"222222","location":"200","arrived":true,"late":false,"empty":false},{"id":"333333","location":"300","arrived":true,"late":false,"empty":true},{"id":"444444","location":"Shop","arrived":false,"late":true,"empty":false},{"id":"555555","location":"500","arrived":true,"late":false,"empty":false}],"usage":{"filterClicks":0,"locationClicks":0,"viewToggles":0,"arrivedToggles":0,"lateToggles":0,"emptyToggles":0,"carsAdded":0,"carsRemoved":0,"carLocationChanges":0,"csvImports":0,"csvExports":0,"shiftsReset":0,"carSelections":0},"currentShift":null}

stdout | src/PackageCarTracker.test.jsx > PackageCarTracker filters > handles primary status filter combinations
[PackageCarTracker] Clicked filter: pending
[PackageCarTracker] Render. StatusFilter: pending, LocationFilter: all
Filtering cars. Filter: pending, Total cars: 5

stdout | src/PackageCarTracker.test.jsx > PackageCarTracker filters > handles primary status filter combinations
[PackageCarTracker] Clicked filter: arrived
[PackageCarTracker] Render. StatusFilter: arrived, LocationFilter: all
Filtering cars. Filter: arrived, Total cars: 5

stdout | src/PackageCarTracker.test.jsx > PackageCarTracker filters > handles primary status filter combinations
[PackageCarTracker] Clicked filter: late
[PackageCarTracker] Render. StatusFilter: late, LocationFilter: all
Filtering cars. Filter: late, Total cars: 5

stdout | src/PackageCarTracker.test.jsx > PackageCarTracker filters > handles primary status filter combinations
[PackageCarTracker] Clicked filter: empty
[PackageCarTracker] Render. StatusFilter: empty, LocationFilter: all
Filtering cars. Filter: empty, Total cars: 5
Checking car 111111: empty=false, matchesStatus=false
Checking car 222222: empty=false, matchesStatus=false
Checking car 333333: empty=true, matchesStatus=true
Checking car 444444: empty=false, matchesStatus=false
Checking car 555555: empty=false, matchesStatus=false

stdout | src/PackageCarTracker.test.jsx > PackageCarTracker filters > applies location and status filters together
PackageCarTracker initialData: {
  trackerVersion: 2,
  cars: [
    {
      id: '111111',
      location: 'Yard',
      arrived: false,
      late: false,
      empty: false
    },
    {
      id: '222222',
      location: '200',
      arrived: true,
      late: false,
      empty: false
    },
    {
      id: '333333',
      location: '300',
      arrived: true,
      late: false,
      empty: true
    },
    {
      id: '444444',
      location: 'Shop',
      arrived: false,
      late: true,
      empty: false
    },
    {
      id: '555555',
      location: '500',
      arrived: true,
      late: false,
      empty: false
    }
  ],
  usage: {
    filterClicks: 0,
    locationClicks: 0,
    viewToggles: 0,
    arrivedToggles: 0,
    lateToggles: 0,
    emptyToggles: 0,
    carsAdded: 0,
    carsRemoved: 0,
    carLocationChanges: 0,
    csvImports: 0,
    csvExports: 0,
    shiftsReset: 0,
    carSelections: 0
  },
  currentShift: null
}
[PackageCarTracker] Render. StatusFilter: all, LocationFilter: all
Filtering cars. Filter: all, Total cars: 5
Session started: test-session

stderr | src/PackageCarTracker.test.jsx > PackageCarTracker filters > applies location and status filters together
seedFleet called with 5 cars
localStorage after seed: {"trackerVersion":2,"cars":[{"id":"111111","location":"Yard","arrived":false,"late":false,"empty":false},{"id":"222222","location":"200","arrived":true,"late":false,"empty":false},{"id":"333333","location":"300","arrived":true,"late":false,"empty":true},{"id":"444444","location":"Shop","arrived":false,"late":true,"empty":false},{"id":"555555","location":"500","arrived":true,"late":false,"empty":false}],"usage":{"filterClicks":0,"locationClicks":0,"viewToggles":0,"arrivedToggles":0,"lateToggles":0,"emptyToggles":0,"carsAdded":0,"carsRemoved":0,"carLocationChanges":0,"csvImports":0,"csvExports":0,"shiftsReset":0,"carSelections":0},"currentShift":null}

stdout | src/PackageCarTracker.test.jsx > PackageCarTracker filters > applies location and status filters together
[PackageCarTracker] Render. StatusFilter: all, LocationFilter: all
[PackageCarTracker] Render. StatusFilter: all, LocationFilter: 300
Filtering cars. Filter: all, Total cars: 5

stdout | src/PackageCarTracker.test.jsx > PackageCarTracker filters > applies location and status filters together
[PackageCarTracker] Clicked filter: arrived
[PackageCarTracker] Render. StatusFilter: arrived, LocationFilter: 300
Filtering cars. Filter: arrived, Total cars: 5

stdout | src/PackageCarTracker.test.jsx > PackageCarTracker filters > applies location and status filters together
[PackageCarTracker] Render. StatusFilter: arrived, LocationFilter: 500
Filtering cars. Filter: arrived, Total cars: 5

stdout | src/PackageCarTracker.test.jsx > PackageCarTracker filters > applies location and status filters together
[PackageCarTracker] Clicked filter: arrivedNotEmpty
[PackageCarTracker] Render. StatusFilter: arrivedNotEmpty, LocationFilter: 500
Filtering cars. Filter: arrivedNotEmpty, Total cars: 5

stdout | src/PackageCarTracker.test.jsx > PackageCarTracker filters > filters arrived but not empty trucks explicitly
PackageCarTracker initialData: {
  trackerVersion: 2,
  cars: [
    {
      id: '111111',
      location: 'Yard',
      arrived: false,
      late: false,
      empty: false
    },
    {
      id: '222222',
      location: '200',
      arrived: true,
      late: false,
      empty: false
    },
    {
      id: '333333',
      location: '300',
      arrived: true,
      late: false,
      empty: true
    },
    {
      id: '444444',
      location: 'Shop',
      arrived: false,
      late: true,
      empty: false
    },
    {
      id: '555555',
      location: '500',
      arrived: true,
      late: false,
      empty: false
    }
  ],
  usage: {
    filterClicks: 0,
    locationClicks: 0,
    viewToggles: 0,
    arrivedToggles: 0,
    lateToggles: 0,
    emptyToggles: 0,
    carsAdded: 0,
    carsRemoved: 0,
    carLocationChanges: 0,
    csvImports: 0,
    csvExports: 0,
    shiftsReset: 0,
    carSelections: 0
  },
  currentShift: null
}
[PackageCarTracker] Render. StatusFilter: all, LocationFilter: all
Filtering cars. Filter: all, Total cars: 5
Session started: test-session

stderr | src/PackageCarTracker.test.jsx > PackageCarTracker filters > filters arrived but not empty trucks explicitly
seedFleet called with 5 cars
localStorage after seed: {"trackerVersion":2,"cars":[{"id":"111111","location":"Yard","arrived":false,"late":false,"empty":false},{"id":"222222","location":"200","arrived":true,"late":false,"empty":false},{"id":"333333","location":"300","arrived":true,"late":false,"empty":true},{"id":"444444","location":"Shop","arrived":false,"late":true,"empty":false},{"id":"555555","location":"500","arrived":true,"late":false,"empty":false}],"usage":{"filterClicks":0,"locationClicks":0,"viewToggles":0,"arrivedToggles":0,"lateToggles":0,"emptyToggles":0,"carsAdded":0,"carsRemoved":0,"carLocationChanges":0,"csvImports":0,"csvExports":0,"shiftsReset":0,"carSelections":0},"currentShift":null}

stdout | src/PackageCarTracker.test.jsx > PackageCarTracker filters > filters arrived but not empty trucks explicitly
[PackageCarTracker] Render. StatusFilter: all, LocationFilter: all
[PackageCarTracker] Clicked filter: arrivedNotEmpty
[PackageCarTracker] Render. StatusFilter: arrivedNotEmpty, LocationFilter: all
Filtering cars. Filter: arrivedNotEmpty, Total cars: 5

stdout | src/PackageCarTracker.test.jsx > Board view > toggles between list and board layouts using the explicit buttons
PackageCarTracker initialData: {
  trackerVersion: 2,
  cars: [
    {
      id: '111111',
      location: 'Yard',
      arrived: false,
      late: false,
      empty: false
    },
    {
      id: '222222',
      location: '200',
      arrived: true,
      late: false,
      empty: false
    },
    {
      id: '333333',
      location: '300',
      arrived: true,
      late: false,
      empty: true
    },
    {
      id: '444444',
      location: 'Shop',
      arrived: false,
      late: true,
      empty: false
    },
    {
      id: '555555',
      location: '500',
      arrived: true,
      late: false,
      empty: false
    }
  ],
  usage: {
    filterClicks: 0,
    locationClicks: 0,
    viewToggles: 0,
    arrivedToggles: 0,
    lateToggles: 0,
    emptyToggles: 0,
    carsAdded: 0,
    carsRemoved: 0,
    carLocationChanges: 0,
    csvImports: 0,
    csvExports: 0,
    shiftsReset: 0,
    carSelections: 0
  },
  currentShift: null
}
[PackageCarTracker] Render. StatusFilter: all, LocationFilter: all
Filtering cars. Filter: all, Total cars: 5
Session started: test-session

stderr | src/PackageCarTracker.test.jsx > Board view > toggles between list and board layouts using the explicit buttons
seedFleet called with 5 cars
localStorage after seed: {"trackerVersion":2,"cars":[{"id":"111111","location":"Yard","arrived":false,"late":false,"empty":false},{"id":"222222","location":"200","arrived":true,"late":false,"empty":false},{"id":"333333","location":"300","arrived":true,"late":false,"empty":true},{"id":"444444","location":"Shop","arrived":false,"late":true,"empty":false},{"id":"555555","location":"500","arrived":true,"late":false,"empty":false}],"usage":{"filterClicks":0,"locationClicks":0,"viewToggles":0,"arrivedToggles":0,"lateToggles":0,"emptyToggles":0,"carsAdded":0,"carsRemoved":0,"carLocationChanges":0,"csvImports":0,"csvExports":0,"shiftsReset":0,"carSelections":0},"currentShift":null}

stdout | src/PackageCarTracker.test.jsx > Board view > toggles between list and board layouts using the explicit buttons
[PackageCarTracker] Render. StatusFilter: all, LocationFilter: all
[PackageCarTracker] Render. StatusFilter: all, LocationFilter: all

stdout | src/PackageCarTracker.test.jsx > Board view > toggles between list and board layouts using the explicit buttons
[PackageCarTracker] Render. StatusFilter: all, LocationFilter: all

stdout | src/PackageCarTracker.test.jsx > Board view > groups only the currently filtered cars into their location columns
PackageCarTracker initialData: {
  trackerVersion: 2,
  cars: [
    {
      id: '111111',
      location: 'Yard',
      arrived: false,
      late: false,
      empty: false
    },
    {
      id: '222222',
      location: '200',
      arrived: true,
      late: false,
      empty: false
    },
    {
      id: '333333',
      location: '300',
      arrived: true,
      late: false,
      empty: true
    },
    {
      id: '444444',
      location: 'Shop',
      arrived: false,
      late: true,
      empty: false
    },
    {
      id: '555555',
      location: '500',
      arrived: true,
      late: false,
      empty: false
    }
  ],
  usage: {
    filterClicks: 0,
    locationClicks: 0,
    viewToggles: 0,
    arrivedToggles: 0,
    lateToggles: 0,
    emptyToggles: 0,
    carsAdded: 0,
    carsRemoved: 0,
    carLocationChanges: 0,
    csvImports: 0,
    csvExports: 0,
    shiftsReset: 0,
    carSelections: 0
  },
  currentShift: null
}
[PackageCarTracker] Render. StatusFilter: all, LocationFilter: all
Filtering cars. Filter: all, Total cars: 5
Session started: test-session

stderr | src/PackageCarTracker.test.jsx > Board view > groups only the currently filtered cars into their location columns
seedFleet called with 5 cars
localStorage after seed: {"trackerVersion":2,"cars":[{"id":"111111","location":"Yard","arrived":false,"late":false,"empty":false},{"id":"222222","location":"200","arrived":true,"late":false,"empty":false},{"id":"333333","location":"300","arrived":true,"late":false,"empty":true},{"id":"444444","location":"Shop","arrived":false,"late":true,"empty":false},{"id":"555555","location":"500","arrived":true,"late":false,"empty":false}],"usage":{"filterClicks":0,"locationClicks":0,"viewToggles":0,"arrivedToggles":0,"lateToggles":0,"emptyToggles":0,"carsAdded":0,"carsRemoved":0,"carLocationChanges":0,"csvImports":0,"csvExports":0,"shiftsReset":0,"carSelections":0},"currentShift":null}

stdout | src/PackageCarTracker.test.jsx > Board view > groups only the currently filtered cars into their location columns
[PackageCarTracker] Render. StatusFilter: all, LocationFilter: all

stdout | src/PackageCarTracker.test.jsx > Board view > groups only the currently filtered cars into their location columns
[PackageCarTracker] Render. StatusFilter: all, LocationFilter: all
Filtering cars. Filter: all, Total cars: 5

stdout | src/PackageCarTracker.test.jsx > Board view > groups only the currently filtered cars into their location columns
[PackageCarTracker] Render. StatusFilter: all, LocationFilter: all
Filtering cars. Filter: all, Total cars: 5

stdout | src/PackageCarTracker.test.jsx > Board view > groups only the currently filtered cars into their location columns
[PackageCarTracker] Render. StatusFilter: all, LocationFilter: all
Filtering cars. Filter: all, Total cars: 5

stdout | src/PackageCarTracker.test.jsx > Board view > groups only the currently filtered cars into their location columns
[PackageCarTracker] Clicked filter: arrivedNotEmpty
[PackageCarTracker] Render. StatusFilter: arrivedNotEmpty, LocationFilter: all
Filtering cars. Filter: arrivedNotEmpty, Total cars: 5

stdout | src/PackageCarTracker.test.jsx > Board view > groups only the currently filtered cars into their location columns
[PackageCarTracker] Render. StatusFilter: arrivedNotEmpty, LocationFilter: 500
Filtering cars. Filter: arrivedNotEmpty, Total cars: 5

stdout | src/PackageCarTracker.test.jsx > Board view > groups only the currently filtered cars into their location columns
[PackageCarTracker] Render. StatusFilter: arrivedNotEmpty, LocationFilter: 500

stdout | src/PackageCarTracker.test.jsx > Board view > applies snap scrolling and sticky headers for handheld ergonomics
PackageCarTracker initialData: {
  trackerVersion: 2,
  cars: [
    {
      id: '111111',
      location: 'Yard',
      arrived: false,
      late: false,
      empty: false
    },
    {
      id: '222222',
      location: '200',
      arrived: true,
      late: false,
      empty: false
    },
    {
      id: '333333',
      location: '300',
      arrived: true,
      late: false,
      empty: true
    },
    {
      id: '444444',
      location: 'Shop',
      arrived: false,
      late: true,
      empty: false
    },
    {
      id: '555555',
      location: '500',
      arrived: true,
      late: false,
      empty: false
    }
  ],
  usage: {
    filterClicks: 0,
    locationClicks: 0,
    viewToggles: 0,
    arrivedToggles: 0,
    lateToggles: 0,
    emptyToggles: 0,
    carsAdded: 0,
    carsRemoved: 0,
    carLocationChanges: 0,
    csvImports: 0,
    csvExports: 0,
    shiftsReset: 0,
    carSelections: 0
  },
  currentShift: null
}
[PackageCarTracker] Render. StatusFilter: all, LocationFilter: all
Filtering cars. Filter: all, Total cars: 5
Session started: test-session

stderr | src/PackageCarTracker.test.jsx > Board view > applies snap scrolling and sticky headers for handheld ergonomics
seedFleet called with 5 cars
localStorage after seed: {"trackerVersion":2,"cars":[{"id":"111111","location":"Yard","arrived":false,"late":false,"empty":false},{"id":"222222","location":"200","arrived":true,"late":false,"empty":false},{"id":"333333","location":"300","arrived":true,"late":false,"empty":true},{"id":"444444","location":"Shop","arrived":false,"late":true,"empty":false},{"id":"555555","location":"500","arrived":true,"late":false,"empty":false}],"usage":{"filterClicks":0,"locationClicks":0,"viewToggles":0,"arrivedToggles":0,"lateToggles":0,"emptyToggles":0,"carsAdded":0,"carsRemoved":0,"carLocationChanges":0,"csvImports":0,"csvExports":0,"shiftsReset":0,"carSelections":0},"currentShift":null}

stdout | src/PackageCarTracker.test.jsx > Board view > applies snap scrolling and sticky headers for handheld ergonomics
[PackageCarTracker] Render. StatusFilter: all, LocationFilter: all

stdout | src/PackageCarTracker.test.jsx > Data Management > migrates v1 data to v2 format
PackageCarTracker initialData: {
  trackerVersion: 2,
  cars: [
    {
      id: '111111',
      location: 'Yard',
      arrived: false,
      late: false,
      empty: false
    }
  ],
  usage: {
    filterClicks: 0,
    locationClicks: 0,
    viewToggles: 0,
    arrivedToggles: 0,
    lateToggles: 0,
    emptyToggles: 0,
    carsAdded: 0,
    carsRemoved: 0,
    carLocationChanges: 0,
    csvImports: 0,
    csvExports: 0,
    shiftsReset: 0,
    carSelections: 0
  },
  currentShift: null
}
[PackageCarTracker] Render. StatusFilter: all, LocationFilter: all
Filtering cars. Filter: all, Total cars: 1
Session started: test-session

stdout | src/PackageCarTracker.test.jsx > Data Management > tracks usage stats
PackageCarTracker initialData: {
  trackerVersion: 2,
  cars: [
    {
      id: '111111',
      location: 'Yard',
      arrived: false,
      late: false,
      empty: false
    },
    {
      id: '222222',
      location: '200',
      arrived: true,
      late: false,
      empty: false
    },
    {
      id: '333333',
      location: '300',
      arrived: true,
      late: false,
      empty: true
    },
    {
      id: '444444',
      location: 'Shop',
      arrived: false,
      late: true,
      empty: false
    },
    {
      id: '555555',
      location: '500',
      arrived: true,
      late: false,
      empty: false
    }
  ],
  usage: {
    filterClicks: 0,
    locationClicks: 0,
    viewToggles: 0,
    arrivedToggles: 0,
    lateToggles: 0,
    emptyToggles: 0,
    carsAdded: 0,
    carsRemoved: 0,
    carLocationChanges: 0,
    csvImports: 0,
    csvExports: 0,
    shiftsReset: 0,
    carSelections: 0
  },
  currentShift: null
}
[PackageCarTracker] Render. StatusFilter: all, LocationFilter: all
Filtering cars. Filter: all, Total cars: 5
Session started: test-session

stderr | src/PackageCarTracker.test.jsx > Data Management > tracks usage stats
seedFleet called with 5 cars
localStorage after seed: {"trackerVersion":2,"cars":[{"id":"111111","location":"Yard","arrived":false,"late":false,"empty":false},{"id":"222222","location":"200","arrived":true,"late":false,"empty":false},{"id":"333333","location":"300","arrived":true,"late":false,"empty":true},{"id":"444444","location":"Shop","arrived":false,"late":true,"empty":false},{"id":"555555","location":"500","arrived":true,"late":false,"empty":false}],"usage":{"filterClicks":0,"locationClicks":0,"viewToggles":0,"arrivedToggles":0,"lateToggles":0,"emptyToggles":0,"carsAdded":0,"carsRemoved":0,"carLocationChanges":0,"csvImports":0,"csvExports":0,"shiftsReset":0,"carSelections":0},"currentShift":null}

stdout | src/PackageCarTracker.test.jsx > Data Management > tracks usage stats
[PackageCarTracker] Clicked filter: pending
[PackageCarTracker] Render. StatusFilter: pending, LocationFilter: all
Filtering cars. Filter: pending, Total cars: 5

stdout | src/PackageCarTracker.test.jsx > Data Management > falls back to defaults when stored JSON is malformed
PackageCarTracker initialData: {
  trackerVersion: 2,
  cars: [],
  usage: {
    filterClicks: 0,
    locationClicks: 0,
    viewToggles: 0,
    arrivedToggles: 0,
    lateToggles: 0,
    emptyToggles: 0,
    carsAdded: 0,
    carsRemoved: 0,
    carLocationChanges: 0,
    csvImports: 0,
    csvExports: 0,
    shiftsReset: 0,
    carSelections: 0
  },
  currentShift: null
}
[PackageCarTracker] Render. StatusFilter: all, LocationFilter: all
Filtering cars. Filter: all, Total cars: 0
Session started: test-session

stderr | src/PackageCarTracker.test.jsx > Data Management > falls back to defaults when stored JSON is malformed
loadState: JSON parse error, clearing storage entry

stdout | src/PackageCarTracker.test.jsx > Fleet management tools > only shows fleet manager tools when manage mode is enabled
PackageCarTracker initialData: {
  trackerVersion: 2,
  cars: [
    {
      id: '111111',
      location: 'Yard',
      arrived: false,
      late: false,
      empty: false
    },
    {
      id: '222222',
      location: '200',
      arrived: true,
      late: false,
      empty: false
    },
    {
      id: '333333',
      location: '300',
      arrived: true,
      late: false,
      empty: true
    },
    {
      id: '444444',
      location: 'Shop',
      arrived: false,
      late: true,
      empty: false
    },
    {
      id: '555555',
      location: '500',
      arrived: true,
      late: false,
      empty: false
    }
  ],
  usage: {
    filterClicks: 0,
    locationClicks: 0,
    viewToggles: 0,
    arrivedToggles: 0,
    lateToggles: 0,
    emptyToggles: 0,
    carsAdded: 0,
    carsRemoved: 0,
    carLocationChanges: 0,
    csvImports: 0,
    csvExports: 0,
    shiftsReset: 0,
    carSelections: 0
  },
  currentShift: null
}
[PackageCarTracker] Render. StatusFilter: all, LocationFilter: all
Filtering cars. Filter: all, Total cars: 5
Session started: test-session

stderr | src/PackageCarTracker.test.jsx > Fleet management tools > only shows fleet manager tools when manage mode is enabled
seedFleet called with 5 cars
localStorage after seed: {"trackerVersion":2,"cars":[{"id":"111111","location":"Yard","arrived":false,"late":false,"empty":false},{"id":"222222","location":"200","arrived":true,"late":false,"empty":false},{"id":"333333","location":"300","arrived":true,"late":false,"empty":true},{"id":"444444","location":"Shop","arrived":false,"late":true,"empty":false},{"id":"555555","location":"500","arrived":true,"late":false,"empty":false}],"usage":{"filterClicks":0,"locationClicks":0,"viewToggles":0,"arrivedToggles":0,"lateToggles":0,"emptyToggles":0,"carsAdded":0,"carsRemoved":0,"carLocationChanges":0,"csvImports":0,"csvExports":0,"shiftsReset":0,"carSelections":0},"currentShift":null}

stdout | src/PackageCarTracker.test.jsx > Fleet management tools > only shows fleet manager tools when manage mode is enabled
[PackageCarTracker] Render. StatusFilter: all, LocationFilter: all

stdout | src/PackageCarTracker.test.jsx > Fleet management tools > only shows fleet manager tools when manage mode is enabled
[PackageCarTracker] Render. StatusFilter: all, LocationFilter: all
[PackageCarTracker] Render. StatusFilter: all, LocationFilter: all

stdout | src/PackageCarTracker.test.jsx > Fleet management tools > opens the fleet manager modal with roster controls
PackageCarTracker initialData: {
  trackerVersion: 2,
  cars: [
    {
      id: '111111',
      location: 'Yard',
      arrived: false,
      late: false,
      empty: false
    },
    {
      id: '222222',
      location: '200',
      arrived: true,
      late: false,
      empty: false
    },
    {
      id: '333333',
      location: '300',
      arrived: true,
      late: false,
      empty: true
    },
    {
      id: '444444',
      location: 'Shop',
      arrived: false,
      late: true,
      empty: false
    },
    {
      id: '555555',
      location: '500',
      arrived: true,
      late: false,
      empty: false
    }
  ],
  usage: {
    filterClicks: 0,
    locationClicks: 0,
    viewToggles: 0,
    arrivedToggles: 0,
    lateToggles: 0,
    emptyToggles: 0,
    carsAdded: 0,
    carsRemoved: 0,
    carLocationChanges: 0,
    csvImports: 0,
    csvExports: 0,
    shiftsReset: 0,
    carSelections: 0
  },
  currentShift: null
}
[PackageCarTracker] Render. StatusFilter: all, LocationFilter: all
Filtering cars. Filter: all, Total cars: 5
Session started: test-session

stderr | src/PackageCarTracker.test.jsx > Fleet management tools > opens the fleet manager modal with roster controls
seedFleet called with 5 cars
localStorage after seed: {"trackerVersion":2,"cars":[{"id":"111111","location":"Yard","arrived":false,"late":false,"empty":false},{"id":"222222","location":"200","arrived":true,"late":false,"empty":false},{"id":"333333","location":"300","arrived":true,"late":false,"empty":true},{"id":"444444","location":"Shop","arrived":false,"late":true,"empty":false},{"id":"555555","location":"500","arrived":true,"late":false,"empty":false}],"usage":{"filterClicks":0,"locationClicks":0,"viewToggles":0,"arrivedToggles":0,"lateToggles":0,"emptyToggles":0,"carsAdded":0,"carsRemoved":0,"carLocationChanges":0,"csvImports":0,"csvExports":0,"shiftsReset":0,"carSelections":0},"currentShift":null}

stdout | src/PackageCarTracker.test.jsx > Fleet management tools > opens the fleet manager modal with roster controls
[PackageCarTracker] Render. StatusFilter: all, LocationFilter: all
[PackageCarTracker] Render. StatusFilter: all, LocationFilter: all

stdout | src/PackageCarTracker.test.jsx > Fleet management tools > opens the fleet manager modal with roster controls
[PackageCarTracker] Render. StatusFilter: all, LocationFilter: all

stdout | src/PackageCarTracker.test.jsx > Fleet management tools > opens the fleet manager modal with roster controls
[PackageCarTracker] Render. StatusFilter: all, LocationFilter: all

stdout | src/PackageCarTracker.test.jsx > Fleet management tools > imports fleet IDs from CSV
PackageCarTracker initialData: {
  trackerVersion: 2,
  cars: [
    {
      id: '111111',
      location: 'Yard',
      arrived: false,
      late: false,
      empty: false
    },
    {
      id: '222222',
      location: '200',
      arrived: true,
      late: false,
      empty: false
    },
    {
      id: '333333',
      location: '300',
      arrived: true,
      late: false,
      empty: true
    },
    {
      id: '444444',
      location: 'Shop',
      arrived: false,
      late: true,
      empty: false
    },
    {
      id: '555555',
      location: '500',
      arrived: true,
      late: false,
      empty: false
    }
  ],
  usage: {
    filterClicks: 0,
    locationClicks: 0,
    viewToggles: 0,
    arrivedToggles: 0,
    lateToggles: 0,
    emptyToggles: 0,
    carsAdded: 0,
    carsRemoved: 0,
    carLocationChanges: 0,
    csvImports: 0,
    csvExports: 0,
    shiftsReset: 0,
    carSelections: 0
  },
  currentShift: null
}
[PackageCarTracker] Render. StatusFilter: all, LocationFilter: all
Filtering cars. Filter: all, Total cars: 5
Session started: test-session

stderr | src/PackageCarTracker.test.jsx > Fleet management tools > imports fleet IDs from CSV
seedFleet called with 5 cars
localStorage after seed: {"trackerVersion":2,"cars":[{"id":"111111","location":"Yard","arrived":false,"late":false,"empty":false},{"id":"222222","location":"200","arrived":true,"late":false,"empty":false},{"id":"333333","location":"300","arrived":true,"late":false,"empty":true},{"id":"444444","location":"Shop","arrived":false,"late":true,"empty":false},{"id":"555555","location":"500","arrived":true,"late":false,"empty":false}],"usage":{"filterClicks":0,"locationClicks":0,"viewToggles":0,"arrivedToggles":0,"lateToggles":0,"emptyToggles":0,"carsAdded":0,"carsRemoved":0,"carLocationChanges":0,"csvImports":0,"csvExports":0,"shiftsReset":0,"carSelections":0},"currentShift":null}

stdout | src/PackageCarTracker.test.jsx > Fleet management tools > imports fleet IDs from CSV
[PackageCarTracker] Render. StatusFilter: all, LocationFilter: all
[PackageCarTracker] Render. StatusFilter: all, LocationFilter: all

stdout | src/PackageCarTracker.test.jsx > Fleet management tools > imports fleet IDs from CSV
[PackageCarTracker] Render. StatusFilter: all, LocationFilter: all

stdout | src/PackageCarTracker.test.jsx > Fleet management tools > imports fleet IDs from CSV
[PackageCarTracker] Render. StatusFilter: all, LocationFilter: all
Filtering cars. Filter: all, Total cars: 7

stdout | src/PackageCarTracker.test.jsx > Fleet management tools > alerts when a CSV only contains existing IDs
PackageCarTracker initialData: {
  trackerVersion: 2,
  cars: [
    {
      id: '111111',
      location: 'Yard',
      arrived: false,
      late: false,
      empty: false
    },
    {
      id: '222222',
      location: '200',
      arrived: true,
      late: false,
      empty: false
    },
    {
      id: '333333',
      location: '300',
      arrived: true,
      late: false,
      empty: true
    },
    {
      id: '444444',
      location: 'Shop',
      arrived: false,
      late: true,
      empty: false
    },
    {
      id: '555555',
      location: '500',
      arrived: true,
      late: false,
      empty: false
    }
  ],
  usage: {
    filterClicks: 0,
    locationClicks: 0,
    viewToggles: 0,
    arrivedToggles: 0,
    lateToggles: 0,
    emptyToggles: 0,
    carsAdded: 0,
    carsRemoved: 0,
    carLocationChanges: 0,
    csvImports: 0,
    csvExports: 0,
    shiftsReset: 0,
    carSelections: 0
  },
  currentShift: null
}
[PackageCarTracker] Render. StatusFilter: all, LocationFilter: all
Filtering cars. Filter: all, Total cars: 5
Session started: test-session

stderr | src/PackageCarTracker.test.jsx > Fleet management tools > alerts when a CSV only contains existing IDs
seedFleet called with 5 cars
localStorage after seed: {"trackerVersion":2,"cars":[{"id":"111111","location":"Yard","arrived":false,"late":false,"empty":false},{"id":"222222","location":"200","arrived":true,"late":false,"empty":false},{"id":"333333","location":"300","arrived":true,"late":false,"empty":true},{"id":"444444","location":"Shop","arrived":false,"late":true,"empty":false},{"id":"555555","location":"500","arrived":true,"late":false,"empty":false}],"usage":{"filterClicks":0,"locationClicks":0,"viewToggles":0,"arrivedToggles":0,"lateToggles":0,"emptyToggles":0,"carsAdded":0,"carsRemoved":0,"carLocationChanges":0,"csvImports":0,"csvExports":0,"shiftsReset":0,"carSelections":0},"currentShift":null}

stdout | src/PackageCarTracker.test.jsx > Fleet management tools > alerts when a CSV only contains existing IDs
[PackageCarTracker] Render. StatusFilter: all, LocationFilter: all
[PackageCarTracker] Render. StatusFilter: all, LocationFilter: all

stdout | src/PackageCarTracker.test.jsx > Fleet management tools > alerts when a CSV only contains existing IDs
[PackageCarTracker] Render. StatusFilter: all, LocationFilter: all

stdout | src/PackageCarTracker.test.jsx > Fleet management tools > alerts when a CSV only contains existing IDs
[PackageCarTracker] Render. StatusFilter: all, LocationFilter: all
Filtering cars. Filter: all, Total cars: 5

stdout | src/PackageCarTracker.test.jsx > Fleet management tools > exports the current fleet roster to CSV
PackageCarTracker initialData: {
  trackerVersion: 2,
  cars: [
    {
      id: '111111',
      location: 'Yard',
      arrived: false,
      late: false,
      empty: false
    },
    {
      id: '222222',
      location: '200',
      arrived: true,
      late: false,
      empty: false
    },
    {
      id: '333333',
      location: '300',
      arrived: true,
      late: false,
      empty: true
    },
    {
      id: '444444',
      location: 'Shop',
      arrived: false,
      late: true,
      empty: false
    },
    {
      id: '555555',
      location: '500',
      arrived: true,
      late: false,
      empty: false
    }
  ],
  usage: {
    filterClicks: 0,
    locationClicks: 0,
    viewToggles: 0,
    arrivedToggles: 0,
    lateToggles: 0,
    emptyToggles: 0,
    carsAdded: 0,
    carsRemoved: 0,
    carLocationChanges: 0,
    csvImports: 0,
    csvExports: 0,
    shiftsReset: 0,
    carSelections: 0
  },
  currentShift: null
}
[PackageCarTracker] Render. StatusFilter: all, LocationFilter: all
Filtering cars. Filter: all, Total cars: 5
Session started: test-session

stderr | src/PackageCarTracker.test.jsx > Fleet management tools > exports the current fleet roster to CSV
seedFleet called with 5 cars
localStorage after seed: {"trackerVersion":2,"cars":[{"id":"111111","location":"Yard","arrived":false,"late":false,"empty":false},{"id":"222222","location":"200","arrived":true,"late":false,"empty":false},{"id":"333333","location":"300","arrived":true,"late":false,"empty":true},{"id":"444444","location":"Shop","arrived":false,"late":true,"empty":false},{"id":"555555","location":"500","arrived":true,"late":false,"empty":false}],"usage":{"filterClicks":0,"locationClicks":0,"viewToggles":0,"arrivedToggles":0,"lateToggles":0,"emptyToggles":0,"carsAdded":0,"carsRemoved":0,"carLocationChanges":0,"csvImports":0,"csvExports":0,"shiftsReset":0,"carSelections":0},"currentShift":null}

stdout | src/PackageCarTracker.test.jsx > Fleet management tools > exports the current fleet roster to CSV
[PackageCarTracker] Render. StatusFilter: all, LocationFilter: all
[PackageCarTracker] Render. StatusFilter: all, LocationFilter: all

stdout | src/PackageCarTracker.test.jsx > Fleet management tools > exports the current fleet roster to CSV
[PackageCarTracker] Render. StatusFilter: all, LocationFilter: all

stdout | src/PackageCarTracker.test.jsx > Fleet management tools > resets fleet statuses when starting a new shift
PackageCarTracker initialData: {
  trackerVersion: 2,
  cars: [
    {
      id: '111111',
      location: 'Yard',
      arrived: false,
      late: false,
      empty: false
    },
    {
      id: '222222',
      location: '200',
      arrived: true,
      late: false,
      empty: false
    },
    {
      id: '333333',
      location: '300',
      arrived: true,
      late: false,
      empty: true
    },
    {
      id: '444444',
      location: 'Shop',
      arrived: false,
      late: true,
      empty: false
    },
    {
      id: '555555',
      location: '500',
      arrived: true,
      late: false,
      empty: false
    }
  ],
  usage: {
    filterClicks: 0,
    locationClicks: 0,
    viewToggles: 0,
    arrivedToggles: 0,
    lateToggles: 0,
    emptyToggles: 0,
    carsAdded: 0,
    carsRemoved: 0,
    carLocationChanges: 0,
    csvImports: 0,
    csvExports: 0,
    shiftsReset: 0,
    carSelections: 0
  },
  currentShift: null
}
[PackageCarTracker] Render. StatusFilter: all, LocationFilter: all
Filtering cars. Filter: all, Total cars: 5
Session started: test-session

stderr | src/PackageCarTracker.test.jsx > Fleet management tools > resets fleet statuses when starting a new shift
seedFleet called with 5 cars
localStorage after seed: {"trackerVersion":2,"cars":[{"id":"111111","location":"Yard","arrived":false,"late":false,"empty":false},{"id":"222222","location":"200","arrived":true,"late":false,"empty":false},{"id":"333333","location":"300","arrived":true,"late":false,"empty":true},{"id":"444444","location":"Shop","arrived":false,"late":true,"empty":false},{"id":"555555","location":"500","arrived":true,"late":false,"empty":false}],"usage":{"filterClicks":0,"locationClicks":0,"viewToggles":0,"arrivedToggles":0,"lateToggles":0,"emptyToggles":0,"carsAdded":0,"carsRemoved":0,"carLocationChanges":0,"csvImports":0,"csvExports":0,"shiftsReset":0,"carSelections":0},"currentShift":null}

stdout | src/PackageCarTracker.test.jsx > Fleet management tools > resets fleet statuses when starting a new shift
[PackageCarTracker] Render. StatusFilter: all, LocationFilter: all
Shift reset synced to backend
[PackageCarTracker] Render. StatusFilter: all, LocationFilter: all
Filtering cars. Filter: all, Total cars: 5

stdout | src/PackageCarTracker.test.jsx > Schema integration > creates cars with proper schema defaults when adding manually
PackageCarTracker initialData: {
  trackerVersion: 2,
  cars: [],
  usage: {
    filterClicks: 0,
    locationClicks: 0,
    viewToggles: 0,
    arrivedToggles: 0,
    lateToggles: 0,
    emptyToggles: 0,
    carsAdded: 0,
    carsRemoved: 0,
    carLocationChanges: 0,
    csvImports: 0,
    csvExports: 0,
    shiftsReset: 0,
    carSelections: 0
  },
  currentShift: null
}
[PackageCarTracker] Render. StatusFilter: all, LocationFilter: all
Filtering cars. Filter: all, Total cars: 0
Session started: test-session

stderr | src/PackageCarTracker.test.jsx > Schema integration > creates cars with proper schema defaults when adding manually
seedFleet called with 0 cars
localStorage after seed: {"trackerVersion":2,"cars":[],"usage":{"filterClicks":0,"locationClicks":0,"viewToggles":0,"arrivedToggles":0,"lateToggles":0,"emptyToggles":0,"carsAdded":0,"carsRemoved":0,"carLocationChanges":0,"csvImports":0,"csvExports":0,"shiftsReset":0,"carSelections":0},"currentShift":null}

stdout | src/PackageCarTracker.test.jsx > Schema integration > creates cars with proper schema defaults when adding manually
[PackageCarTracker] Render. StatusFilter: all, LocationFilter: all

stdout | src/PackageCarTracker.test.jsx > Schema integration > creates cars with proper schema defaults when adding manually
[PackageCarTracker] Render. StatusFilter: all, LocationFilter: all

stdout | src/PackageCarTracker.test.jsx > Schema integration > creates cars with proper schema defaults when adding manually
[PackageCarTracker] Render. StatusFilter: all, LocationFilter: all

stdout | src/PackageCarTracker.test.jsx > Schema integration > creates cars with proper schema defaults when adding manually
[PackageCarTracker] Render. StatusFilter: all, LocationFilter: all

stdout | src/PackageCarTracker.test.jsx > Schema integration > creates cars with proper schema defaults when adding manually
[PackageCarTracker] Render. StatusFilter: all, LocationFilter: all

stdout | src/PackageCarTracker.test.jsx > Schema integration > creates cars with proper schema defaults when adding manually
[PackageCarTracker] Render. StatusFilter: all, LocationFilter: all

stdout | src/PackageCarTracker.test.jsx > Schema integration > creates cars with proper schema defaults when adding manually
[PackageCarTracker] Render. StatusFilter: all, LocationFilter: all

stdout | src/PackageCarTracker.test.jsx > Schema integration > creates cars with proper schema defaults when adding manually
[PackageCarTracker] Render. StatusFilter: all, LocationFilter: all
[PackageCarTracker] Render. StatusFilter: all, LocationFilter: all
Filtering cars. Filter: all, Total cars: 1

stdout | src/PackageCarTracker.test.jsx > Schema integration > updates car location using schema helpers
PackageCarTracker initialData: {
  trackerVersion: 2,
  cars: [
    {
      id: '123456',
      location: 'Yard',
      arrived: false,
      late: false,
      empty: false
    }
  ],
  usage: {
    filterClicks: 0,
    locationClicks: 0,
    viewToggles: 0,
    arrivedToggles: 0,
    lateToggles: 0,
    emptyToggles: 0,
    carsAdded: 0,
    carsRemoved: 0,
    carLocationChanges: 0,
    csvImports: 0,
    csvExports: 0,
    shiftsReset: 0,
    carSelections: 0
  },
  currentShift: null
}
[PackageCarTracker] Render. StatusFilter: all, LocationFilter: all
Filtering cars. Filter: all, Total cars: 1
Session started: test-session

stderr | src/PackageCarTracker.test.jsx > Schema integration > updates car location using schema helpers
seedFleet called with 1 cars
localStorage after seed: {"trackerVersion":2,"cars":[{"id":"123456","location":"Yard","arrived":false,"late":false,"empty":false}],"usage":{"filterClicks":0,"locationClicks":0,"viewToggles":0,"arrivedToggles":0,"lateToggles":0,"emptyToggles":0,"carsAdded":0,"carsRemoved":0,"carLocationChanges":0,"csvImports":0,"csvExports":0,"shiftsReset":0,"carSelections":0},"currentShift":null}

stdout | src/PackageCarTracker.test.jsx > Schema integration > updates car location using schema helpers
[PackageCarTracker] Render. StatusFilter: all, LocationFilter: all
[PackageCarTracker] Render. StatusFilter: all, LocationFilter: all
Filtering cars. Filter: all, Total cars: 1

stdout | src/PackageCarTracker.test.jsx > Schema integration > preserves car data when toggling status fields
PackageCarTracker initialData: {
  trackerVersion: 2,
  cars: [
    {
      id: '123456',
      location: 'Shop',
      arrived: false,
      late: false,
      empty: false
    }
  ],
  usage: {
    filterClicks: 0,
    locationClicks: 0,
    viewToggles: 0,
    arrivedToggles: 0,
    lateToggles: 0,
    emptyToggles: 0,
    carsAdded: 0,
    carsRemoved: 0,
    carLocationChanges: 0,
    csvImports: 0,
    csvExports: 0,
    shiftsReset: 0,
    carSelections: 0
  },
  currentShift: null
}
[PackageCarTracker] Render. StatusFilter: all, LocationFilter: all
Filtering cars. Filter: all, Total cars: 1
Session started: test-session

stderr | src/PackageCarTracker.test.jsx > Schema integration > preserves car data when toggling status fields
seedFleet called with 1 cars
localStorage after seed: {"trackerVersion":2,"cars":[{"id":"123456","location":"Shop","arrived":false,"late":false,"empty":false}],"usage":{"filterClicks":0,"locationClicks":0,"viewToggles":0,"arrivedToggles":0,"lateToggles":0,"emptyToggles":0,"carsAdded":0,"carsRemoved":0,"carLocationChanges":0,"csvImports":0,"csvExports":0,"shiftsReset":0,"carSelections":0},"currentShift":null}

stdout | src/PackageCarTracker.test.jsx > Schema integration > preserves car data when toggling status fields
[PackageCarTracker] Render. StatusFilter: all, LocationFilter: all
[PackageCarTracker] Render. StatusFilter: all, LocationFilter: all
Filtering cars. Filter: all, Total cars: 1

stdout | src/PackageCarTracker.test.jsx > Schema integration > validates all fields are present after reset shift
PackageCarTracker initialData: {
  trackerVersion: 2,
  cars: [
    {
      id: '111111',
      location: 'Shop',
      arrived: true,
      late: true,
      empty: true
    },
    {
      id: '222222',
      location: '200',
      arrived: true,
      late: false,
      empty: true
    }
  ],
  usage: {
    filterClicks: 0,
    locationClicks: 0,
    viewToggles: 0,
    arrivedToggles: 0,
    lateToggles: 0,
    emptyToggles: 0,
    carsAdded: 0,
    carsRemoved: 0,
    carLocationChanges: 0,
    csvImports: 0,
    csvExports: 0,
    shiftsReset: 0,
    carSelections: 0
  },
  currentShift: null
}
[PackageCarTracker] Render. StatusFilter: all, LocationFilter: all
Filtering cars. Filter: all, Total cars: 2
Session started: test-session

stderr | src/PackageCarTracker.test.jsx > Schema integration > validates all fields are present after reset shift
seedFleet called with 2 cars
localStorage after seed: {"trackerVersion":2,"cars":[{"id":"111111","location":"Shop","arrived":true,"late":true,"empty":true},{"id":"222222","location":"200","arrived":true,"late":false,"empty":true}],"usage":{"filterClicks":0,"locationClicks":0,"viewToggles":0,"arrivedToggles":0,"lateToggles":0,"emptyToggles":0,"carsAdded":0,"carsRemoved":0,"carLocationChanges":0,"csvImports":0,"csvExports":0,"shiftsReset":0,"carSelections":0},"currentShift":null}

stdout | src/PackageCarTracker.test.jsx > Schema integration > validates all fields are present after reset shift
[PackageCarTracker] Render. StatusFilter: all, LocationFilter: all
[PackageCarTracker] Render. StatusFilter: all, LocationFilter: all
Shift reset synced to backend
[PackageCarTracker] Render. StatusFilter: all, LocationFilter: all
Filtering cars. Filter: all, Total cars: 2

stdout | src/PackageCarTracker.test.jsx > Schema integration > does not add unknown fields to cars
PackageCarTracker initialData: {
  trackerVersion: 2,
  cars: [],
  usage: {
    filterClicks: 0,
    locationClicks: 0,
    viewToggles: 0,
    arrivedToggles: 0,
    lateToggles: 0,
    emptyToggles: 0,
    carsAdded: 0,
    carsRemoved: 0,
    carLocationChanges: 0,
    csvImports: 0,
    csvExports: 0,
    shiftsReset: 0,
    carSelections: 0
  },
  currentShift: null
}
[PackageCarTracker] Render. StatusFilter: all, LocationFilter: all
Filtering cars. Filter: all, Total cars: 0
Session started: test-session

stderr | src/PackageCarTracker.test.jsx > Schema integration > does not add unknown fields to cars
seedFleet called with 0 cars
localStorage after seed: {"trackerVersion":2,"cars":[],"usage":{"filterClicks":0,"locationClicks":0,"viewToggles":0,"arrivedToggles":0,"lateToggles":0,"emptyToggles":0,"carsAdded":0,"carsRemoved":0,"carLocationChanges":0,"csvImports":0,"csvExports":0,"shiftsReset":0,"carSelections":0},"currentShift":null}

stdout | src/PackageCarTracker.test.jsx > Schema integration > does not add unknown fields to cars
[PackageCarTracker] Render. StatusFilter: all, LocationFilter: all

stdout | src/PackageCarTracker.test.jsx > Schema integration > does not add unknown fields to cars
[PackageCarTracker] Render. StatusFilter: all, LocationFilter: all

stdout | src/PackageCarTracker.test.jsx > Schema integration > does not add unknown fields to cars
[PackageCarTracker] Render. StatusFilter: all, LocationFilter: all

stdout | src/PackageCarTracker.test.jsx > Schema integration > does not add unknown fields to cars
[PackageCarTracker] Render. StatusFilter: all, LocationFilter: all

stdout | src/PackageCarTracker.test.jsx > Schema integration > does not add unknown fields to cars
[PackageCarTracker] Render. StatusFilter: all, LocationFilter: all

stdout | src/PackageCarTracker.test.jsx > Schema integration > does not add unknown fields to cars
[PackageCarTracker] Render. StatusFilter: all, LocationFilter: all

stdout | src/PackageCarTracker.test.jsx > Schema integration > does not add unknown fields to cars
[PackageCarTracker] Render. StatusFilter: all, LocationFilter: all

stdout | src/PackageCarTracker.test.jsx > Schema integration > does not add unknown fields to cars
[PackageCarTracker] Render. StatusFilter: all, LocationFilter: all
[PackageCarTracker] Render. StatusFilter: all, LocationFilter: all
Filtering cars. Filter: all, Total cars: 1

stdout | src/PackageCarTracker.test.jsx > Usage tracking > should increment filterClicks when status filter is clicked
PackageCarTracker initialData: {
  trackerVersion: 2,
  cars: [
    {
      id: '111111',
      location: 'Yard',
      arrived: false,
      late: false,
      empty: false
    },
    {
      id: '222222',
      location: '200',
      arrived: true,
      late: false,
      empty: false
    },
    {
      id: '333333',
      location: '300',
      arrived: true,
      late: false,
      empty: true
    },
    {
      id: '444444',
      location: 'Shop',
      arrived: false,
      late: true,
      empty: false
    },
    {
      id: '555555',
      location: '500',
      arrived: true,
      late: false,
      empty: false
    }
  ],
  usage: {
    filterClicks: 0,
    locationClicks: 0,
    viewToggles: 0,
    arrivedToggles: 0,
    lateToggles: 0,
    emptyToggles: 0,
    carsAdded: 0,
    carsRemoved: 0,
    carLocationChanges: 0,
    csvImports: 0,
    csvExports: 0,
    shiftsReset: 0,
    carSelections: 0
  },
  currentShift: null
}
[PackageCarTracker] Render. StatusFilter: all, LocationFilter: all
Filtering cars. Filter: all, Total cars: 5
Session started: test-session
[PackageCarTracker] Render. StatusFilter: all, LocationFilter: all

stderr | src/PackageCarTracker.test.jsx > Usage tracking > should increment filterClicks when status filter is clicked
seedFleet called with 5 cars
localStorage after seed: {"trackerVersion":2,"cars":[{"id":"111111","location":"Yard","arrived":false,"late":false,"empty":false},{"id":"222222","location":"200","arrived":true,"late":false,"empty":false},{"id":"333333","location":"300","arrived":true,"late":false,"empty":true},{"id":"444444","location":"Shop","arrived":false,"late":true,"empty":false},{"id":"555555","location":"500","arrived":true,"late":false,"empty":false}],"usage":{"filterClicks":0,"locationClicks":0,"viewToggles":0,"arrivedToggles":0,"lateToggles":0,"emptyToggles":0,"carsAdded":0,"carsRemoved":0,"carLocationChanges":0,"csvImports":0,"csvExports":0,"shiftsReset":0,"carSelections":0},"currentShift":null}

stdout | src/PackageCarTracker.test.jsx > Usage tracking > should increment filterClicks when status filter is clicked
[PackageCarTracker] Clicked filter: pending
[PackageCarTracker] Render. StatusFilter: pending, LocationFilter: all
Filtering cars. Filter: pending, Total cars: 5

stdout | src/PackageCarTracker.test.jsx > Usage tracking > should increment filterClicks when status filter is clicked
[PackageCarTracker] Clicked filter: arrived
[PackageCarTracker] Render. StatusFilter: arrived, LocationFilter: all
Filtering cars. Filter: arrived, Total cars: 5

stdout | src/PackageCarTracker.test.jsx > Usage tracking > should increment locationClicks when location filter is clicked
PackageCarTracker initialData: {
  trackerVersion: 2,
  cars: [
    {
      id: '111111',
      location: 'Yard',
      arrived: false,
      late: false,
      empty: false
    },
    {
      id: '222222',
      location: '200',
      arrived: true,
      late: false,
      empty: false
    },
    {
      id: '333333',
      location: '300',
      arrived: true,
      late: false,
      empty: true
    },
    {
      id: '444444',
      location: 'Shop',
      arrived: false,
      late: true,
      empty: false
    },
    {
      id: '555555',
      location: '500',
      arrived: true,
      late: false,
      empty: false
    }
  ],
  usage: {
    filterClicks: 0,
    locationClicks: 0,
    viewToggles: 0,
    arrivedToggles: 0,
    lateToggles: 0,
    emptyToggles: 0,
    carsAdded: 0,
    carsRemoved: 0,
    carLocationChanges: 0,
    csvImports: 0,
    csvExports: 0,
    shiftsReset: 0,
    carSelections: 0
  },
  currentShift: null
}
[PackageCarTracker] Render. StatusFilter: all, LocationFilter: all
Filtering cars. Filter: all, Total cars: 5
Session started: test-session

stderr | src/PackageCarTracker.test.jsx > Usage tracking > should increment locationClicks when location filter is clicked
seedFleet called with 5 cars
localStorage after seed: {"trackerVersion":2,"cars":[{"id":"111111","location":"Yard","arrived":false,"late":false,"empty":false},{"id":"222222","location":"200","arrived":true,"late":false,"empty":false},{"id":"333333","location":"300","arrived":true,"late":false,"empty":true},{"id":"444444","location":"Shop","arrived":false,"late":true,"empty":false},{"id":"555555","location":"500","arrived":true,"late":false,"empty":false}],"usage":{"filterClicks":0,"locationClicks":0,"viewToggles":0,"arrivedToggles":0,"lateToggles":0,"emptyToggles":0,"carsAdded":0,"carsRemoved":0,"carLocationChanges":0,"csvImports":0,"csvExports":0,"shiftsReset":0,"carSelections":0},"currentShift":null}

stdout | src/PackageCarTracker.test.jsx > Usage tracking > should increment locationClicks when location filter is clicked
[PackageCarTracker] Render. StatusFilter: all, LocationFilter: all
[PackageCarTracker] Render. StatusFilter: all, LocationFilter: 200
Filtering cars. Filter: all, Total cars: 5

stdout | src/PackageCarTracker.test.jsx > Usage tracking > should increment locationClicks when location filter is clicked
[PackageCarTracker] Render. StatusFilter: all, LocationFilter: Shop
Filtering cars. Filter: all, Total cars: 5

stdout | src/PackageCarTracker.test.jsx > Usage tracking > should increment viewToggles when view mode is changed
PackageCarTracker initialData: {
  trackerVersion: 2,
  cars: [
    {
      id: '111111',
      location: 'Yard',
      arrived: false,
      late: false,
      empty: false
    },
    {
      id: '222222',
      location: '200',
      arrived: true,
      late: false,
      empty: false
    },
    {
      id: '333333',
      location: '300',
      arrived: true,
      late: false,
      empty: true
    },
    {
      id: '444444',
      location: 'Shop',
      arrived: false,
      late: true,
      empty: false
    },
    {
      id: '555555',
      location: '500',
      arrived: true,
      late: false,
      empty: false
    }
  ],
  usage: {
    filterClicks: 0,
    locationClicks: 0,
    viewToggles: 0,
    arrivedToggles: 0,
    lateToggles: 0,
    emptyToggles: 0,
    carsAdded: 0,
    carsRemoved: 0,
    carLocationChanges: 0,
    csvImports: 0,
    csvExports: 0,
    shiftsReset: 0,
    carSelections: 0
  },
  currentShift: null
}
[PackageCarTracker] Render. StatusFilter: all, LocationFilter: all
Filtering cars. Filter: all, Total cars: 5
Session started: test-session

stderr | src/PackageCarTracker.test.jsx > Usage tracking > should increment viewToggles when view mode is changed
seedFleet called with 5 cars
localStorage after seed: {"trackerVersion":2,"cars":[{"id":"111111","location":"Yard","arrived":false,"late":false,"empty":false},{"id":"222222","location":"200","arrived":true,"late":false,"empty":false},{"id":"333333","location":"300","arrived":true,"late":false,"empty":true},{"id":"444444","location":"Shop","arrived":false,"late":true,"empty":false},{"id":"555555","location":"500","arrived":true,"late":false,"empty":false}],"usage":{"filterClicks":0,"locationClicks":0,"viewToggles":0,"arrivedToggles":0,"lateToggles":0,"emptyToggles":0,"carsAdded":0,"carsRemoved":0,"carLocationChanges":0,"csvImports":0,"csvExports":0,"shiftsReset":0,"carSelections":0},"currentShift":null}

stdout | src/PackageCarTracker.test.jsx > Usage tracking > should increment viewToggles when view mode is changed
[PackageCarTracker] Render. StatusFilter: all, LocationFilter: all
[PackageCarTracker] Render. StatusFilter: all, LocationFilter: all

stdout | src/PackageCarTracker.test.jsx > Usage tracking > should increment arrivedToggles when arrived status is toggled
PackageCarTracker initialData: {
  trackerVersion: 2,
  cars: [
    {
      id: '111111',
      location: 'Yard',
      arrived: false,
      late: false,
      empty: false
    },
    {
      id: '222222',
      location: '200',
      arrived: true,
      late: false,
      empty: false
    },
    {
      id: '333333',
      location: '300',
      arrived: true,
      late: false,
      empty: true
    },
    {
      id: '444444',
      location: 'Shop',
      arrived: false,
      late: true,
      empty: false
    },
    {
      id: '555555',
      location: '500',
      arrived: true,
      late: false,
      empty: false
    }
  ],
  usage: {
    filterClicks: 0,
    locationClicks: 0,
    viewToggles: 0,
    arrivedToggles: 0,
    lateToggles: 0,
    emptyToggles: 0,
    carsAdded: 0,
    carsRemoved: 0,
    carLocationChanges: 0,
    csvImports: 0,
    csvExports: 0,
    shiftsReset: 0,
    carSelections: 0
  },
  currentShift: null
}
[PackageCarTracker] Render. StatusFilter: all, LocationFilter: all
Filtering cars. Filter: all, Total cars: 5
Session started: test-session

stderr | src/PackageCarTracker.test.jsx > Usage tracking > should increment arrivedToggles when arrived status is toggled
seedFleet called with 5 cars
localStorage after seed: {"trackerVersion":2,"cars":[{"id":"111111","location":"Yard","arrived":false,"late":false,"empty":false},{"id":"222222","location":"200","arrived":true,"late":false,"empty":false},{"id":"333333","location":"300","arrived":true,"late":false,"empty":true},{"id":"444444","location":"Shop","arrived":false,"late":true,"empty":false},{"id":"555555","location":"500","arrived":true,"late":false,"empty":false}],"usage":{"filterClicks":0,"locationClicks":0,"viewToggles":0,"arrivedToggles":0,"lateToggles":0,"emptyToggles":0,"carsAdded":0,"carsRemoved":0,"carLocationChanges":0,"csvImports":0,"csvExports":0,"shiftsReset":0,"carSelections":0},"currentShift":null}

stdout | src/PackageCarTracker.test.jsx > Usage tracking > should increment arrivedToggles when arrived status is toggled
[PackageCarTracker] Render. StatusFilter: all, LocationFilter: all
[PackageCarTracker] Render. StatusFilter: all, LocationFilter: all
[PackageCarTracker] Render. StatusFilter: all, LocationFilter: all
Filtering cars. Filter: all, Total cars: 5

stdout | src/PackageCarTracker.test.jsx > Usage tracking > should increment lateToggles when late status is toggled
PackageCarTracker initialData: {
  trackerVersion: 2,
  cars: [
    {
      id: '111111',
      location: 'Yard',
      arrived: false,
      late: false,
      empty: false
    },
    {
      id: '222222',
      location: '200',
      arrived: true,
      late: false,
      empty: false
    },
    {
      id: '333333',
      location: '300',
      arrived: true,
      late: false,
      empty: true
    },
    {
      id: '444444',
      location: 'Shop',
      arrived: false,
      late: true,
      empty: false
    },
    {
      id: '555555',
      location: '500',
      arrived: true,
      late: false,
      empty: false
    }
  ],
  usage: {
    filterClicks: 0,
    locationClicks: 0,
    viewToggles: 0,
    arrivedToggles: 0,
    lateToggles: 0,
    emptyToggles: 0,
    carsAdded: 0,
    carsRemoved: 0,
    carLocationChanges: 0,
    csvImports: 0,
    csvExports: 0,
    shiftsReset: 0,
    carSelections: 0
  },
  currentShift: null
}
[PackageCarTracker] Render. StatusFilter: all, LocationFilter: all
Filtering cars. Filter: all, Total cars: 5
Session started: test-session

stderr | src/PackageCarTracker.test.jsx > Usage tracking > should increment lateToggles when late status is toggled
seedFleet called with 5 cars
localStorage after seed: {"trackerVersion":2,"cars":[{"id":"111111","location":"Yard","arrived":false,"late":false,"empty":false},{"id":"222222","location":"200","arrived":true,"late":false,"empty":false},{"id":"333333","location":"300","arrived":true,"late":false,"empty":true},{"id":"444444","location":"Shop","arrived":false,"late":true,"empty":false},{"id":"555555","location":"500","arrived":true,"late":false,"empty":false}],"usage":{"filterClicks":0,"locationClicks":0,"viewToggles":0,"arrivedToggles":0,"lateToggles":0,"emptyToggles":0,"carsAdded":0,"carsRemoved":0,"carLocationChanges":0,"csvImports":0,"csvExports":0,"shiftsReset":0,"carSelections":0},"currentShift":null}

stdout | src/PackageCarTracker.test.jsx > Usage tracking > should increment lateToggles when late status is toggled
[PackageCarTracker] Render. StatusFilter: all, LocationFilter: all
[PackageCarTracker] Render. StatusFilter: all, LocationFilter: all
[PackageCarTracker] Render. StatusFilter: all, LocationFilter: all
Filtering cars. Filter: all, Total cars: 5

stdout | src/PackageCarTracker.test.jsx > Usage tracking > should increment emptyToggles when empty status is toggled
PackageCarTracker initialData: {
  trackerVersion: 2,
  cars: [
    {
      id: '111111',
      location: 'Yard',
      arrived: false,
      late: false,
      empty: false
    },
    {
      id: '222222',
      location: '200',
      arrived: true,
      late: false,
      empty: false
    },
    {
      id: '333333',
      location: '300',
      arrived: true,
      late: false,
      empty: true
    },
    {
      id: '444444',
      location: 'Shop',
      arrived: false,
      late: true,
      empty: false
    },
    {
      id: '555555',
      location: '500',
      arrived: true,
      late: false,
      empty: false
    }
  ],
  usage: {
    filterClicks: 0,
    locationClicks: 0,
    viewToggles: 0,
    arrivedToggles: 0,
    lateToggles: 0,
    emptyToggles: 0,
    carsAdded: 0,
    carsRemoved: 0,
    carLocationChanges: 0,
    csvImports: 0,
    csvExports: 0,
    shiftsReset: 0,
    carSelections: 0
  },
  currentShift: null
}
[PackageCarTracker] Render. StatusFilter: all, LocationFilter: all
Filtering cars. Filter: all, Total cars: 5
Session started: test-session

stderr | src/PackageCarTracker.test.jsx > Usage tracking > should increment emptyToggles when empty status is toggled
seedFleet called with 5 cars
localStorage after seed: {"trackerVersion":2,"cars":[{"id":"111111","location":"Yard","arrived":false,"late":false,"empty":false},{"id":"222222","location":"200","arrived":true,"late":false,"empty":false},{"id":"333333","location":"300","arrived":true,"late":false,"empty":true},{"id":"444444","location":"Shop","arrived":false,"late":true,"empty":false},{"id":"555555","location":"500","arrived":true,"late":false,"empty":false}],"usage":{"filterClicks":0,"locationClicks":0,"viewToggles":0,"arrivedToggles":0,"lateToggles":0,"emptyToggles":0,"carsAdded":0,"carsRemoved":0,"carLocationChanges":0,"csvImports":0,"csvExports":0,"shiftsReset":0,"carSelections":0},"currentShift":null}

stdout | src/PackageCarTracker.test.jsx > Usage tracking > should increment emptyToggles when empty status is toggled
[PackageCarTracker] Render. StatusFilter: all, LocationFilter: all
[PackageCarTracker] Render. StatusFilter: all, LocationFilter: all
[PackageCarTracker] Render. StatusFilter: all, LocationFilter: all
Filtering cars. Filter: all, Total cars: 5

stdout | src/PackageCarTracker.test.jsx > Usage tracking > should increment carsAdded when a car is added
PackageCarTracker initialData: {
  trackerVersion: 2,
  cars: [],
  usage: {
    filterClicks: 0,
    locationClicks: 0,
    viewToggles: 0,
    arrivedToggles: 0,
    lateToggles: 0,
    emptyToggles: 0,
    carsAdded: 0,
    carsRemoved: 0,
    carLocationChanges: 0,
    csvImports: 0,
    csvExports: 0,
    shiftsReset: 0,
    carSelections: 0
  },
  currentShift: null
}
[PackageCarTracker] Render. StatusFilter: all, LocationFilter: all
Filtering cars. Filter: all, Total cars: 0
Session started: test-session

stderr | src/PackageCarTracker.test.jsx > Usage tracking > should increment carsAdded when a car is added
seedFleet called with 0 cars
localStorage after seed: {"trackerVersion":2,"cars":[],"usage":{"filterClicks":0,"locationClicks":0,"viewToggles":0,"arrivedToggles":0,"lateToggles":0,"emptyToggles":0,"carsAdded":0,"carsRemoved":0,"carLocationChanges":0,"csvImports":0,"csvExports":0,"shiftsReset":0,"carSelections":0},"currentShift":null}

stdout | src/PackageCarTracker.test.jsx > Usage tracking > should increment carsAdded when a car is added
[PackageCarTracker] Render. StatusFilter: all, LocationFilter: all

stdout | src/PackageCarTracker.test.jsx > Usage tracking > should increment carsAdded when a car is added
[PackageCarTracker] Render. StatusFilter: all, LocationFilter: all

stdout | src/PackageCarTracker.test.jsx > Usage tracking > should increment carsAdded when a car is added
[PackageCarTracker] Render. StatusFilter: all, LocationFilter: all

stdout | src/PackageCarTracker.test.jsx > Usage tracking > should increment carsAdded when a car is added
[PackageCarTracker] Render. StatusFilter: all, LocationFilter: all

stdout | src/PackageCarTracker.test.jsx > Usage tracking > should increment carsAdded when a car is added
[PackageCarTracker] Render. StatusFilter: all, LocationFilter: all

stdout | src/PackageCarTracker.test.jsx > Usage tracking > should increment carsAdded when a car is added
[PackageCarTracker] Render. StatusFilter: all, LocationFilter: all

stdout | src/PackageCarTracker.test.jsx > Usage tracking > should increment carsAdded when a car is added
[PackageCarTracker] Render. StatusFilter: all, LocationFilter: all

stdout | src/PackageCarTracker.test.jsx > Usage tracking > should increment carsAdded when a car is added
[PackageCarTracker] Render. StatusFilter: all, LocationFilter: all
[PackageCarTracker] Render. StatusFilter: all, LocationFilter: all
Filtering cars. Filter: all, Total cars: 1

stdout | src/PackageCarTracker.test.jsx > Usage tracking > should increment carsRemoved when a car is removed
PackageCarTracker initialData: {
  trackerVersion: 2,
  cars: [
    {
      id: '111111',
      location: 'Yard',
      arrived: false,
      late: false,
      empty: false
    },
    {
      id: '222222',
      location: '200',
      arrived: true,
      late: false,
      empty: false
    },
    {
      id: '333333',
      location: '300',
      arrived: true,
      late: false,
      empty: true
    },
    {
      id: '444444',
      location: 'Shop',
      arrived: false,
      late: true,
      empty: false
    },
    {
      id: '555555',
      location: '500',
      arrived: true,
      late: false,
      empty: false
    }
  ],
  usage: {
    filterClicks: 0,
    locationClicks: 0,
    viewToggles: 0,
    arrivedToggles: 0,
    lateToggles: 0,
    emptyToggles: 0,
    carsAdded: 0,
    carsRemoved: 0,
    carLocationChanges: 0,
    csvImports: 0,
    csvExports: 0,
    shiftsReset: 0,
    carSelections: 0
  },
  currentShift: null
}
[PackageCarTracker] Render. StatusFilter: all, LocationFilter: all
Filtering cars. Filter: all, Total cars: 5
Session started: test-session
[PackageCarTracker] Render. StatusFilter: all, LocationFilter: all

stderr | src/PackageCarTracker.test.jsx > Usage tracking > should increment carsRemoved when a car is removed
seedFleet called with 5 cars
localStorage after seed: {"trackerVersion":2,"cars":[{"id":"111111","location":"Yard","arrived":false,"late":false,"empty":false},{"id":"222222","location":"200","arrived":true,"late":false,"empty":false},{"id":"333333","location":"300","arrived":true,"late":false,"empty":true},{"id":"444444","location":"Shop","arrived":false,"late":true,"empty":false},{"id":"555555","location":"500","arrived":true,"late":false,"empty":false}],"usage":{"filterClicks":0,"locationClicks":0,"viewToggles":0,"arrivedToggles":0,"lateToggles":0,"emptyToggles":0,"carsAdded":0,"carsRemoved":0,"carLocationChanges":0,"csvImports":0,"csvExports":0,"shiftsReset":0,"carSelections":0},"currentShift":null}

stdout | src/PackageCarTracker.test.jsx > Usage tracking > should increment carsRemoved when a car is removed
[PackageCarTracker] Render. StatusFilter: all, LocationFilter: all

stdout | src/PackageCarTracker.test.jsx > Usage tracking > should increment carsRemoved when a car is removed
[PackageCarTracker] Render. StatusFilter: all, LocationFilter: all
[PackageCarTracker] Render. StatusFilter: all, LocationFilter: all
Filtering cars. Filter: all, Total cars: 4

stdout | src/PackageCarTracker.test.jsx > Usage tracking > should increment carLocationChanges when a car location is updated
PackageCarTracker initialData: {
  trackerVersion: 2,
  cars: [
    {
      id: '111111',
      location: 'Yard',
      arrived: false,
      late: false,
      empty: false
    },
    {
      id: '222222',
      location: '200',
      arrived: true,
      late: false,
      empty: false
    },
    {
      id: '333333',
      location: '300',
      arrived: true,
      late: false,
      empty: true
    },
    {
      id: '444444',
      location: 'Shop',
      arrived: false,
      late: true,
      empty: false
    },
    {
      id: '555555',
      location: '500',
      arrived: true,
      late: false,
      empty: false
    }
  ],
  usage: {
    filterClicks: 0,
    locationClicks: 0,
    viewToggles: 0,
    arrivedToggles: 0,
    lateToggles: 0,
    emptyToggles: 0,
    carsAdded: 0,
    carsRemoved: 0,
    carLocationChanges: 0,
    csvImports: 0,
    csvExports: 0,
    shiftsReset: 0,
    carSelections: 0
  },
  currentShift: null
}
[PackageCarTracker] Render. StatusFilter: all, LocationFilter: all
Filtering cars. Filter: all, Total cars: 5
Session started: test-session

stderr | src/PackageCarTracker.test.jsx > Usage tracking > should increment carLocationChanges when a car location is updated
seedFleet called with 5 cars
localStorage after seed: {"trackerVersion":2,"cars":[{"id":"111111","location":"Yard","arrived":false,"late":false,"empty":false},{"id":"222222","location":"200","arrived":true,"late":false,"empty":false},{"id":"333333","location":"300","arrived":true,"late":false,"empty":true},{"id":"444444","location":"Shop","arrived":false,"late":true,"empty":false},{"id":"555555","location":"500","arrived":true,"late":false,"empty":false}],"usage":{"filterClicks":0,"locationClicks":0,"viewToggles":0,"arrivedToggles":0,"lateToggles":0,"emptyToggles":0,"carsAdded":0,"carsRemoved":0,"carLocationChanges":0,"csvImports":0,"csvExports":0,"shiftsReset":0,"carSelections":0},"currentShift":null}

stdout | src/PackageCarTracker.test.jsx > Usage tracking > should increment carLocationChanges when a car location is updated
[PackageCarTracker] Render. StatusFilter: all, LocationFilter: all
[PackageCarTracker] Render. StatusFilter: all, LocationFilter: all
Filtering cars. Filter: all, Total cars: 5

stdout | src/PackageCarTracker.test.jsx > Usage tracking > should increment carLocationChanges when a car location is updated
PackageCarTracker initialData: {
  trackerVersion: 2,
  cars: [
    {
      id: '111111',
      location: 'Yard',
      arrived: false,
      late: false,
      empty: false
    },
    {
      id: '222222',
      location: '200',
      arrived: true,
      late: false,
      empty: false
    },
    {
      id: '333333',
      location: '300',
      arrived: true,
      late: false,
      empty: true
    },
    {
      id: '444444',
      location: 'Shop',
      arrived: false,
      late: true,
      empty: false
    },
    {
      id: '555555',
      location: '500',
      arrived: true,
      late: false,
      empty: false
    }
  ],
  usage: {
    filterClicks: 0,
    locationClicks: 0,
    viewToggles: 0,
    arrivedToggles: 0,
    lateToggles: 0,
    emptyToggles: 0,
    carsAdded: 0,
    carsRemoved: 0,
    carLocationChanges: 0,
    csvImports: 0,
    csvExports: 0,
    shiftsReset: 0,
    carSelections: 0
  },
  currentShift: null
}
[PackageCarTracker] Render. StatusFilter: all, LocationFilter: all
Filtering cars. Filter: all, Total cars: 5
Session started: test-session

stderr | src/PackageCarTracker.test.jsx > Usage tracking > should increment carLocationChanges when a car location is updated
seedFleet called with 5 cars
localStorage after seed: {"trackerVersion":2,"cars":[{"id":"111111","location":"Yard","arrived":false,"late":false,"empty":false},{"id":"222222","location":"200","arrived":true,"late":false,"empty":false},{"id":"333333","location":"300","arrived":true,"late":false,"empty":true},{"id":"444444","location":"Shop","arrived":false,"late":true,"empty":false},{"id":"555555","location":"500","arrived":true,"late":false,"empty":false}],"usage":{"filterClicks":0,"locationClicks":0,"viewToggles":0,"arrivedToggles":0,"lateToggles":0,"emptyToggles":0,"carsAdded":0,"carsRemoved":0,"carLocationChanges":0,"csvImports":0,"csvExports":0,"shiftsReset":0,"carSelections":0},"currentShift":null}

stdout | src/PackageCarTracker.test.jsx > Usage tracking > should increment carLocationChanges when a car location is updated
[PackageCarTracker] Render. StatusFilter: all, LocationFilter: all
[PackageCarTracker] Render. StatusFilter: all, LocationFilter: all
[PackageCarTracker] Render. StatusFilter: all, LocationFilter: all
Filtering cars. Filter: all, Total cars: 5

stdout | src/PackageCarTracker.test.jsx > Usage tracking > should increment shiftsReset when shift is reset
PackageCarTracker initialData: {
  trackerVersion: 2,
  cars: [
    {
      id: '111111',
      location: 'Yard',
      arrived: false,
      late: false,
      empty: false
    },
    {
      id: '222222',
      location: '200',
      arrived: true,
      late: false,
      empty: false
    },
    {
      id: '333333',
      location: '300',
      arrived: true,
      late: false,
      empty: true
    },
    {
      id: '444444',
      location: 'Shop',
      arrived: false,
      late: true,
      empty: false
    },
    {
      id: '555555',
      location: '500',
      arrived: true,
      late: false,
      empty: false
    }
  ],
  usage: {
    filterClicks: 0,
    locationClicks: 0,
    viewToggles: 0,
    arrivedToggles: 0,
    lateToggles: 0,
    emptyToggles: 0,
    carsAdded: 0,
    carsRemoved: 0,
    carLocationChanges: 0,
    csvImports: 0,
    csvExports: 0,
    shiftsReset: 0,
    carSelections: 0
  },
  currentShift: null
}
[PackageCarTracker] Render. StatusFilter: all, LocationFilter: all
Filtering cars. Filter: all, Total cars: 5
Session started: test-session

stderr | src/PackageCarTracker.test.jsx > Usage tracking > should increment shiftsReset when shift is reset
seedFleet called with 5 cars
localStorage after seed: {"trackerVersion":2,"cars":[{"id":"111111","location":"Yard","arrived":false,"late":false,"empty":false},{"id":"222222","location":"200","arrived":true,"late":false,"empty":false},{"id":"333333","location":"300","arrived":true,"late":false,"empty":true},{"id":"444444","location":"Shop","arrived":false,"late":true,"empty":false},{"id":"555555","location":"500","arrived":true,"late":false,"empty":false}],"usage":{"filterClicks":0,"locationClicks":0,"viewToggles":0,"arrivedToggles":0,"lateToggles":0,"emptyToggles":0,"carsAdded":0,"carsRemoved":0,"carLocationChanges":0,"csvImports":0,"csvExports":0,"shiftsReset":0,"carSelections":0},"currentShift":null}

stdout | src/PackageCarTracker.test.jsx > Usage tracking > should increment shiftsReset when shift is reset
[PackageCarTracker] Render. StatusFilter: all, LocationFilter: all
[PackageCarTracker] Render. StatusFilter: all, LocationFilter: all
Shift reset synced to backend
[PackageCarTracker] Render. StatusFilter: all, LocationFilter: all
Filtering cars. Filter: all, Total cars: 5

stdout | src/PackageCarTracker.test.jsx > Usage tracking > should persist all usage counters across multiple actions
PackageCarTracker initialData: {
  trackerVersion: 2,
  cars: [
    {
      id: '111111',
      location: 'Yard',
      arrived: false,
      late: false,
      empty: false
    },
    {
      id: '222222',
      location: '200',
      arrived: true,
      late: false,
      empty: false
    },
    {
      id: '333333',
      location: '300',
      arrived: true,
      late: false,
      empty: true
    },
    {
      id: '444444',
      location: 'Shop',
      arrived: false,
      late: true,
      empty: false
    },
    {
      id: '555555',
      location: '500',
      arrived: true,
      late: false,
      empty: false
    }
  ],
  usage: {
    filterClicks: 0,
    locationClicks: 0,
    viewToggles: 0,
    arrivedToggles: 0,
    lateToggles: 0,
    emptyToggles: 0,
    carsAdded: 0,
    carsRemoved: 0,
    carLocationChanges: 0,
    csvImports: 0,
    csvExports: 0,
    shiftsReset: 0,
    carSelections: 0
  },
  currentShift: null
}
[PackageCarTracker] Render. StatusFilter: all, LocationFilter: all
Filtering cars. Filter: all, Total cars: 5
Session started: test-session

stderr | src/PackageCarTracker.test.jsx > Usage tracking > should persist all usage counters across multiple actions
seedFleet called with 5 cars
localStorage after seed: {"trackerVersion":2,"cars":[{"id":"111111","location":"Yard","arrived":false,"late":false,"empty":false},{"id":"222222","location":"200","arrived":true,"late":false,"empty":false},{"id":"333333","location":"300","arrived":true,"late":false,"empty":true},{"id":"444444","location":"Shop","arrived":false,"late":true,"empty":false},{"id":"555555","location":"500","arrived":true,"late":false,"empty":false}],"usage":{"filterClicks":0,"locationClicks":0,"viewToggles":0,"arrivedToggles":0,"lateToggles":0,"emptyToggles":0,"carsAdded":0,"carsRemoved":0,"carLocationChanges":0,"csvImports":0,"csvExports":0,"shiftsReset":0,"carSelections":0},"currentShift":null}

stdout | src/PackageCarTracker.test.jsx > Usage tracking > should persist all usage counters across multiple actions
[PackageCarTracker] Render. StatusFilter: all, LocationFilter: all
[PackageCarTracker] Clicked filter: pending
[PackageCarTracker] Render. StatusFilter: pending, LocationFilter: all
Filtering cars. Filter: pending, Total cars: 5

stdout | src/PackageCarTracker.test.jsx > Usage tracking > should persist all usage counters across multiple actions
[PackageCarTracker] Render. StatusFilter: pending, LocationFilter: Shop
Filtering cars. Filter: pending, Total cars: 5

stdout | src/PackageCarTracker.test.jsx > Usage tracking > should persist all usage counters across multiple actions
[PackageCarTracker] Render. StatusFilter: pending, LocationFilter: Shop

stdout | src/PackageCarTracker.test.jsx > Usage tracking > should persist all usage counters across multiple actions
[PackageCarTracker] Render. StatusFilter: pending, LocationFilter: Shop

stdout | src/PackageCarTracker.test.jsx > Usage tracking > should persist all usage counters across multiple actions
[PackageCarTracker] Render. StatusFilter: pending, LocationFilter: Shop

stdout | src/PackageCarTracker.test.jsx > Usage tracking > should persist all usage counters across multiple actions
[PackageCarTracker] Render. StatusFilter: pending, LocationFilter: Shop
[PackageCarTracker] Render. StatusFilter: pending, LocationFilter: Shop
Filtering cars. Filter: pending, Total cars: 5

 ✓ src/PackageCarTracker.test.jsx (32 tests) 8459ms
   ✓ PackageCarTracker filters > handles primary status filter combinations 682ms
   ✓ PackageCarTracker filters > applies location and status filters together 487ms
   ✓ Board view > toggles between list and board layouts using the explicit buttons 462ms
   ✓ Board view > groups only the currently filtered cars into their location columns 437ms
   ✓ Fleet management tools > only shows fleet manager tools when manage mode is enabled 480ms
   ✓ Fleet management tools > opens the fleet manager modal with roster controls 554ms
   ✓ Fleet management tools > exports the current fleet roster to CSV 435ms
   ✓ Usage tracking > should increment locationClicks when location filter is clicked 325ms
   ✓ Usage tracking > should increment carsRemoved when a car is removed 481ms
   ✓ Usage tracking > should persist all usage counters across multiple actions 439ms

 Test Files  1 passed (1)
      Tests  32 passed (32)
   Start at  07:12:55
   Duration  9.06s

 PASS  Waiting for file changes...
       press h to show help, press q to quit
c[3J RERUN  src/setupTests.jsx x2 

stdout | src/PackageCarTracker.test.jsx > PackageCarTracker filters > handles primary status filter combinations
PackageCarTracker initialData: {
  trackerVersion: 2,
  cars: [
    {
      id: '111111',
      location: 'Yard',
      arrived: false,
      late: false,
      empty: false
    },
    {
      id: '222222',
      location: '200',
      arrived: true,
      late: false,
      empty: false
    },
    {
      id: '333333',
      location: '300',
      arrived: true,
      late: false,
      empty: true
    },
    {
      id: '444444',
      location: 'Shop',
      arrived: false,
      late: true,
      empty: false
    },
    {
      id: '555555',
      location: '500',
      arrived: true,
      late: false,
      empty: false
    }
  ],
  usage: {
    filterClicks: 0,
    locationClicks: 0,
    viewToggles: 0,
    arrivedToggles: 0,
    lateToggles: 0,
    emptyToggles: 0,
    carsAdded: 0,
    carsRemoved: 0,
    carLocationChanges: 0,
    csvImports: 0,
    csvExports: 0,
    shiftsReset: 0,
    carSelections: 0
  },
  currentShift: null
}
[PackageCarTracker] Render. StatusFilter: all, LocationFilter: all
Filtering cars. Filter: all, Total cars: 5
Session started: test-session
[PackageCarTracker] Render. StatusFilter: all, LocationFilter: all

stderr | src/PackageCarTracker.test.jsx > PackageCarTracker filters > handles primary status filter combinations
seedFleet called with 5 cars
localStorage after seed: {"trackerVersion":2,"cars":[{"id":"111111","location":"Yard","arrived":false,"late":false,"empty":false},{"id":"222222","location":"200","arrived":true,"late":false,"empty":false},{"id":"333333","location":"300","arrived":true,"late":false,"empty":true},{"id":"444444","location":"Shop","arrived":false,"late":true,"empty":false},{"id":"555555","location":"500","arrived":true,"late":false,"empty":false}],"usage":{"filterClicks":0,"locationClicks":0,"viewToggles":0,"arrivedToggles":0,"lateToggles":0,"emptyToggles":0,"carsAdded":0,"carsRemoved":0,"carLocationChanges":0,"csvImports":0,"csvExports":0,"shiftsReset":0,"carSelections":0},"currentShift":null}

stdout | src/PackageCarTracker.test.jsx > PackageCarTracker filters > handles primary status filter combinations
[PackageCarTracker] Clicked filter: pending
[PackageCarTracker] Render. StatusFilter: pending, LocationFilter: all
Filtering cars. Filter: pending, Total cars: 5

stdout | src/PackageCarTracker.test.jsx > PackageCarTracker filters > handles primary status filter combinations
[PackageCarTracker] Clicked filter: arrived
[PackageCarTracker] Render. StatusFilter: arrived, LocationFilter: all
Filtering cars. Filter: arrived, Total cars: 5

stdout | src/PackageCarTracker.test.jsx > PackageCarTracker filters > handles primary status filter combinations
[PackageCarTracker] Clicked filter: late
[PackageCarTracker] Render. StatusFilter: late, LocationFilter: all
Filtering cars. Filter: late, Total cars: 5

stdout | src/PackageCarTracker.test.jsx > PackageCarTracker filters > handles primary status filter combinations
[PackageCarTracker] Clicked filter: empty
[PackageCarTracker] Render. StatusFilter: empty, LocationFilter: all
Filtering cars. Filter: empty, Total cars: 5
Checking car 111111: empty=false, matchesStatus=false
Checking car 222222: empty=false, matchesStatus=false
Checking car 333333: empty=true, matchesStatus=true
Checking car 444444: empty=false, matchesStatus=false
Checking car 555555: empty=false, matchesStatus=false

stdout | src/PackageCarTracker.test.jsx > PackageCarTracker filters > applies location and status filters together
PackageCarTracker initialData: {
  trackerVersion: 2,
  cars: [
    {
      id: '111111',
      location: 'Yard',
      arrived: false,
      late: false,
      empty: false
    },
    {
      id: '222222',
      location: '200',
      arrived: true,
      late: false,
      empty: false
    },
    {
      id: '333333',
      location: '300',
      arrived: true,
      late: false,
      empty: true
    },
    {
      id: '444444',
      location: 'Shop',
      arrived: false,
      late: true,
      empty: false
    },
    {
      id: '555555',
      location: '500',
      arrived: true,
      late: false,
      empty: false
    }
  ],
  usage: {
    filterClicks: 0,
    locationClicks: 0,
    viewToggles: 0,
    arrivedToggles: 0,
    lateToggles: 0,
    emptyToggles: 0,
    carsAdded: 0,
    carsRemoved: 0,
    carLocationChanges: 0,
    csvImports: 0,
    csvExports: 0,
    shiftsReset: 0,
    carSelections: 0
  },
  currentShift: null
}
[PackageCarTracker] Render. StatusFilter: all, LocationFilter: all
Filtering cars. Filter: all, Total cars: 5
Session started: test-session

stderr | src/PackageCarTracker.test.jsx > PackageCarTracker filters > applies location and status filters together
seedFleet called with 5 cars
localStorage after seed: {"trackerVersion":2,"cars":[{"id":"111111","location":"Yard","arrived":false,"late":false,"empty":false},{"id":"222222","location":"200","arrived":true,"late":false,"empty":false},{"id":"333333","location":"300","arrived":true,"late":false,"empty":true},{"id":"444444","location":"Shop","arrived":false,"late":true,"empty":false},{"id":"555555","location":"500","arrived":true,"late":false,"empty":false}],"usage":{"filterClicks":0,"locationClicks":0,"viewToggles":0,"arrivedToggles":0,"lateToggles":0,"emptyToggles":0,"carsAdded":0,"carsRemoved":0,"carLocationChanges":0,"csvImports":0,"csvExports":0,"shiftsReset":0,"carSelections":0},"currentShift":null}

stdout | src/PackageCarTracker.test.jsx > PackageCarTracker filters > applies location and status filters together
[PackageCarTracker] Render. StatusFilter: all, LocationFilter: 300
Filtering cars. Filter: all, Total cars: 5

stdout | src/PackageCarTracker.test.jsx > PackageCarTracker filters > applies location and status filters together
[PackageCarTracker] Clicked filter: arrived
[PackageCarTracker] Render. StatusFilter: arrived, LocationFilter: 300
Filtering cars. Filter: arrived, Total cars: 5

stdout | src/PackageCarTracker.test.jsx > PackageCarTracker filters > applies location and status filters together
[PackageCarTracker] Render. StatusFilter: arrived, LocationFilter: 500
Filtering cars. Filter: arrived, Total cars: 5

stdout | src/PackageCarTracker.test.jsx > PackageCarTracker filters > applies location and status filters together
[PackageCarTracker] Clicked filter: arrivedNotEmpty
[PackageCarTracker] Render. StatusFilter: arrivedNotEmpty, LocationFilter: 500
Filtering cars. Filter: arrivedNotEmpty, Total cars: 5

stdout | src/PackageCarTracker.test.jsx > PackageCarTracker filters > filters arrived but not empty trucks explicitly
PackageCarTracker initialData: {
  trackerVersion: 2,
  cars: [
    {
      id: '111111',
      location: 'Yard',
      arrived: false,
      late: false,
      empty: false
    },
    {
      id: '222222',
      location: '200',
      arrived: true,
      late: false,
      empty: false
    },
    {
      id: '333333',
      location: '300',
      arrived: true,
      late: false,
      empty: true
    },
    {
      id: '444444',
      location: 'Shop',
      arrived: false,
      late: true,
      empty: false
    },
    {
      id: '555555',
      location: '500',
      arrived: true,
      late: false,
      empty: false
    }
  ],
  usage: {
    filterClicks: 0,
    locationClicks: 0,
    viewToggles: 0,
    arrivedToggles: 0,
    lateToggles: 0,
    emptyToggles: 0,
    carsAdded: 0,
    carsRemoved: 0,
    carLocationChanges: 0,
    csvImports: 0,
    csvExports: 0,
    shiftsReset: 0,
    carSelections: 0
  },
  currentShift: null
}
[PackageCarTracker] Render. StatusFilter: all, LocationFilter: all
Filtering cars. Filter: all, Total cars: 5
Session started: test-session

stderr | src/PackageCarTracker.test.jsx > PackageCarTracker filters > filters arrived but not empty trucks explicitly
seedFleet called with 5 cars
localStorage after seed: {"trackerVersion":2,"cars":[{"id":"111111","location":"Yard","arrived":false,"late":false,"empty":false},{"id":"222222","location":"200","arrived":true,"late":false,"empty":false},{"id":"333333","location":"300","arrived":true,"late":false,"empty":true},{"id":"444444","location":"Shop","arrived":false,"late":true,"empty":false},{"id":"555555","location":"500","arrived":true,"late":false,"empty":false}],"usage":{"filterClicks":0,"locationClicks":0,"viewToggles":0,"arrivedToggles":0,"lateToggles":0,"emptyToggles":0,"carsAdded":0,"carsRemoved":0,"carLocationChanges":0,"csvImports":0,"csvExports":0,"shiftsReset":0,"carSelections":0},"currentShift":null}

stdout | src/PackageCarTracker.test.jsx > PackageCarTracker filters > filters arrived but not empty trucks explicitly
[PackageCarTracker] Render. StatusFilter: all, LocationFilter: all
[PackageCarTracker] Clicked filter: arrivedNotEmpty
[PackageCarTracker] Render. StatusFilter: arrivedNotEmpty, LocationFilter: all
Filtering cars. Filter: arrivedNotEmpty, Total cars: 5

stdout | src/PackageCarTracker.test.jsx > Board view > toggles between list and board layouts using the explicit buttons
PackageCarTracker initialData: {
  trackerVersion: 2,
  cars: [
    {
      id: '111111',
      location: 'Yard',
      arrived: false,
      late: false,
      empty: false
    },
    {
      id: '222222',
      location: '200',
      arrived: true,
      late: false,
      empty: false
    },
    {
      id: '333333',
      location: '300',
      arrived: true,
      late: false,
      empty: true
    },
    {
      id: '444444',
      location: 'Shop',
      arrived: false,
      late: true,
      empty: false
    },
    {
      id: '555555',
      location: '500',
      arrived: true,
      late: false,
      empty: false
    }
  ],
  usage: {
    filterClicks: 0,
    locationClicks: 0,
    viewToggles: 0,
    arrivedToggles: 0,
    lateToggles: 0,
    emptyToggles: 0,
    carsAdded: 0,
    carsRemoved: 0,
    carLocationChanges: 0,
    csvImports: 0,
    csvExports: 0,
    shiftsReset: 0,
    carSelections: 0
  },
  currentShift: null
}
[PackageCarTracker] Render. StatusFilter: all, LocationFilter: all
Filtering cars. Filter: all, Total cars: 5
Session started: test-session

stderr | src/PackageCarTracker.test.jsx > Board view > toggles between list and board layouts using the explicit buttons
seedFleet called with 5 cars
localStorage after seed: {"trackerVersion":2,"cars":[{"id":"111111","location":"Yard","arrived":false,"late":false,"empty":false},{"id":"222222","location":"200","arrived":true,"late":false,"empty":false},{"id":"333333","location":"300","arrived":true,"late":false,"empty":true},{"id":"444444","location":"Shop","arrived":false,"late":true,"empty":false},{"id":"555555","location":"500","arrived":true,"late":false,"empty":false}],"usage":{"filterClicks":0,"locationClicks":0,"viewToggles":0,"arrivedToggles":0,"lateToggles":0,"emptyToggles":0,"carsAdded":0,"carsRemoved":0,"carLocationChanges":0,"csvImports":0,"csvExports":0,"shiftsReset":0,"carSelections":0},"currentShift":null}

stdout | src/PackageCarTracker.test.jsx > Board view > toggles between list and board layouts using the explicit buttons
[PackageCarTracker] Render. StatusFilter: all, LocationFilter: all
[PackageCarTracker] Render. StatusFilter: all, LocationFilter: all

stdout | src/PackageCarTracker.test.jsx > Board view > toggles between list and board layouts using the explicit buttons
[PackageCarTracker] Render. StatusFilter: all, LocationFilter: all

stdout | src/PackageCarTracker.test.jsx > Board view > groups only the currently filtered cars into their location columns
PackageCarTracker initialData: {
  trackerVersion: 2,
  cars: [
    {
      id: '111111',
      location: 'Yard',
      arrived: false,
      late: false,
      empty: false
    },
    {
      id: '222222',
      location: '200',
      arrived: true,
      late: false,
      empty: false
    },
    {
      id: '333333',
      location: '300',
      arrived: true,
      late: false,
      empty: true
    },
    {
      id: '444444',
      location: 'Shop',
      arrived: false,
      late: true,
      empty: false
    },
    {
      id: '555555',
      location: '500',
      arrived: true,
      late: false,
      empty: false
    }
  ],
  usage: {
    filterClicks: 0,
    locationClicks: 0,
    viewToggles: 0,
    arrivedToggles: 0,
    lateToggles: 0,
    emptyToggles: 0,
    carsAdded: 0,
    carsRemoved: 0,
    carLocationChanges: 0,
    csvImports: 0,
    csvExports: 0,
    shiftsReset: 0,
    carSelections: 0
  },
  currentShift: null
}
[PackageCarTracker] Render. StatusFilter: all, LocationFilter: all
Filtering cars. Filter: all, Total cars: 5
Session started: test-session

stderr | src/PackageCarTracker.test.jsx > Board view > groups only the currently filtered cars into their location columns
seedFleet called with 5 cars
localStorage after seed: {"trackerVersion":2,"cars":[{"id":"111111","location":"Yard","arrived":false,"late":false,"empty":false},{"id":"222222","location":"200","arrived":true,"late":false,"empty":false},{"id":"333333","location":"300","arrived":true,"late":false,"empty":true},{"id":"444444","location":"Shop","arrived":false,"late":true,"empty":false},{"id":"555555","location":"500","arrived":true,"late":false,"empty":false}],"usage":{"filterClicks":0,"locationClicks":0,"viewToggles":0,"arrivedToggles":0,"lateToggles":0,"emptyToggles":0,"carsAdded":0,"carsRemoved":0,"carLocationChanges":0,"csvImports":0,"csvExports":0,"shiftsReset":0,"carSelections":0},"currentShift":null}

stdout | src/PackageCarTracker.test.jsx > Board view > groups only the currently filtered cars into their location columns
[PackageCarTracker] Render. StatusFilter: all, LocationFilter: all
[PackageCarTracker] Render. StatusFilter: all, LocationFilter: all
Filtering cars. Filter: all, Total cars: 5

stdout | src/PackageCarTracker.test.jsx > Board view > groups only the currently filtered cars into their location columns
[PackageCarTracker] Render. StatusFilter: all, LocationFilter: all
Filtering cars. Filter: all, Total cars: 5

stdout | src/PackageCarTracker.test.jsx > Board view > groups only the currently filtered cars into their location columns
[PackageCarTracker] Render. StatusFilter: all, LocationFilter: all
Filtering cars. Filter: all, Total cars: 5

stdout | src/PackageCarTracker.test.jsx > Board view > groups only the currently filtered cars into their location columns
[PackageCarTracker] Clicked filter: arrivedNotEmpty
[PackageCarTracker] Render. StatusFilter: arrivedNotEmpty, LocationFilter: all
Filtering cars. Filter: arrivedNotEmpty, Total cars: 5

stdout | src/PackageCarTracker.test.jsx > Board view > groups only the currently filtered cars into their location columns
[PackageCarTracker] Render. StatusFilter: arrivedNotEmpty, LocationFilter: 500
Filtering cars. Filter: arrivedNotEmpty, Total cars: 5

stdout | src/PackageCarTracker.test.jsx > Board view > groups only the currently filtered cars into their location columns
[PackageCarTracker] Render. StatusFilter: arrivedNotEmpty, LocationFilter: 500

stdout | src/PackageCarTracker.test.jsx > Board view > applies snap scrolling and sticky headers for handheld ergonomics
PackageCarTracker initialData: {
  trackerVersion: 2,
  cars: [
    {
      id: '111111',
      location: 'Yard',
      arrived: false,
      late: false,
      empty: false
    },
    {
      id: '222222',
      location: '200',
      arrived: true,
      late: false,
      empty: false
    },
    {
      id: '333333',
      location: '300',
      arrived: true,
      late: false,
      empty: true
    },
    {
      id: '444444',
      location: 'Shop',
      arrived: false,
      late: true,
      empty: false
    },
    {
      id: '555555',
      location: '500',
      arrived: true,
      late: false,
      empty: false
    }
  ],
  usage: {
    filterClicks: 0,
    locationClicks: 0,
    viewToggles: 0,
    arrivedToggles: 0,
    lateToggles: 0,
    emptyToggles: 0,
    carsAdded: 0,
    carsRemoved: 0,
    carLocationChanges: 0,
    csvImports: 0,
    csvExports: 0,
    shiftsReset: 0,
    carSelections: 0
  },
  currentShift: null
}
[PackageCarTracker] Render. StatusFilter: all, LocationFilter: all
Filtering cars. Filter: all, Total cars: 5
Session started: test-session

stderr | src/PackageCarTracker.test.jsx > Board view > applies snap scrolling and sticky headers for handheld ergonomics
seedFleet called with 5 cars
localStorage after seed: {"trackerVersion":2,"cars":[{"id":"111111","location":"Yard","arrived":false,"late":false,"empty":false},{"id":"222222","location":"200","arrived":true,"late":false,"empty":false},{"id":"333333","location":"300","arrived":true,"late":false,"empty":true},{"id":"444444","location":"Shop","arrived":false,"late":true,"empty":false},{"id":"555555","location":"500","arrived":true,"late":false,"empty":false}],"usage":{"filterClicks":0,"locationClicks":0,"viewToggles":0,"arrivedToggles":0,"lateToggles":0,"emptyToggles":0,"carsAdded":0,"carsRemoved":0,"carLocationChanges":0,"csvImports":0,"csvExports":0,"shiftsReset":0,"carSelections":0},"currentShift":null}

stdout | src/PackageCarTracker.test.jsx > Board view > applies snap scrolling and sticky headers for handheld ergonomics
[PackageCarTracker] Render. StatusFilter: all, LocationFilter: all
[PackageCarTracker] Render. StatusFilter: all, LocationFilter: all

stdout | src/PackageCarTracker.test.jsx > Data Management > migrates v1 data to v2 format
PackageCarTracker initialData: {
  trackerVersion: 2,
  cars: [
    {
      id: '111111',
      location: 'Yard',
      arrived: false,
      late: false,
      empty: false
    }
  ],
  usage: {
    filterClicks: 0,
    locationClicks: 0,
    viewToggles: 0,
    arrivedToggles: 0,
    lateToggles: 0,
    emptyToggles: 0,
    carsAdded: 0,
    carsRemoved: 0,
    carLocationChanges: 0,
    csvImports: 0,
    csvExports: 0,
    shiftsReset: 0,
    carSelections: 0
  },
  currentShift: null
}
[PackageCarTracker] Render. StatusFilter: all, LocationFilter: all
Filtering cars. Filter: all, Total cars: 1
Session started: test-session

stdout | src/PackageCarTracker.test.jsx > Data Management > tracks usage stats
PackageCarTracker initialData: {
  trackerVersion: 2,
  cars: [
    {
      id: '111111',
      location: 'Yard',
      arrived: false,
      late: false,
      empty: false
    },
    {
      id: '222222',
      location: '200',
      arrived: true,
      late: false,
      empty: false
    },
    {
      id: '333333',
      location: '300',
      arrived: true,
      late: false,
      empty: true
    },
    {
      id: '444444',
      location: 'Shop',
      arrived: false,
      late: true,
      empty: false
    },
    {
      id: '555555',
      location: '500',
      arrived: true,
      late: false,
      empty: false
    }
  ],
  usage: {
    filterClicks: 0,
    locationClicks: 0,
    viewToggles: 0,
    arrivedToggles: 0,
    lateToggles: 0,
    emptyToggles: 0,
    carsAdded: 0,
    carsRemoved: 0,
    carLocationChanges: 0,
    csvImports: 0,
    csvExports: 0,
    shiftsReset: 0,
    carSelections: 0
  },
  currentShift: null
}
[PackageCarTracker] Render. StatusFilter: all, LocationFilter: all
Filtering cars. Filter: all, Total cars: 5
Session started: test-session

stderr | src/PackageCarTracker.test.jsx > Data Management > tracks usage stats
seedFleet called with 5 cars
localStorage after seed: {"trackerVersion":2,"cars":[{"id":"111111","location":"Yard","arrived":false,"late":false,"empty":false},{"id":"222222","location":"200","arrived":true,"late":false,"empty":false},{"id":"333333","location":"300","arrived":true,"late":false,"empty":true},{"id":"444444","location":"Shop","arrived":false,"late":true,"empty":false},{"id":"555555","location":"500","arrived":true,"late":false,"empty":false}],"usage":{"filterClicks":0,"locationClicks":0,"viewToggles":0,"arrivedToggles":0,"lateToggles":0,"emptyToggles":0,"carsAdded":0,"carsRemoved":0,"carLocationChanges":0,"csvImports":0,"csvExports":0,"shiftsReset":0,"carSelections":0},"currentShift":null}

stdout | src/PackageCarTracker.test.jsx > Data Management > tracks usage stats
[PackageCarTracker] Render. StatusFilter: all, LocationFilter: all
[PackageCarTracker] Clicked filter: pending
[PackageCarTracker] Render. StatusFilter: pending, LocationFilter: all
Filtering cars. Filter: pending, Total cars: 5

stdout | src/PackageCarTracker.test.jsx > Data Management > falls back to defaults when stored JSON is malformed
PackageCarTracker initialData: {
  trackerVersion: 2,
  cars: [],
  usage: {
    filterClicks: 0,
    locationClicks: 0,
    viewToggles: 0,
    arrivedToggles: 0,
    lateToggles: 0,
    emptyToggles: 0,
    carsAdded: 0,
    carsRemoved: 0,
    carLocationChanges: 0,
    csvImports: 0,
    csvExports: 0,
    shiftsReset: 0,
    carSelections: 0
  },
  currentShift: null
}
[PackageCarTracker] Render. StatusFilter: all, LocationFilter: all
Filtering cars. Filter: all, Total cars: 0
Session started: test-session

stderr | src/PackageCarTracker.test.jsx > Data Management > falls back to defaults when stored JSON is malformed
loadState: JSON parse error, clearing storage entry

stdout | src/PackageCarTracker.test.jsx > Fleet management tools > only shows fleet manager tools when manage mode is enabled
PackageCarTracker initialData: {
  trackerVersion: 2,
  cars: [
    {
      id: '111111',
      location: 'Yard',
      arrived: false,
      late: false,
      empty: false
    },
    {
      id: '222222',
      location: '200',
      arrived: true,
      late: false,
      empty: false
    },
    {
      id: '333333',
      location: '300',
      arrived: true,
      late: false,
      empty: true
    },
    {
      id: '444444',
      location: 'Shop',
      arrived: false,
      late: true,
      empty: false
    },
    {
      id: '555555',
      location: '500',
      arrived: true,
      late: false,
      empty: false
    }
  ],
  usage: {
    filterClicks: 0,
    locationClicks: 0,
    viewToggles: 0,
    arrivedToggles: 0,
    lateToggles: 0,
    emptyToggles: 0,
    carsAdded: 0,
    carsRemoved: 0,
    carLocationChanges: 0,
    csvImports: 0,
    csvExports: 0,
    shiftsReset: 0,
    carSelections: 0
  },
  currentShift: null
}
[PackageCarTracker] Render. StatusFilter: all, LocationFilter: all
Filtering cars. Filter: all, Total cars: 5
Session started: test-session

stderr | src/PackageCarTracker.test.jsx > Fleet management tools > only shows fleet manager tools when manage mode is enabled
seedFleet called with 5 cars
localStorage after seed: {"trackerVersion":2,"cars":[{"id":"111111","location":"Yard","arrived":false,"late":false,"empty":false},{"id":"222222","location":"200","arrived":true,"late":false,"empty":false},{"id":"333333","location":"300","arrived":true,"late":false,"empty":true},{"id":"444444","location":"Shop","arrived":false,"late":true,"empty":false},{"id":"555555","location":"500","arrived":true,"late":false,"empty":false}],"usage":{"filterClicks":0,"locationClicks":0,"viewToggles":0,"arrivedToggles":0,"lateToggles":0,"emptyToggles":0,"carsAdded":0,"carsRemoved":0,"carLocationChanges":0,"csvImports":0,"csvExports":0,"shiftsReset":0,"carSelections":0},"currentShift":null}

stdout | src/PackageCarTracker.test.jsx > Fleet management tools > only shows fleet manager tools when manage mode is enabled
[PackageCarTracker] Render. StatusFilter: all, LocationFilter: all
[PackageCarTracker] Render. StatusFilter: all, LocationFilter: all

stdout | src/PackageCarTracker.test.jsx > Fleet management tools > only shows fleet manager tools when manage mode is enabled
[PackageCarTracker] Render. StatusFilter: all, LocationFilter: all
[PackageCarTracker] Render. StatusFilter: all, LocationFilter: all

stdout | src/PackageCarTracker.test.jsx > Fleet management tools > opens the fleet manager modal with roster controls
PackageCarTracker initialData: {
  trackerVersion: 2,
  cars: [
    {
      id: '111111',
      location: 'Yard',
      arrived: false,
      late: false,
      empty: false
    },
    {
      id: '222222',
      location: '200',
      arrived: true,
      late: false,
      empty: false
    },
    {
      id: '333333',
      location: '300',
      arrived: true,
      late: false,
      empty: true
    },
    {
      id: '444444',
      location: 'Shop',
      arrived: false,
      late: true,
      empty: false
    },
    {
      id: '555555',
      location: '500',
      arrived: true,
      late: false,
      empty: false
    }
  ],
  usage: {
    filterClicks: 0,
    locationClicks: 0,
    viewToggles: 0,
    arrivedToggles: 0,
    lateToggles: 0,
    emptyToggles: 0,
    carsAdded: 0,
    carsRemoved: 0,
    carLocationChanges: 0,
    csvImports: 0,
    csvExports: 0,
    shiftsReset: 0,
    carSelections: 0
  },
  currentShift: null
}
[PackageCarTracker] Render. StatusFilter: all, LocationFilter: all
Filtering cars. Filter: all, Total cars: 5
Session started: test-session

stderr | src/PackageCarTracker.test.jsx > Fleet management tools > opens the fleet manager modal with roster controls
seedFleet called with 5 cars
localStorage after seed: {"trackerVersion":2,"cars":[{"id":"111111","location":"Yard","arrived":false,"late":false,"empty":false},{"id":"222222","location":"200","arrived":true,"late":false,"empty":false},{"id":"333333","location":"300","arrived":true,"late":false,"empty":true},{"id":"444444","location":"Shop","arrived":false,"late":true,"empty":false},{"id":"555555","location":"500","arrived":true,"late":false,"empty":false}],"usage":{"filterClicks":0,"locationClicks":0,"viewToggles":0,"arrivedToggles":0,"lateToggles":0,"emptyToggles":0,"carsAdded":0,"carsRemoved":0,"carLocationChanges":0,"csvImports":0,"csvExports":0,"shiftsReset":0,"carSelections":0},"currentShift":null}

stdout | src/PackageCarTracker.test.jsx > Fleet management tools > opens the fleet manager modal with roster controls
[PackageCarTracker] Render. StatusFilter: all, LocationFilter: all

stdout | src/PackageCarTracker.test.jsx > Fleet management tools > opens the fleet manager modal with roster controls
[PackageCarTracker] Render. StatusFilter: all, LocationFilter: all

stdout | src/PackageCarTracker.test.jsx > Fleet management tools > opens the fleet manager modal with roster controls
[PackageCarTracker] Render. StatusFilter: all, LocationFilter: all

stdout | src/PackageCarTracker.test.jsx > Fleet management tools > imports fleet IDs from CSV
PackageCarTracker initialData: {
  trackerVersion: 2,
  cars: [
    {
      id: '111111',
      location: 'Yard',
      arrived: false,
      late: false,
      empty: false
    },
    {
      id: '222222',
      location: '200',
      arrived: true,
      late: false,
      empty: false
    },
    {
      id: '333333',
      location: '300',
      arrived: true,
      late: false,
      empty: true
    },
    {
      id: '444444',
      location: 'Shop',
      arrived: false,
      late: true,
      empty: false
    },
    {
      id: '555555',
      location: '500',
      arrived: true,
      late: false,
      empty: false
    }
  ],
  usage: {
    filterClicks: 0,
    locationClicks: 0,
    viewToggles: 0,
    arrivedToggles: 0,
    lateToggles: 0,
    emptyToggles: 0,
    carsAdded: 0,
    carsRemoved: 0,
    carLocationChanges: 0,
    csvImports: 0,
    csvExports: 0,
    shiftsReset: 0,
    carSelections: 0
  },
  currentShift: null
}
[PackageCarTracker] Render. StatusFilter: all, LocationFilter: all
Filtering cars. Filter: all, Total cars: 5
Session started: test-session

stderr | src/PackageCarTracker.test.jsx > Fleet management tools > imports fleet IDs from CSV
seedFleet called with 5 cars
localStorage after seed: {"trackerVersion":2,"cars":[{"id":"111111","location":"Yard","arrived":false,"late":false,"empty":false},{"id":"222222","location":"200","arrived":true,"late":false,"empty":false},{"id":"333333","location":"300","arrived":true,"late":false,"empty":true},{"id":"444444","location":"Shop","arrived":false,"late":true,"empty":false},{"id":"555555","location":"500","arrived":true,"late":false,"empty":false}],"usage":{"filterClicks":0,"locationClicks":0,"viewToggles":0,"arrivedToggles":0,"lateToggles":0,"emptyToggles":0,"carsAdded":0,"carsRemoved":0,"carLocationChanges":0,"csvImports":0,"csvExports":0,"shiftsReset":0,"carSelections":0},"currentShift":null}

stdout | src/PackageCarTracker.test.jsx > Fleet management tools > imports fleet IDs from CSV
[PackageCarTracker] Render. StatusFilter: all, LocationFilter: all

stdout | src/PackageCarTracker.test.jsx > Fleet management tools > imports fleet IDs from CSV
[PackageCarTracker] Render. StatusFilter: all, LocationFilter: all

stdout | src/PackageCarTracker.test.jsx > Fleet management tools > imports fleet IDs from CSV
[PackageCarTracker] Render. StatusFilter: all, LocationFilter: all
Filtering cars. Filter: all, Total cars: 7

stdout | src/PackageCarTracker.test.jsx > Fleet management tools > alerts when a CSV only contains existing IDs
PackageCarTracker initialData: {
  trackerVersion: 2,
  cars: [
    {
      id: '111111',
      location: 'Yard',
      arrived: false,
      late: false,
      empty: false
    },
    {
      id: '222222',
      location: '200',
      arrived: true,
      late: false,
      empty: false
    },
    {
      id: '333333',
      location: '300',
      arrived: true,
      late: false,
      empty: true
    },
    {
      id: '444444',
      location: 'Shop',
      arrived: false,
      late: true,
      empty: false
    },
    {
      id: '555555',
      location: '500',
      arrived: true,
      late: false,
      empty: false
    }
  ],
  usage: {
    filterClicks: 0,
    locationClicks: 0,
    viewToggles: 0,
    arrivedToggles: 0,
    lateToggles: 0,
    emptyToggles: 0,
    carsAdded: 0,
    carsRemoved: 0,
    carLocationChanges: 0,
    csvImports: 0,
    csvExports: 0,
    shiftsReset: 0,
    carSelections: 0
  },
  currentShift: null
}
[PackageCarTracker] Render. StatusFilter: all, LocationFilter: all
Filtering cars. Filter: all, Total cars: 5
Session started: test-session

stderr | src/PackageCarTracker.test.jsx > Fleet management tools > alerts when a CSV only contains existing IDs
seedFleet called with 5 cars
localStorage after seed: {"trackerVersion":2,"cars":[{"id":"111111","location":"Yard","arrived":false,"late":false,"empty":false},{"id":"222222","location":"200","arrived":true,"late":false,"empty":false},{"id":"333333","location":"300","arrived":true,"late":false,"empty":true},{"id":"444444","location":"Shop","arrived":false,"late":true,"empty":false},{"id":"555555","location":"500","arrived":true,"late":false,"empty":false}],"usage":{"filterClicks":0,"locationClicks":0,"viewToggles":0,"arrivedToggles":0,"lateToggles":0,"emptyToggles":0,"carsAdded":0,"carsRemoved":0,"carLocationChanges":0,"csvImports":0,"csvExports":0,"shiftsReset":0,"carSelections":0},"currentShift":null}

stdout | src/PackageCarTracker.test.jsx > Fleet management tools > alerts when a CSV only contains existing IDs
[PackageCarTracker] Render. StatusFilter: all, LocationFilter: all
[PackageCarTracker] Render. StatusFilter: all, LocationFilter: all

stdout | src/PackageCarTracker.test.jsx > Fleet management tools > alerts when a CSV only contains existing IDs
[PackageCarTracker] Render. StatusFilter: all, LocationFilter: all

stdout | src/PackageCarTracker.test.jsx > Fleet management tools > alerts when a CSV only contains existing IDs
[PackageCarTracker] Render. StatusFilter: all, LocationFilter: all
Filtering cars. Filter: all, Total cars: 5

stdout | src/PackageCarTracker.test.jsx > Fleet management tools > exports the current fleet roster to CSV
PackageCarTracker initialData: {
  trackerVersion: 2,
  cars: [
    {
      id: '111111',
      location: 'Yard',
      arrived: false,
      late: false,
      empty: false
    },
    {
      id: '222222',
      location: '200',
      arrived: true,
      late: false,
      empty: false
    },
    {
      id: '333333',
      location: '300',
      arrived: true,
      late: false,
      empty: true
    },
    {
      id: '444444',
      location: 'Shop',
      arrived: false,
      late: true,
      empty: false
    },
    {
      id: '555555',
      location: '500',
      arrived: true,
      late: false,
      empty: false
    }
  ],
  usage: {
    filterClicks: 0,
    locationClicks: 0,
    viewToggles: 0,
    arrivedToggles: 0,
    lateToggles: 0,
    emptyToggles: 0,
    carsAdded: 0,
    carsRemoved: 0,
    carLocationChanges: 0,
    csvImports: 0,
    csvExports: 0,
    shiftsReset: 0,
    carSelections: 0
  },
  currentShift: null
}
[PackageCarTracker] Render. StatusFilter: all, LocationFilter: all
Filtering cars. Filter: all, Total cars: 5
Session started: test-session

stderr | src/PackageCarTracker.test.jsx > Fleet management tools > exports the current fleet roster to CSV
seedFleet called with 5 cars
localStorage after seed: {"trackerVersion":2,"cars":[{"id":"111111","location":"Yard","arrived":false,"late":false,"empty":false},{"id":"222222","location":"200","arrived":true,"late":false,"empty":false},{"id":"333333","location":"300","arrived":true,"late":false,"empty":true},{"id":"444444","location":"Shop","arrived":false,"late":true,"empty":false},{"id":"555555","location":"500","arrived":true,"late":false,"empty":false}],"usage":{"filterClicks":0,"locationClicks":0,"viewToggles":0,"arrivedToggles":0,"lateToggles":0,"emptyToggles":0,"carsAdded":0,"carsRemoved":0,"carLocationChanges":0,"csvImports":0,"csvExports":0,"shiftsReset":0,"carSelections":0},"currentShift":null}

stdout | src/PackageCarTracker.test.jsx > Fleet management tools > exports the current fleet roster to CSV
[PackageCarTracker] Render. StatusFilter: all, LocationFilter: all

stdout | src/PackageCarTracker.test.jsx > Fleet management tools > exports the current fleet roster to CSV
[PackageCarTracker] Render. StatusFilter: all, LocationFilter: all

stdout | src/PackageCarTracker.test.jsx > Fleet management tools > resets fleet statuses when starting a new shift
PackageCarTracker initialData: {
  trackerVersion: 2,
  cars: [
    {
      id: '111111',
      location: 'Yard',
      arrived: false,
      late: false,
      empty: false
    },
    {
      id: '222222',
      location: '200',
      arrived: true,
      late: false,
      empty: false
    },
    {
      id: '333333',
      location: '300',
      arrived: true,
      late: false,
      empty: true
    },
    {
      id: '444444',
      location: 'Shop',
      arrived: false,
      late: true,
      empty: false
    },
    {
      id: '555555',
      location: '500',
      arrived: true,
      late: false,
      empty: false
    }
  ],
  usage: {
    filterClicks: 0,
    locationClicks: 0,
    viewToggles: 0,
    arrivedToggles: 0,
    lateToggles: 0,
    emptyToggles: 0,
    carsAdded: 0,
    carsRemoved: 0,
    carLocationChanges: 0,
    csvImports: 0,
    csvExports: 0,
    shiftsReset: 0,
    carSelections: 0
  },
  currentShift: null
}
[PackageCarTracker] Render. StatusFilter: all, LocationFilter: all
Filtering cars. Filter: all, Total cars: 5
Session started: test-session

stderr | src/PackageCarTracker.test.jsx > Fleet management tools > resets fleet statuses when starting a new shift
seedFleet called with 5 cars
localStorage after seed: {"trackerVersion":2,"cars":[{"id":"111111","location":"Yard","arrived":false,"late":false,"empty":false},{"id":"222222","location":"200","arrived":true,"late":false,"empty":false},{"id":"333333","location":"300","arrived":true,"late":false,"empty":true},{"id":"444444","location":"Shop","arrived":false,"late":true,"empty":false},{"id":"555555","location":"500","arrived":true,"late":false,"empty":false}],"usage":{"filterClicks":0,"locationClicks":0,"viewToggles":0,"arrivedToggles":0,"lateToggles":0,"emptyToggles":0,"carsAdded":0,"carsRemoved":0,"carLocationChanges":0,"csvImports":0,"csvExports":0,"shiftsReset":0,"carSelections":0},"currentShift":null}

stdout | src/PackageCarTracker.test.jsx > Fleet management tools > resets fleet statuses when starting a new shift
[PackageCarTracker] Render. StatusFilter: all, LocationFilter: all
[PackageCarTracker] Render. StatusFilter: all, LocationFilter: all
Shift reset synced to backend
[PackageCarTracker] Render. StatusFilter: all, LocationFilter: all
Filtering cars. Filter: all, Total cars: 5

stdout | src/PackageCarTracker.test.jsx > Schema integration > creates cars with proper schema defaults when adding manually
PackageCarTracker initialData: {
  trackerVersion: 2,
  cars: [],
  usage: {
    filterClicks: 0,
    locationClicks: 0,
    viewToggles: 0,
    arrivedToggles: 0,
    lateToggles: 0,
    emptyToggles: 0,
    carsAdded: 0,
    carsRemoved: 0,
    carLocationChanges: 0,
    csvImports: 0,
    csvExports: 0,
    shiftsReset: 0,
    carSelections: 0
  },
  currentShift: null
}
[PackageCarTracker] Render. StatusFilter: all, LocationFilter: all
Filtering cars. Filter: all, Total cars: 0
Session started: test-session
[PackageCarTracker] Render. StatusFilter: all, LocationFilter: all

stderr | src/PackageCarTracker.test.jsx > Schema integration > creates cars with proper schema defaults when adding manually
seedFleet called with 0 cars
localStorage after seed: {"trackerVersion":2,"cars":[],"usage":{"filterClicks":0,"locationClicks":0,"viewToggles":0,"arrivedToggles":0,"lateToggles":0,"emptyToggles":0,"carsAdded":0,"carsRemoved":0,"carLocationChanges":0,"csvImports":0,"csvExports":0,"shiftsReset":0,"carSelections":0},"currentShift":null}

stdout | src/PackageCarTracker.test.jsx > Schema integration > creates cars with proper schema defaults when adding manually
[PackageCarTracker] Render. StatusFilter: all, LocationFilter: all

stdout | src/PackageCarTracker.test.jsx > Schema integration > creates cars with proper schema defaults when adding manually
[PackageCarTracker] Render. StatusFilter: all, LocationFilter: all

stdout | src/PackageCarTracker.test.jsx > Schema integration > creates cars with proper schema defaults when adding manually
[PackageCarTracker] Render. StatusFilter: all, LocationFilter: all

stdout | src/PackageCarTracker.test.jsx > Schema integration > creates cars with proper schema defaults when adding manually
[PackageCarTracker] Render. StatusFilter: all, LocationFilter: all

stdout | src/PackageCarTracker.test.jsx > Schema integration > creates cars with proper schema defaults when adding manually
[PackageCarTracker] Render. StatusFilter: all, LocationFilter: all

stdout | src/PackageCarTracker.test.jsx > Schema integration > creates cars with proper schema defaults when adding manually
[PackageCarTracker] Render. StatusFilter: all, LocationFilter: all

stdout | src/PackageCarTracker.test.jsx > Schema integration > creates cars with proper schema defaults when adding manually
[PackageCarTracker] Render. StatusFilter: all, LocationFilter: all
[PackageCarTracker] Render. StatusFilter: all, LocationFilter: all
Filtering cars. Filter: all, Total cars: 1

stdout | src/PackageCarTracker.test.jsx > Schema integration > updates car location using schema helpers
PackageCarTracker initialData: {
  trackerVersion: 2,
  cars: [
    {
      id: '123456',
      location: 'Yard',
      arrived: false,
      late: false,
      empty: false
    }
  ],
  usage: {
    filterClicks: 0,
    locationClicks: 0,
    viewToggles: 0,
    arrivedToggles: 0,
    lateToggles: 0,
    emptyToggles: 0,
    carsAdded: 0,
    carsRemoved: 0,
    carLocationChanges: 0,
    csvImports: 0,
    csvExports: 0,
    shiftsReset: 0,
    carSelections: 0
  },
  currentShift: null
}
[PackageCarTracker] Render. StatusFilter: all, LocationFilter: all
Filtering cars. Filter: all, Total cars: 1
Session started: test-session

stderr | src/PackageCarTracker.test.jsx > Schema integration > updates car location using schema helpers
seedFleet called with 1 cars
localStorage after seed: {"trackerVersion":2,"cars":[{"id":"123456","location":"Yard","arrived":false,"late":false,"empty":false}],"usage":{"filterClicks":0,"locationClicks":0,"viewToggles":0,"arrivedToggles":0,"lateToggles":0,"emptyToggles":0,"carsAdded":0,"carsRemoved":0,"carLocationChanges":0,"csvImports":0,"csvExports":0,"shiftsReset":0,"carSelections":0},"currentShift":null}

stdout | src/PackageCarTracker.test.jsx > Schema integration > updates car location using schema helpers
[PackageCarTracker] Render. StatusFilter: all, LocationFilter: all
[PackageCarTracker] Render. StatusFilter: all, LocationFilter: all
Filtering cars. Filter: all, Total cars: 1

stdout | src/PackageCarTracker.test.jsx > Schema integration > preserves car data when toggling status fields
PackageCarTracker initialData: {
  trackerVersion: 2,
  cars: [
    {
      id: '123456',
      location: 'Shop',
      arrived: false,
      late: false,
      empty: false
    }
  ],
  usage: {
    filterClicks: 0,
    locationClicks: 0,
    viewToggles: 0,
    arrivedToggles: 0,
    lateToggles: 0,
    emptyToggles: 0,
    carsAdded: 0,
    carsRemoved: 0,
    carLocationChanges: 0,
    csvImports: 0,
    csvExports: 0,
    shiftsReset: 0,
    carSelections: 0
  },
  currentShift: null
}
[PackageCarTracker] Render. StatusFilter: all, LocationFilter: all
Filtering cars. Filter: all, Total cars: 1
Session started: test-session

stderr | src/PackageCarTracker.test.jsx > Schema integration > preserves car data when toggling status fields
seedFleet called with 1 cars
localStorage after seed: {"trackerVersion":2,"cars":[{"id":"123456","location":"Shop","arrived":false,"late":false,"empty":false}],"usage":{"filterClicks":0,"locationClicks":0,"viewToggles":0,"arrivedToggles":0,"lateToggles":0,"emptyToggles":0,"carsAdded":0,"carsRemoved":0,"carLocationChanges":0,"csvImports":0,"csvExports":0,"shiftsReset":0,"carSelections":0},"currentShift":null}

stdout | src/PackageCarTracker.test.jsx > Schema integration > preserves car data when toggling status fields
[PackageCarTracker] Render. StatusFilter: all, LocationFilter: all
[PackageCarTracker] Render. StatusFilter: all, LocationFilter: all
[PackageCarTracker] Render. StatusFilter: all, LocationFilter: all
Filtering cars. Filter: all, Total cars: 1

stdout | src/PackageCarTracker.test.jsx > Schema integration > validates all fields are present after reset shift
PackageCarTracker initialData: {
  trackerVersion: 2,
  cars: [
    {
      id: '111111',
      location: 'Shop',
      arrived: true,
      late: true,
      empty: true
    },
    {
      id: '222222',
      location: '200',
      arrived: true,
      late: false,
      empty: true
    }
  ],
  usage: {
    filterClicks: 0,
    locationClicks: 0,
    viewToggles: 0,
    arrivedToggles: 0,
    lateToggles: 0,
    emptyToggles: 0,
    carsAdded: 0,
    carsRemoved: 0,
    carLocationChanges: 0,
    csvImports: 0,
    csvExports: 0,
    shiftsReset: 0,
    carSelections: 0
  },
  currentShift: null
}
[PackageCarTracker] Render. StatusFilter: all, LocationFilter: all
Filtering cars. Filter: all, Total cars: 2
Session started: test-session

stderr | src/PackageCarTracker.test.jsx > Schema integration > validates all fields are present after reset shift
seedFleet called with 2 cars
localStorage after seed: {"trackerVersion":2,"cars":[{"id":"111111","location":"Shop","arrived":true,"late":true,"empty":true},{"id":"222222","location":"200","arrived":true,"late":false,"empty":true}],"usage":{"filterClicks":0,"locationClicks":0,"viewToggles":0,"arrivedToggles":0,"lateToggles":0,"emptyToggles":0,"carsAdded":0,"carsRemoved":0,"carLocationChanges":0,"csvImports":0,"csvExports":0,"shiftsReset":0,"carSelections":0},"currentShift":null}

stdout | src/PackageCarTracker.test.jsx > Schema integration > validates all fields are present after reset shift
[PackageCarTracker] Render. StatusFilter: all, LocationFilter: all
[PackageCarTracker] Render. StatusFilter: all, LocationFilter: all
Shift reset synced to backend
[PackageCarTracker] Render. StatusFilter: all, LocationFilter: all
Filtering cars. Filter: all, Total cars: 2

stdout | src/PackageCarTracker.test.jsx > Schema integration > does not add unknown fields to cars
PackageCarTracker initialData: {
  trackerVersion: 2,
  cars: [],
  usage: {
    filterClicks: 0,
    locationClicks: 0,
    viewToggles: 0,
    arrivedToggles: 0,
    lateToggles: 0,
    emptyToggles: 0,
    carsAdded: 0,
    carsRemoved: 0,
    carLocationChanges: 0,
    csvImports: 0,
    csvExports: 0,
    shiftsReset: 0,
    carSelections: 0
  },
  currentShift: null
}
[PackageCarTracker] Render. StatusFilter: all, LocationFilter: all
Filtering cars. Filter: all, Total cars: 0
Session started: test-session

stderr | src/PackageCarTracker.test.jsx > Schema integration > does not add unknown fields to cars
seedFleet called with 0 cars
localStorage after seed: {"trackerVersion":2,"cars":[],"usage":{"filterClicks":0,"locationClicks":0,"viewToggles":0,"arrivedToggles":0,"lateToggles":0,"emptyToggles":0,"carsAdded":0,"carsRemoved":0,"carLocationChanges":0,"csvImports":0,"csvExports":0,"shiftsReset":0,"carSelections":0},"currentShift":null}

stdout | src/PackageCarTracker.test.jsx > Schema integration > does not add unknown fields to cars
[PackageCarTracker] Render. StatusFilter: all, LocationFilter: all

stdout | src/PackageCarTracker.test.jsx > Schema integration > does not add unknown fields to cars
[PackageCarTracker] Render. StatusFilter: all, LocationFilter: all

stdout | src/PackageCarTracker.test.jsx > Schema integration > does not add unknown fields to cars
[PackageCarTracker] Render. StatusFilter: all, LocationFilter: all

stdout | src/PackageCarTracker.test.jsx > Schema integration > does not add unknown fields to cars
[PackageCarTracker] Render. StatusFilter: all, LocationFilter: all

stdout | src/PackageCarTracker.test.jsx > Schema integration > does not add unknown fields to cars
[PackageCarTracker] Render. StatusFilter: all, LocationFilter: all

stdout | src/PackageCarTracker.test.jsx > Schema integration > does not add unknown fields to cars
[PackageCarTracker] Render. StatusFilter: all, LocationFilter: all

stdout | src/PackageCarTracker.test.jsx > Schema integration > does not add unknown fields to cars
[PackageCarTracker] Render. StatusFilter: all, LocationFilter: all

stdout | src/PackageCarTracker.test.jsx > Schema integration > does not add unknown fields to cars
[PackageCarTracker] Render. StatusFilter: all, LocationFilter: all
[PackageCarTracker] Render. StatusFilter: all, LocationFilter: all
Filtering cars. Filter: all, Total cars: 1

stdout | src/PackageCarTracker.test.jsx > Usage tracking > should increment filterClicks when status filter is clicked
PackageCarTracker initialData: {
  trackerVersion: 2,
  cars: [
    {
      id: '111111',
      location: 'Yard',
      arrived: false,
      late: false,
      empty: false
    },
    {
      id: '222222',
      location: '200',
      arrived: true,
      late: false,
      empty: false
    },
    {
      id: '333333',
      location: '300',
      arrived: true,
      late: false,
      empty: true
    },
    {
      id: '444444',
      location: 'Shop',
      arrived: false,
      late: true,
      empty: false
    },
    {
      id: '555555',
      location: '500',
      arrived: true,
      late: false,
      empty: false
    }
  ],
  usage: {
    filterClicks: 0,
    locationClicks: 0,
    viewToggles: 0,
    arrivedToggles: 0,
    lateToggles: 0,
    emptyToggles: 0,
    carsAdded: 0,
    carsRemoved: 0,
    carLocationChanges: 0,
    csvImports: 0,
    csvExports: 0,
    shiftsReset: 0,
    carSelections: 0
  },
  currentShift: null
}
[PackageCarTracker] Render. StatusFilter: all, LocationFilter: all
Filtering cars. Filter: all, Total cars: 5
Session started: test-session

stderr | src/PackageCarTracker.test.jsx > Usage tracking > should increment filterClicks when status filter is clicked
seedFleet called with 5 cars
localStorage after seed: {"trackerVersion":2,"cars":[{"id":"111111","location":"Yard","arrived":false,"late":false,"empty":false},{"id":"222222","location":"200","arrived":true,"late":false,"empty":false},{"id":"333333","location":"300","arrived":true,"late":false,"empty":true},{"id":"444444","location":"Shop","arrived":false,"late":true,"empty":false},{"id":"555555","location":"500","arrived":true,"late":false,"empty":false}],"usage":{"filterClicks":0,"locationClicks":0,"viewToggles":0,"arrivedToggles":0,"lateToggles":0,"emptyToggles":0,"carsAdded":0,"carsRemoved":0,"carLocationChanges":0,"csvImports":0,"csvExports":0,"shiftsReset":0,"carSelections":0},"currentShift":null}

stdout | src/PackageCarTracker.test.jsx > Usage tracking > should increment filterClicks when status filter is clicked
[PackageCarTracker] Render. StatusFilter: all, LocationFilter: all
[PackageCarTracker] Clicked filter: pending
[PackageCarTracker] Render. StatusFilter: pending, LocationFilter: all
Filtering cars. Filter: pending, Total cars: 5

stdout | src/PackageCarTracker.test.jsx > Usage tracking > should increment filterClicks when status filter is clicked
[PackageCarTracker] Clicked filter: arrived
[PackageCarTracker] Render. StatusFilter: arrived, LocationFilter: all
Filtering cars. Filter: arrived, Total cars: 5

stdout | src/PackageCarTracker.test.jsx > Usage tracking > should increment locationClicks when location filter is clicked
PackageCarTracker initialData: {
  trackerVersion: 2,
  cars: [
    {
      id: '111111',
      location: 'Yard',
      arrived: false,
      late: false,
      empty: false
    },
    {
      id: '222222',
      location: '200',
      arrived: true,
      late: false,
      empty: false
    },
    {
      id: '333333',
      location: '300',
      arrived: true,
      late: false,
      empty: true
    },
    {
      id: '444444',
      location: 'Shop',
      arrived: false,
      late: true,
      empty: false
    },
    {
      id: '555555',
      location: '500',
      arrived: true,
      late: false,
      empty: false
    }
  ],
  usage: {
    filterClicks: 0,
    locationClicks: 0,
    viewToggles: 0,
    arrivedToggles: 0,
    lateToggles: 0,
    emptyToggles: 0,
    carsAdded: 0,
    carsRemoved: 0,
    carLocationChanges: 0,
    csvImports: 0,
    csvExports: 0,
    shiftsReset: 0,
    carSelections: 0
  },
  currentShift: null
}
[PackageCarTracker] Render. StatusFilter: all, LocationFilter: all
Filtering cars. Filter: all, Total cars: 5
Session started: test-session

stderr | src/PackageCarTracker.test.jsx > Usage tracking > should increment locationClicks when location filter is clicked
seedFleet called with 5 cars
localStorage after seed: {"trackerVersion":2,"cars":[{"id":"111111","location":"Yard","arrived":false,"late":false,"empty":false},{"id":"222222","location":"200","arrived":true,"late":false,"empty":false},{"id":"333333","location":"300","arrived":true,"late":false,"empty":true},{"id":"444444","location":"Shop","arrived":false,"late":true,"empty":false},{"id":"555555","location":"500","arrived":true,"late":false,"empty":false}],"usage":{"filterClicks":0,"locationClicks":0,"viewToggles":0,"arrivedToggles":0,"lateToggles":0,"emptyToggles":0,"carsAdded":0,"carsRemoved":0,"carLocationChanges":0,"csvImports":0,"csvExports":0,"shiftsReset":0,"carSelections":0},"currentShift":null}

stdout | src/PackageCarTracker.test.jsx > Usage tracking > should increment locationClicks when location filter is clicked
[PackageCarTracker] Render. StatusFilter: all, LocationFilter: 200
Filtering cars. Filter: all, Total cars: 5

stdout | src/PackageCarTracker.test.jsx > Usage tracking > should increment locationClicks when location filter is clicked
[PackageCarTracker] Render. StatusFilter: all, LocationFilter: Shop
Filtering cars. Filter: all, Total cars: 5

stdout | src/PackageCarTracker.test.jsx > Usage tracking > should increment viewToggles when view mode is changed
PackageCarTracker initialData: {
  trackerVersion: 2,
  cars: [
    {
      id: '111111',
      location: 'Yard',
      arrived: false,
      late: false,
      empty: false
    },
    {
      id: '222222',
      location: '200',
      arrived: true,
      late: false,
      empty: false
    },
    {
      id: '333333',
      location: '300',
      arrived: true,
      late: false,
      empty: true
    },
    {
      id: '444444',
      location: 'Shop',
      arrived: false,
      late: true,
      empty: false
    },
    {
      id: '555555',
      location: '500',
      arrived: true,
      late: false,
      empty: false
    }
  ],
  usage: {
    filterClicks: 0,
    locationClicks: 0,
    viewToggles: 0,
    arrivedToggles: 0,
    lateToggles: 0,
    emptyToggles: 0,
    carsAdded: 0,
    carsRemoved: 0,
    carLocationChanges: 0,
    csvImports: 0,
    csvExports: 0,
    shiftsReset: 0,
    carSelections: 0
  },
  currentShift: null
}
[PackageCarTracker] Render. StatusFilter: all, LocationFilter: all
Filtering cars. Filter: all, Total cars: 5
Session started: test-session

stderr | src/PackageCarTracker.test.jsx > Usage tracking > should increment viewToggles when view mode is changed
seedFleet called with 5 cars
localStorage after seed: {"trackerVersion":2,"cars":[{"id":"111111","location":"Yard","arrived":false,"late":false,"empty":false},{"id":"222222","location":"200","arrived":true,"late":false,"empty":false},{"id":"333333","location":"300","arrived":true,"late":false,"empty":true},{"id":"444444","location":"Shop","arrived":false,"late":true,"empty":false},{"id":"555555","location":"500","arrived":true,"late":false,"empty":false}],"usage":{"filterClicks":0,"locationClicks":0,"viewToggles":0,"arrivedToggles":0,"lateToggles":0,"emptyToggles":0,"carsAdded":0,"carsRemoved":0,"carLocationChanges":0,"csvImports":0,"csvExports":0,"shiftsReset":0,"carSelections":0},"currentShift":null}

stdout | src/PackageCarTracker.test.jsx > Usage tracking > should increment viewToggles when view mode is changed
[PackageCarTracker] Render. StatusFilter: all, LocationFilter: all
[PackageCarTracker] Render. StatusFilter: all, LocationFilter: all

stdout | src/PackageCarTracker.test.jsx > Usage tracking > should increment arrivedToggles when arrived status is toggled
PackageCarTracker initialData: {
  trackerVersion: 2,
  cars: [
    {
      id: '111111',
      location: 'Yard',
      arrived: false,
      late: false,
      empty: false
    },
    {
      id: '222222',
      location: '200',
      arrived: true,
      late: false,
      empty: false
    },
    {
      id: '333333',
      location: '300',
      arrived: true,
      late: false,
      empty: true
    },
    {
      id: '444444',
      location: 'Shop',
      arrived: false,
      late: true,
      empty: false
    },
    {
      id: '555555',
      location: '500',
      arrived: true,
      late: false,
      empty: false
    }
  ],
  usage: {
    filterClicks: 0,
    locationClicks: 0,
    viewToggles: 0,
    arrivedToggles: 0,
    lateToggles: 0,
    emptyToggles: 0,
    carsAdded: 0,
    carsRemoved: 0,
    carLocationChanges: 0,
    csvImports: 0,
    csvExports: 0,
    shiftsReset: 0,
    carSelections: 0
  },
  currentShift: null
}
[PackageCarTracker] Render. StatusFilter: all, LocationFilter: all
Filtering cars. Filter: all, Total cars: 5
Session started: test-session

stderr | src/PackageCarTracker.test.jsx > Usage tracking > should increment arrivedToggles when arrived status is toggled
seedFleet called with 5 cars
localStorage after seed: {"trackerVersion":2,"cars":[{"id":"111111","location":"Yard","arrived":false,"late":false,"empty":false},{"id":"222222","location":"200","arrived":true,"late":false,"empty":false},{"id":"333333","location":"300","arrived":true,"late":false,"empty":true},{"id":"444444","location":"Shop","arrived":false,"late":true,"empty":false},{"id":"555555","location":"500","arrived":true,"late":false,"empty":false}],"usage":{"filterClicks":0,"locationClicks":0,"viewToggles":0,"arrivedToggles":0,"lateToggles":0,"emptyToggles":0,"carsAdded":0,"carsRemoved":0,"carLocationChanges":0,"csvImports":0,"csvExports":0,"shiftsReset":0,"carSelections":0},"currentShift":null}

stdout | src/PackageCarTracker.test.jsx > Usage tracking > should increment arrivedToggles when arrived status is toggled
[PackageCarTracker] Render. StatusFilter: all, LocationFilter: all
[PackageCarTracker] Render. StatusFilter: all, LocationFilter: all
[PackageCarTracker] Render. StatusFilter: all, LocationFilter: all
Filtering cars. Filter: all, Total cars: 5

stdout | src/PackageCarTracker.test.jsx > Usage tracking > should increment lateToggles when late status is toggled
PackageCarTracker initialData: {
  trackerVersion: 2,
  cars: [
    {
      id: '111111',
      location: 'Yard',
      arrived: false,
      late: false,
      empty: false
    },
    {
      id: '222222',
      location: '200',
      arrived: true,
      late: false,
      empty: false
    },
    {
      id: '333333',
      location: '300',
      arrived: true,
      late: false,
      empty: true
    },
    {
      id: '444444',
      location: 'Shop',
      arrived: false,
      late: true,
      empty: false
    },
    {
      id: '555555',
      location: '500',
      arrived: true,
      late: false,
      empty: false
    }
  ],
  usage: {
    filterClicks: 0,
    locationClicks: 0,
    viewToggles: 0,
    arrivedToggles: 0,
    lateToggles: 0,
    emptyToggles: 0,
    carsAdded: 0,
    carsRemoved: 0,
    carLocationChanges: 0,
    csvImports: 0,
    csvExports: 0,
    shiftsReset: 0,
    carSelections: 0
  },
  currentShift: null
}
[PackageCarTracker] Render. StatusFilter: all, LocationFilter: all
Filtering cars. Filter: all, Total cars: 5
Session started: test-session

stderr | src/PackageCarTracker.test.jsx > Usage tracking > should increment lateToggles when late status is toggled
seedFleet called with 5 cars
localStorage after seed: {"trackerVersion":2,"cars":[{"id":"111111","location":"Yard","arrived":false,"late":false,"empty":false},{"id":"222222","location":"200","arrived":true,"late":false,"empty":false},{"id":"333333","location":"300","arrived":true,"late":false,"empty":true},{"id":"444444","location":"Shop","arrived":false,"late":true,"empty":false},{"id":"555555","location":"500","arrived":true,"late":false,"empty":false}],"usage":{"filterClicks":0,"locationClicks":0,"viewToggles":0,"arrivedToggles":0,"lateToggles":0,"emptyToggles":0,"carsAdded":0,"carsRemoved":0,"carLocationChanges":0,"csvImports":0,"csvExports":0,"shiftsReset":0,"carSelections":0},"currentShift":null}

stdout | src/PackageCarTracker.test.jsx > Usage tracking > should increment lateToggles when late status is toggled
[PackageCarTracker] Render. StatusFilter: all, LocationFilter: all
[PackageCarTracker] Render. StatusFilter: all, LocationFilter: all
[PackageCarTracker] Render. StatusFilter: all, LocationFilter: all
Filtering cars. Filter: all, Total cars: 5

stdout | src/PackageCarTracker.test.jsx > Usage tracking > should increment emptyToggles when empty status is toggled
PackageCarTracker initialData: {
  trackerVersion: 2,
  cars: [
    {
      id: '111111',
      location: 'Yard',
      arrived: false,
      late: false,
      empty: false
    },
    {
      id: '222222',
      location: '200',
      arrived: true,
      late: false,
      empty: false
    },
    {
      id: '333333',
      location: '300',
      arrived: true,
      late: false,
      empty: true
    },
    {
      id: '444444',
      location: 'Shop',
      arrived: false,
      late: true,
      empty: false
    },
    {
      id: '555555',
      location: '500',
      arrived: true,
      late: false,
      empty: false
    }
  ],
  usage: {
    filterClicks: 0,
    locationClicks: 0,
    viewToggles: 0,
    arrivedToggles: 0,
    lateToggles: 0,
    emptyToggles: 0,
    carsAdded: 0,
    carsRemoved: 0,
    carLocationChanges: 0,
    csvImports: 0,
    csvExports: 0,
    shiftsReset: 0,
    carSelections: 0
  },
  currentShift: null
}
[PackageCarTracker] Render. StatusFilter: all, LocationFilter: all
Filtering cars. Filter: all, Total cars: 5
Session started: test-session

stderr | src/PackageCarTracker.test.jsx > Usage tracking > should increment emptyToggles when empty status is toggled
seedFleet called with 5 cars
localStorage after seed: {"trackerVersion":2,"cars":[{"id":"111111","location":"Yard","arrived":false,"late":false,"empty":false},{"id":"222222","location":"200","arrived":true,"late":false,"empty":false},{"id":"333333","location":"300","arrived":true,"late":false,"empty":true},{"id":"444444","location":"Shop","arrived":false,"late":true,"empty":false},{"id":"555555","location":"500","arrived":true,"late":false,"empty":false}],"usage":{"filterClicks":0,"locationClicks":0,"viewToggles":0,"arrivedToggles":0,"lateToggles":0,"emptyToggles":0,"carsAdded":0,"carsRemoved":0,"carLocationChanges":0,"csvImports":0,"csvExports":0,"shiftsReset":0,"carSelections":0},"currentShift":null}

stdout | src/PackageCarTracker.test.jsx > Usage tracking > should increment emptyToggles when empty status is toggled
[PackageCarTracker] Render. StatusFilter: all, LocationFilter: all
[PackageCarTracker] Render. StatusFilter: all, LocationFilter: all
[PackageCarTracker] Render. StatusFilter: all, LocationFilter: all
Filtering cars. Filter: all, Total cars: 5

stdout | src/PackageCarTracker.test.jsx > Usage tracking > should increment carsAdded when a car is added
PackageCarTracker initialData: {
  trackerVersion: 2,
  cars: [],
  usage: {
    filterClicks: 0,
    locationClicks: 0,
    viewToggles: 0,
    arrivedToggles: 0,
    lateToggles: 0,
    emptyToggles: 0,
    carsAdded: 0,
    carsRemoved: 0,
    carLocationChanges: 0,
    csvImports: 0,
    csvExports: 0,
    shiftsReset: 0,
    carSelections: 0
  },
  currentShift: null
}
[PackageCarTracker] Render. StatusFilter: all, LocationFilter: all
Filtering cars. Filter: all, Total cars: 0
Session started: test-session

stderr | src/PackageCarTracker.test.jsx > Usage tracking > should increment carsAdded when a car is added
seedFleet called with 0 cars
localStorage after seed: {"trackerVersion":2,"cars":[],"usage":{"filterClicks":0,"locationClicks":0,"viewToggles":0,"arrivedToggles":0,"lateToggles":0,"emptyToggles":0,"carsAdded":0,"carsRemoved":0,"carLocationChanges":0,"csvImports":0,"csvExports":0,"shiftsReset":0,"carSelections":0},"currentShift":null}

stdout | src/PackageCarTracker.test.jsx > Usage tracking > should increment carsAdded when a car is added
[PackageCarTracker] Render. StatusFilter: all, LocationFilter: all

stdout | src/PackageCarTracker.test.jsx > Usage tracking > should increment carsAdded when a car is added
[PackageCarTracker] Render. StatusFilter: all, LocationFilter: all

stdout | src/PackageCarTracker.test.jsx > Usage tracking > should increment carsAdded when a car is added
[PackageCarTracker] Render. StatusFilter: all, LocationFilter: all

stdout | src/PackageCarTracker.test.jsx > Usage tracking > should increment carsAdded when a car is added
[PackageCarTracker] Render. StatusFilter: all, LocationFilter: all

stdout | src/PackageCarTracker.test.jsx > Usage tracking > should increment carsAdded when a car is added
[PackageCarTracker] Render. StatusFilter: all, LocationFilter: all

stdout | src/PackageCarTracker.test.jsx > Usage tracking > should increment carsAdded when a car is added
[PackageCarTracker] Render. StatusFilter: all, LocationFilter: all

stdout | src/PackageCarTracker.test.jsx > Usage tracking > should increment carsAdded when a car is added
[PackageCarTracker] Render. StatusFilter: all, LocationFilter: all

stdout | src/PackageCarTracker.test.jsx > Usage tracking > should increment carsAdded when a car is added
[PackageCarTracker] Render. StatusFilter: all, LocationFilter: all
[PackageCarTracker] Render. StatusFilter: all, LocationFilter: all
Filtering cars. Filter: all, Total cars: 1

stdout | src/PackageCarTracker.test.jsx > Usage tracking > should increment carsRemoved when a car is removed
PackageCarTracker initialData: {
  trackerVersion: 2,
  cars: [
    {
      id: '111111',
      location: 'Yard',
      arrived: false,
      late: false,
      empty: false
    },
    {
      id: '222222',
      location: '200',
      arrived: true,
      late: false,
      empty: false
    },
    {
      id: '333333',
      location: '300',
      arrived: true,
      late: false,
      empty: true
    },
    {
      id: '444444',
      location: 'Shop',
      arrived: false,
      late: true,
      empty: false
    },
    {
      id: '555555',
      location: '500',
      arrived: true,
      late: false,
      empty: false
    }
  ],
  usage: {
    filterClicks: 0,
    locationClicks: 0,
    viewToggles: 0,
    arrivedToggles: 0,
    lateToggles: 0,
    emptyToggles: 0,
    carsAdded: 0,
    carsRemoved: 0,
    carLocationChanges: 0,
    csvImports: 0,
    csvExports: 0,
    shiftsReset: 0,
    carSelections: 0
  },
  currentShift: null
}
[PackageCarTracker] Render. StatusFilter: all, LocationFilter: all
Filtering cars. Filter: all, Total cars: 5
Session started: test-session
[PackageCarTracker] Render. StatusFilter: all, LocationFilter: all

stderr | src/PackageCarTracker.test.jsx > Usage tracking > should increment carsRemoved when a car is removed
seedFleet called with 5 cars
localStorage after seed: {"trackerVersion":2,"cars":[{"id":"111111","location":"Yard","arrived":false,"late":false,"empty":false},{"id":"222222","location":"200","arrived":true,"late":false,"empty":false},{"id":"333333","location":"300","arrived":true,"late":false,"empty":true},{"id":"444444","location":"Shop","arrived":false,"late":true,"empty":false},{"id":"555555","location":"500","arrived":true,"late":false,"empty":false}],"usage":{"filterClicks":0,"locationClicks":0,"viewToggles":0,"arrivedToggles":0,"lateToggles":0,"emptyToggles":0,"carsAdded":0,"carsRemoved":0,"carLocationChanges":0,"csvImports":0,"csvExports":0,"shiftsReset":0,"carSelections":0},"currentShift":null}

stdout | src/PackageCarTracker.test.jsx > Usage tracking > should increment carsRemoved when a car is removed
[PackageCarTracker] Render. StatusFilter: all, LocationFilter: all

stdout | src/PackageCarTracker.test.jsx > Usage tracking > should increment carsRemoved when a car is removed
[PackageCarTracker] Render. StatusFilter: all, LocationFilter: all
[PackageCarTracker] Render. StatusFilter: all, LocationFilter: all
Filtering cars. Filter: all, Total cars: 4

stdout | src/PackageCarTracker.test.jsx > Usage tracking > should increment carLocationChanges when a car location is updated
PackageCarTracker initialData: {
  trackerVersion: 2,
  cars: [
    {
      id: '111111',
      location: 'Yard',
      arrived: false,
      late: false,
      empty: false
    },
    {
      id: '222222',
      location: '200',
      arrived: true,
      late: false,
      empty: false
    },
    {
      id: '333333',
      location: '300',
      arrived: true,
      late: false,
      empty: true
    },
    {
      id: '444444',
      location: 'Shop',
      arrived: false,
      late: true,
      empty: false
    },
    {
      id: '555555',
      location: '500',
      arrived: true,
      late: false,
      empty: false
    }
  ],
  usage: {
    filterClicks: 0,
    locationClicks: 0,
    viewToggles: 0,
    arrivedToggles: 0,
    lateToggles: 0,
    emptyToggles: 0,
    carsAdded: 0,
    carsRemoved: 0,
    carLocationChanges: 0,
    csvImports: 0,
    csvExports: 0,
    shiftsReset: 0,
    carSelections: 0
  },
  currentShift: null
}
[PackageCarTracker] Render. StatusFilter: all, LocationFilter: all
Filtering cars. Filter: all, Total cars: 5
Session started: test-session

stderr | src/PackageCarTracker.test.jsx > Usage tracking > should increment carLocationChanges when a car location is updated
seedFleet called with 5 cars
localStorage after seed: {"trackerVersion":2,"cars":[{"id":"111111","location":"Yard","arrived":false,"late":false,"empty":false},{"id":"222222","location":"200","arrived":true,"late":false,"empty":false},{"id":"333333","location":"300","arrived":true,"late":false,"empty":true},{"id":"444444","location":"Shop","arrived":false,"late":true,"empty":false},{"id":"555555","location":"500","arrived":true,"late":false,"empty":false}],"usage":{"filterClicks":0,"locationClicks":0,"viewToggles":0,"arrivedToggles":0,"lateToggles":0,"emptyToggles":0,"carsAdded":0,"carsRemoved":0,"carLocationChanges":0,"csvImports":0,"csvExports":0,"shiftsReset":0,"carSelections":0},"currentShift":null}

stdout | src/PackageCarTracker.test.jsx > Usage tracking > should increment carLocationChanges when a car location is updated
[PackageCarTracker] Render. StatusFilter: all, LocationFilter: all
[PackageCarTracker] Render. StatusFilter: all, LocationFilter: all
[PackageCarTracker] Render. StatusFilter: all, LocationFilter: all
Filtering cars. Filter: all, Total cars: 5

stdout | src/PackageCarTracker.test.jsx > Usage tracking > should increment carLocationChanges when a car location is updated
PackageCarTracker initialData: {
  trackerVersion: 2,
  cars: [
    {
      id: '111111',
      location: 'Yard',
      arrived: false,
      late: false,
      empty: false
    },
    {
      id: '222222',
      location: '200',
      arrived: true,
      late: false,
      empty: false
    },
    {
      id: '333333',
      location: '300',
      arrived: true,
      late: false,
      empty: true
    },
    {
      id: '444444',
      location: 'Shop',
      arrived: false,
      late: true,
      empty: false
    },
    {
      id: '555555',
      location: '500',
      arrived: true,
      late: false,
      empty: false
    }
  ],
  usage: {
    filterClicks: 0,
    locationClicks: 0,
    viewToggles: 0,
    arrivedToggles: 0,
    lateToggles: 0,
    emptyToggles: 0,
    carsAdded: 0,
    carsRemoved: 0,
    carLocationChanges: 0,
    csvImports: 0,
    csvExports: 0,
    shiftsReset: 0,
    carSelections: 0
  },
  currentShift: null
}
[PackageCarTracker] Render. StatusFilter: all, LocationFilter: all
Filtering cars. Filter: all, Total cars: 5
Session started: test-session

stderr | src/PackageCarTracker.test.jsx > Usage tracking > should increment carLocationChanges when a car location is updated
seedFleet called with 5 cars
localStorage after seed: {"trackerVersion":2,"cars":[{"id":"111111","location":"Yard","arrived":false,"late":false,"empty":false},{"id":"222222","location":"200","arrived":true,"late":false,"empty":false},{"id":"333333","location":"300","arrived":true,"late":false,"empty":true},{"id":"444444","location":"Shop","arrived":false,"late":true,"empty":false},{"id":"555555","location":"500","arrived":true,"late":false,"empty":false}],"usage":{"filterClicks":0,"locationClicks":0,"viewToggles":0,"arrivedToggles":0,"lateToggles":0,"emptyToggles":0,"carsAdded":0,"carsRemoved":0,"carLocationChanges":0,"csvImports":0,"csvExports":0,"shiftsReset":0,"carSelections":0},"currentShift":null}

stdout | src/PackageCarTracker.test.jsx > Usage tracking > should increment carLocationChanges when a car location is updated
[PackageCarTracker] Render. StatusFilter: all, LocationFilter: all
[PackageCarTracker] Render. StatusFilter: all, LocationFilter: all
[PackageCarTracker] Render. StatusFilter: all, LocationFilter: all
Filtering cars. Filter: all, Total cars: 5

stdout | src/PackageCarTracker.test.jsx > Usage tracking > should increment shiftsReset when shift is reset
PackageCarTracker initialData: {
  trackerVersion: 2,
  cars: [
    {
      id: '111111',
      location: 'Yard',
      arrived: false,
      late: false,
      empty: false
    },
    {
      id: '222222',
      location: '200',
      arrived: true,
      late: false,
      empty: false
    },
    {
      id: '333333',
      location: '300',
      arrived: true,
      late: false,
      empty: true
    },
    {
      id: '444444',
      location: 'Shop',
      arrived: false,
      late: true,
      empty: false
    },
    {
      id: '555555',
      location: '500',
      arrived: true,
      late: false,
      empty: false
    }
  ],
  usage: {
    filterClicks: 0,
    locationClicks: 0,
    viewToggles: 0,
    arrivedToggles: 0,
    lateToggles: 0,
    emptyToggles: 0,
    carsAdded: 0,
    carsRemoved: 0,
    carLocationChanges: 0,
    csvImports: 0,
    csvExports: 0,
    shiftsReset: 0,
    carSelections: 0
  },
  currentShift: null
}
[PackageCarTracker] Render. StatusFilter: all, LocationFilter: all
Filtering cars. Filter: all, Total cars: 5
Session started: test-session

stderr | src/PackageCarTracker.test.jsx > Usage tracking > should increment shiftsReset when shift is reset
seedFleet called with 5 cars
localStorage after seed: {"trackerVersion":2,"cars":[{"id":"111111","location":"Yard","arrived":false,"late":false,"empty":false},{"id":"222222","location":"200","arrived":true,"late":false,"empty":false},{"id":"333333","location":"300","arrived":true,"late":false,"empty":true},{"id":"444444","location":"Shop","arrived":false,"late":true,"empty":false},{"id":"555555","location":"500","arrived":true,"late":false,"empty":false}],"usage":{"filterClicks":0,"locationClicks":0,"viewToggles":0,"arrivedToggles":0,"lateToggles":0,"emptyToggles":0,"carsAdded":0,"carsRemoved":0,"carLocationChanges":0,"csvImports":0,"csvExports":0,"shiftsReset":0,"carSelections":0},"currentShift":null}

stdout | src/PackageCarTracker.test.jsx > Usage tracking > should increment shiftsReset when shift is reset
[PackageCarTracker] Render. StatusFilter: all, LocationFilter: all
[PackageCarTracker] Render. StatusFilter: all, LocationFilter: all
Shift reset synced to backend
[PackageCarTracker] Render. StatusFilter: all, LocationFilter: all
Filtering cars. Filter: all, Total cars: 5

stdout | src/PackageCarTracker.test.jsx > Usage tracking > should persist all usage counters across multiple actions
PackageCarTracker initialData: {
  trackerVersion: 2,
  cars: [
    {
      id: '111111',
      location: 'Yard',
      arrived: false,
      late: false,
      empty: false
    },
    {
      id: '222222',
      location: '200',
      arrived: true,
      late: false,
      empty: false
    },
    {
      id: '333333',
      location: '300',
      arrived: true,
      late: false,
      empty: true
    },
    {
      id: '444444',
      location: 'Shop',
      arrived: false,
      late: true,
      empty: false
    },
    {
      id: '555555',
      location: '500',
      arrived: true,
      late: false,
      empty: false
    }
  ],
  usage: {
    filterClicks: 0,
    locationClicks: 0,
    viewToggles: 0,
    arrivedToggles: 0,
    lateToggles: 0,
    emptyToggles: 0,
    carsAdded: 0,
    carsRemoved: 0,
    carLocationChanges: 0,
    csvImports: 0,
    csvExports: 0,
    shiftsReset: 0,
    carSelections: 0
  },
  currentShift: null
}
[PackageCarTracker] Render. StatusFilter: all, LocationFilter: all
Filtering cars. Filter: all, Total cars: 5
Session started: test-session

stderr | src/PackageCarTracker.test.jsx > Usage tracking > should persist all usage counters across multiple actions
seedFleet called with 5 cars
localStorage after seed: {"trackerVersion":2,"cars":[{"id":"111111","location":"Yard","arrived":false,"late":false,"empty":false},{"id":"222222","location":"200","arrived":true,"late":false,"empty":false},{"id":"333333","location":"300","arrived":true,"late":false,"empty":true},{"id":"444444","location":"Shop","arrived":false,"late":true,"empty":false},{"id":"555555","location":"500","arrived":true,"late":false,"empty":false}],"usage":{"filterClicks":0,"locationClicks":0,"viewToggles":0,"arrivedToggles":0,"lateToggles":0,"emptyToggles":0,"carsAdded":0,"carsRemoved":0,"carLocationChanges":0,"csvImports":0,"csvExports":0,"shiftsReset":0,"carSelections":0},"currentShift":null}

stdout | src/PackageCarTracker.test.jsx > Usage tracking > should persist all usage counters across multiple actions
[PackageCarTracker] Render. StatusFilter: all, LocationFilter: all
[PackageCarTracker] Clicked filter: pending
[PackageCarTracker] Render. StatusFilter: pending, LocationFilter: all
Filtering cars. Filter: pending, Total cars: 5

stdout | src/PackageCarTracker.test.jsx > Usage tracking > should persist all usage counters across multiple actions
[PackageCarTracker] Render. StatusFilter: pending, LocationFilter: Shop
Filtering cars. Filter: pending, Total cars: 5

stdout | src/PackageCarTracker.test.jsx > Usage tracking > should persist all usage counters across multiple actions
[PackageCarTracker] Render. StatusFilter: pending, LocationFilter: Shop

stdout | src/PackageCarTracker.test.jsx > Usage tracking > should persist all usage counters across multiple actions
[PackageCarTracker] Render. StatusFilter: pending, LocationFilter: Shop

stdout | src/PackageCarTracker.test.jsx > Usage tracking > should persist all usage counters across multiple actions
[PackageCarTracker] Render. StatusFilter: pending, LocationFilter: Shop

stdout | src/PackageCarTracker.test.jsx > Usage tracking > should persist all usage counters across multiple actions
[PackageCarTracker] Render. StatusFilter: pending, LocationFilter: Shop
[PackageCarTracker] Render. StatusFilter: pending, LocationFilter: Shop
Filtering cars. Filter: pending, Total cars: 5

 ✓ src/PackageCarTracker.test.jsx (32 tests) 9102ms
   ✓ PackageCarTracker filters > handles primary status filter combinations 1034ms
   ✓ PackageCarTracker filters > applies location and status filters together 610ms
   ✓ Board view > toggles between list and board layouts using the explicit buttons 459ms
   ✓ Board view > groups only the currently filtered cars into their location columns 470ms
   ✓ Fleet management tools > only shows fleet manager tools when manage mode is enabled 485ms
   ✓ Fleet management tools > opens the fleet manager modal with roster controls 513ms
   ✓ Fleet management tools > imports fleet IDs from CSV 303ms
   ✓ Fleet management tools > alerts when a CSV only contains existing IDs 318ms
   ✓ Fleet management tools > exports the current fleet roster to CSV 425ms
   ✓ Usage tracking > should increment locationClicks when location filter is clicked 340ms
   ✓ Usage tracking > should increment carsRemoved when a car is removed 480ms
   ✓ Usage tracking > should persist all usage counters across multiple actions 453ms

 Test Files  1 passed (1)
      Tests  32 passed (32)
   Start at  07:21:12
   Duration  9.75s

 PASS  Waiting for file changes...
       press h to show help, press q to quit
c[3J RERUN  src/api/apiClient.js x3 

stdout | src/PackageCarTracker.test.jsx > PackageCarTracker filters > handles primary status filter combinations
PackageCarTracker initialData: {
  trackerVersion: 2,
  cars: [
    {
      id: '111111',
      location: 'Yard',
      arrived: false,
      late: false,
      empty: false
    },
    {
      id: '222222',
      location: '200',
      arrived: true,
      late: false,
      empty: false
    },
    {
      id: '333333',
      location: '300',
      arrived: true,
      late: false,
      empty: true
    },
    {
      id: '444444',
      location: 'Shop',
      arrived: false,
      late: true,
      empty: false
    },
    {
      id: '555555',
      location: '500',
      arrived: true,
      late: false,
      empty: false
    }
  ],
  usage: {
    filterClicks: 0,
    locationClicks: 0,
    viewToggles: 0,
    arrivedToggles: 0,
    lateToggles: 0,
    emptyToggles: 0,
    carsAdded: 0,
    carsRemoved: 0,
    carLocationChanges: 0,
    csvImports: 0,
    csvExports: 0,
    shiftsReset: 0,
    carSelections: 0
  },
  currentShift: null
}
[PackageCarTracker] Render. StatusFilter: all, LocationFilter: all
Filtering cars. Filter: all, Total cars: 5
Session started: test-session
[PackageCarTracker] Render. StatusFilter: all, LocationFilter: all

stderr | src/PackageCarTracker.test.jsx > PackageCarTracker filters > handles primary status filter combinations
seedFleet called with 5 cars
localStorage after seed: {"trackerVersion":2,"cars":[{"id":"111111","location":"Yard","arrived":false,"late":false,"empty":false},{"id":"222222","location":"200","arrived":true,"late":false,"empty":false},{"id":"333333","location":"300","arrived":true,"late":false,"empty":true},{"id":"444444","location":"Shop","arrived":false,"late":true,"empty":false},{"id":"555555","location":"500","arrived":true,"late":false,"empty":false}],"usage":{"filterClicks":0,"locationClicks":0,"viewToggles":0,"arrivedToggles":0,"lateToggles":0,"emptyToggles":0,"carsAdded":0,"carsRemoved":0,"carLocationChanges":0,"csvImports":0,"csvExports":0,"shiftsReset":0,"carSelections":0},"currentShift":null}

stdout | src/PackageCarTracker.test.jsx > PackageCarTracker filters > handles primary status filter combinations
[PackageCarTracker] Clicked filter: pending
[PackageCarTracker] Render. StatusFilter: pending, LocationFilter: all
Filtering cars. Filter: pending, Total cars: 5

stdout | src/PackageCarTracker.test.jsx > PackageCarTracker filters > handles primary status filter combinations
[PackageCarTracker] Clicked filter: arrived
[PackageCarTracker] Render. StatusFilter: arrived, LocationFilter: all
Filtering cars. Filter: arrived, Total cars: 5

stdout | src/PackageCarTracker.test.jsx > PackageCarTracker filters > handles primary status filter combinations
[PackageCarTracker] Clicked filter: late
[PackageCarTracker] Render. StatusFilter: late, LocationFilter: all
Filtering cars. Filter: late, Total cars: 5

stdout | src/PackageCarTracker.test.jsx > PackageCarTracker filters > handles primary status filter combinations
[PackageCarTracker] Clicked filter: empty
[PackageCarTracker] Render. StatusFilter: empty, LocationFilter: all
Filtering cars. Filter: empty, Total cars: 5
Checking car 111111: empty=false, matchesStatus=false
Checking car 222222: empty=false, matchesStatus=false
Checking car 333333: empty=true, matchesStatus=true
Checking car 444444: empty=false, matchesStatus=false
Checking car 555555: empty=false, matchesStatus=false

stdout | src/PackageCarTracker.test.jsx > PackageCarTracker filters > applies location and status filters together
PackageCarTracker initialData: {
  trackerVersion: 2,
  cars: [
    {
      id: '111111',
      location: 'Yard',
      arrived: false,
      late: false,
      empty: false
    },
    {
      id: '222222',
      location: '200',
      arrived: true,
      late: false,
      empty: false
    },
    {
      id: '333333',
      location: '300',
      arrived: true,
      late: false,
      empty: true
    },
    {
      id: '444444',
      location: 'Shop',
      arrived: false,
      late: true,
      empty: false
    },
    {
      id: '555555',
      location: '500',
      arrived: true,
      late: false,
      empty: false
    }
  ],
  usage: {
    filterClicks: 0,
    locationClicks: 0,
    viewToggles: 0,
    arrivedToggles: 0,
    lateToggles: 0,
    emptyToggles: 0,
    carsAdded: 0,
    carsRemoved: 0,
    carLocationChanges: 0,
    csvImports: 0,
    csvExports: 0,
    shiftsReset: 0,
    carSelections: 0
  },
  currentShift: null
}
[PackageCarTracker] Render. StatusFilter: all, LocationFilter: all
Filtering cars. Filter: all, Total cars: 5
Session started: test-session

stderr | src/PackageCarTracker.test.jsx > PackageCarTracker filters > applies location and status filters together
seedFleet called with 5 cars
localStorage after seed: {"trackerVersion":2,"cars":[{"id":"111111","location":"Yard","arrived":false,"late":false,"empty":false},{"id":"222222","location":"200","arrived":true,"late":false,"empty":false},{"id":"333333","location":"300","arrived":true,"late":false,"empty":true},{"id":"444444","location":"Shop","arrived":false,"late":true,"empty":false},{"id":"555555","location":"500","arrived":true,"late":false,"empty":false}],"usage":{"filterClicks":0,"locationClicks":0,"viewToggles":0,"arrivedToggles":0,"lateToggles":0,"emptyToggles":0,"carsAdded":0,"carsRemoved":0,"carLocationChanges":0,"csvImports":0,"csvExports":0,"shiftsReset":0,"carSelections":0},"currentShift":null}

stdout | src/PackageCarTracker.test.jsx > PackageCarTracker filters > applies location and status filters together
[PackageCarTracker] Render. StatusFilter: all, LocationFilter: 300
Filtering cars. Filter: all, Total cars: 5

stdout | src/PackageCarTracker.test.jsx > PackageCarTracker filters > applies location and status filters together
[PackageCarTracker] Clicked filter: arrived
[PackageCarTracker] Render. StatusFilter: arrived, LocationFilter: 300
Filtering cars. Filter: arrived, Total cars: 5

stdout | src/PackageCarTracker.test.jsx > PackageCarTracker filters > applies location and status filters together
[PackageCarTracker] Render. StatusFilter: arrived, LocationFilter: 500
Filtering cars. Filter: arrived, Total cars: 5

stdout | src/PackageCarTracker.test.jsx > PackageCarTracker filters > applies location and status filters together
[PackageCarTracker] Clicked filter: arrivedNotEmpty
[PackageCarTracker] Render. StatusFilter: arrivedNotEmpty, LocationFilter: 500
Filtering cars. Filter: arrivedNotEmpty, Total cars: 5

stdout | src/PackageCarTracker.test.jsx > PackageCarTracker filters > filters arrived but not empty trucks explicitly
PackageCarTracker initialData: {
  trackerVersion: 2,
  cars: [
    {
      id: '111111',
      location: 'Yard',
      arrived: false,
      late: false,
      empty: false
    },
    {
      id: '222222',
      location: '200',
      arrived: true,
      late: false,
      empty: false
    },
    {
      id: '333333',
      location: '300',
      arrived: true,
      late: false,
      empty: true
    },
    {
      id: '444444',
      location: 'Shop',
      arrived: false,
      late: true,
      empty: false
    },
    {
      id: '555555',
      location: '500',
      arrived: true,
      late: false,
      empty: false
    }
  ],
  usage: {
    filterClicks: 0,
    locationClicks: 0,
    viewToggles: 0,
    arrivedToggles: 0,
    lateToggles: 0,
    emptyToggles: 0,
    carsAdded: 0,
    carsRemoved: 0,
    carLocationChanges: 0,
    csvImports: 0,
    csvExports: 0,
    shiftsReset: 0,
    carSelections: 0
  },
  currentShift: null
}
[PackageCarTracker] Render. StatusFilter: all, LocationFilter: all
Filtering cars. Filter: all, Total cars: 5
Session started: test-session

stderr | src/PackageCarTracker.test.jsx > PackageCarTracker filters > filters arrived but not empty trucks explicitly
seedFleet called with 5 cars
localStorage after seed: {"trackerVersion":2,"cars":[{"id":"111111","location":"Yard","arrived":false,"late":false,"empty":false},{"id":"222222","location":"200","arrived":true,"late":false,"empty":false},{"id":"333333","location":"300","arrived":true,"late":false,"empty":true},{"id":"444444","location":"Shop","arrived":false,"late":true,"empty":false},{"id":"555555","location":"500","arrived":true,"late":false,"empty":false}],"usage":{"filterClicks":0,"locationClicks":0,"viewToggles":0,"arrivedToggles":0,"lateToggles":0,"emptyToggles":0,"carsAdded":0,"carsRemoved":0,"carLocationChanges":0,"csvImports":0,"csvExports":0,"shiftsReset":0,"carSelections":0},"currentShift":null}

stdout | src/PackageCarTracker.test.jsx > PackageCarTracker filters > filters arrived but not empty trucks explicitly
[PackageCarTracker] Render. StatusFilter: all, LocationFilter: all
[PackageCarTracker] Clicked filter: arrivedNotEmpty
[PackageCarTracker] Render. StatusFilter: arrivedNotEmpty, LocationFilter: all
Filtering cars. Filter: arrivedNotEmpty, Total cars: 5

stdout | src/PackageCarTracker.test.jsx > Board view > toggles between list and board layouts using the explicit buttons
PackageCarTracker initialData: {
  trackerVersion: 2,
  cars: [
    {
      id: '111111',
      location: 'Yard',
      arrived: false,
      late: false,
      empty: false
    },
    {
      id: '222222',
      location: '200',
      arrived: true,
      late: false,
      empty: false
    },
    {
      id: '333333',
      location: '300',
      arrived: true,
      late: false,
      empty: true
    },
    {
      id: '444444',
      location: 'Shop',
      arrived: false,
      late: true,
      empty: false
    },
    {
      id: '555555',
      location: '500',
      arrived: true,
      late: false,
      empty: false
    }
  ],
  usage: {
    filterClicks: 0,
    locationClicks: 0,
    viewToggles: 0,
    arrivedToggles: 0,
    lateToggles: 0,
    emptyToggles: 0,
    carsAdded: 0,
    carsRemoved: 0,
    carLocationChanges: 0,
    csvImports: 0,
    csvExports: 0,
    shiftsReset: 0,
    carSelections: 0
  },
  currentShift: null
}
[PackageCarTracker] Render. StatusFilter: all, LocationFilter: all
Filtering cars. Filter: all, Total cars: 5
Session started: test-session

stderr | src/PackageCarTracker.test.jsx > Board view > toggles between list and board layouts using the explicit buttons
seedFleet called with 5 cars
localStorage after seed: {"trackerVersion":2,"cars":[{"id":"111111","location":"Yard","arrived":false,"late":false,"empty":false},{"id":"222222","location":"200","arrived":true,"late":false,"empty":false},{"id":"333333","location":"300","arrived":true,"late":false,"empty":true},{"id":"444444","location":"Shop","arrived":false,"late":true,"empty":false},{"id":"555555","location":"500","arrived":true,"late":false,"empty":false}],"usage":{"filterClicks":0,"locationClicks":0,"viewToggles":0,"arrivedToggles":0,"lateToggles":0,"emptyToggles":0,"carsAdded":0,"carsRemoved":0,"carLocationChanges":0,"csvImports":0,"csvExports":0,"shiftsReset":0,"carSelections":0},"currentShift":null}

stdout | src/PackageCarTracker.test.jsx > Board view > toggles between list and board layouts using the explicit buttons
[PackageCarTracker] Render. StatusFilter: all, LocationFilter: all
[PackageCarTracker] Render. StatusFilter: all, LocationFilter: all

stdout | src/PackageCarTracker.test.jsx > Board view > toggles between list and board layouts using the explicit buttons
[PackageCarTracker] Render. StatusFilter: all, LocationFilter: all

stdout | src/PackageCarTracker.test.jsx > Board view > groups only the currently filtered cars into their location columns
PackageCarTracker initialData: {
  trackerVersion: 2,
  cars: [
    {
      id: '111111',
      location: 'Yard',
      arrived: false,
      late: false,
      empty: false
    },
    {
      id: '222222',
      location: '200',
      arrived: true,
      late: false,
      empty: false
    },
    {
      id: '333333',
      location: '300',
      arrived: true,
      late: false,
      empty: true
    },
    {
      id: '444444',
      location: 'Shop',
      arrived: false,
      late: true,
      empty: false
    },
    {
      id: '555555',
      location: '500',
      arrived: true,
      late: false,
      empty: false
    }
  ],
  usage: {
    filterClicks: 0,
    locationClicks: 0,
    viewToggles: 0,
    arrivedToggles: 0,
    lateToggles: 0,
    emptyToggles: 0,
    carsAdded: 0,
    carsRemoved: 0,
    carLocationChanges: 0,
    csvImports: 0,
    csvExports: 0,
    shiftsReset: 0,
    carSelections: 0
  },
  currentShift: null
}
[PackageCarTracker] Render. StatusFilter: all, LocationFilter: all
Filtering cars. Filter: all, Total cars: 5
Session started: test-session

stderr | src/PackageCarTracker.test.jsx > Board view > groups only the currently filtered cars into their location columns
seedFleet called with 5 cars
localStorage after seed: {"trackerVersion":2,"cars":[{"id":"111111","location":"Yard","arrived":false,"late":false,"empty":false},{"id":"222222","location":"200","arrived":true,"late":false,"empty":false},{"id":"333333","location":"300","arrived":true,"late":false,"empty":true},{"id":"444444","location":"Shop","arrived":false,"late":true,"empty":false},{"id":"555555","location":"500","arrived":true,"late":false,"empty":false}],"usage":{"filterClicks":0,"locationClicks":0,"viewToggles":0,"arrivedToggles":0,"lateToggles":0,"emptyToggles":0,"carsAdded":0,"carsRemoved":0,"carLocationChanges":0,"csvImports":0,"csvExports":0,"shiftsReset":0,"carSelections":0},"currentShift":null}

stdout | src/PackageCarTracker.test.jsx > Board view > groups only the currently filtered cars into their location columns
[PackageCarTracker] Render. StatusFilter: all, LocationFilter: all

stdout | src/PackageCarTracker.test.jsx > Board view > groups only the currently filtered cars into their location columns
[PackageCarTracker] Render. StatusFilter: all, LocationFilter: all
Filtering cars. Filter: all, Total cars: 5

stdout | src/PackageCarTracker.test.jsx > Board view > groups only the currently filtered cars into their location columns
[PackageCarTracker] Render. StatusFilter: all, LocationFilter: all
Filtering cars. Filter: all, Total cars: 5

stdout | src/PackageCarTracker.test.jsx > Board view > groups only the currently filtered cars into their location columns
[PackageCarTracker] Render. StatusFilter: all, LocationFilter: all
Filtering cars. Filter: all, Total cars: 5

stdout | src/PackageCarTracker.test.jsx > Board view > groups only the currently filtered cars into their location columns
[PackageCarTracker] Clicked filter: arrivedNotEmpty
[PackageCarTracker] Render. StatusFilter: arrivedNotEmpty, LocationFilter: all
Filtering cars. Filter: arrivedNotEmpty, Total cars: 5

stdout | src/PackageCarTracker.test.jsx > Board view > groups only the currently filtered cars into their location columns
[PackageCarTracker] Render. StatusFilter: arrivedNotEmpty, LocationFilter: 500
Filtering cars. Filter: arrivedNotEmpty, Total cars: 5

stdout | src/PackageCarTracker.test.jsx > Board view > groups only the currently filtered cars into their location columns
[PackageCarTracker] Render. StatusFilter: arrivedNotEmpty, LocationFilter: 500

stdout | src/PackageCarTracker.test.jsx > Board view > applies snap scrolling and sticky headers for handheld ergonomics
PackageCarTracker initialData: {
  trackerVersion: 2,
  cars: [
    {
      id: '111111',
      location: 'Yard',
      arrived: false,
      late: false,
      empty: false
    },
    {
      id: '222222',
      location: '200',
      arrived: true,
      late: false,
      empty: false
    },
    {
      id: '333333',
      location: '300',
      arrived: true,
      late: false,
      empty: true
    },
    {
      id: '444444',
      location: 'Shop',
      arrived: false,
      late: true,
      empty: false
    },
    {
      id: '555555',
      location: '500',
      arrived: true,
      late: false,
      empty: false
    }
  ],
  usage: {
    filterClicks: 0,
    locationClicks: 0,
    viewToggles: 0,
    arrivedToggles: 0,
    lateToggles: 0,
    emptyToggles: 0,
    carsAdded: 0,
    carsRemoved: 0,
    carLocationChanges: 0,
    csvImports: 0,
    csvExports: 0,
    shiftsReset: 0,
    carSelections: 0
  },
  currentShift: null
}
[PackageCarTracker] Render. StatusFilter: all, LocationFilter: all
Filtering cars. Filter: all, Total cars: 5
Session started: test-session

stderr | src/PackageCarTracker.test.jsx > Board view > applies snap scrolling and sticky headers for handheld ergonomics
seedFleet called with 5 cars
localStorage after seed: {"trackerVersion":2,"cars":[{"id":"111111","location":"Yard","arrived":false,"late":false,"empty":false},{"id":"222222","location":"200","arrived":true,"late":false,"empty":false},{"id":"333333","location":"300","arrived":true,"late":false,"empty":true},{"id":"444444","location":"Shop","arrived":false,"late":true,"empty":false},{"id":"555555","location":"500","arrived":true,"late":false,"empty":false}],"usage":{"filterClicks":0,"locationClicks":0,"viewToggles":0,"arrivedToggles":0,"lateToggles":0,"emptyToggles":0,"carsAdded":0,"carsRemoved":0,"carLocationChanges":0,"csvImports":0,"csvExports":0,"shiftsReset":0,"carSelections":0},"currentShift":null}

stdout | src/PackageCarTracker.test.jsx > Board view > applies snap scrolling and sticky headers for handheld ergonomics
[PackageCarTracker] Render. StatusFilter: all, LocationFilter: all
[PackageCarTracker] Render. StatusFilter: all, LocationFilter: all

stdout | src/PackageCarTracker.test.jsx > Data Management > migrates v1 data to v2 format
PackageCarTracker initialData: {
  trackerVersion: 2,
  cars: [
    {
      id: '111111',
      location: 'Yard',
      arrived: false,
      late: false,
      empty: false
    }
  ],
  usage: {
    filterClicks: 0,
    locationClicks: 0,
    viewToggles: 0,
    arrivedToggles: 0,
    lateToggles: 0,
    emptyToggles: 0,
    carsAdded: 0,
    carsRemoved: 0,
    carLocationChanges: 0,
    csvImports: 0,
    csvExports: 0,
    shiftsReset: 0,
    carSelections: 0
  },
  currentShift: null
}
[PackageCarTracker] Render. StatusFilter: all, LocationFilter: all
Filtering cars. Filter: all, Total cars: 1
Session started: test-session

stdout | src/PackageCarTracker.test.jsx > Data Management > tracks usage stats
PackageCarTracker initialData: {
  trackerVersion: 2,
  cars: [
    {
      id: '111111',
      location: 'Yard',
      arrived: false,
      late: false,
      empty: false
    },
    {
      id: '222222',
      location: '200',
      arrived: true,
      late: false,
      empty: false
    },
    {
      id: '333333',
      location: '300',
      arrived: true,
      late: false,
      empty: true
    },
    {
      id: '444444',
      location: 'Shop',
      arrived: false,
      late: true,
      empty: false
    },
    {
      id: '555555',
      location: '500',
      arrived: true,
      late: false,
      empty: false
    }
  ],
  usage: {
    filterClicks: 0,
    locationClicks: 0,
    viewToggles: 0,
    arrivedToggles: 0,
    lateToggles: 0,
    emptyToggles: 0,
    carsAdded: 0,
    carsRemoved: 0,
    carLocationChanges: 0,
    csvImports: 0,
    csvExports: 0,
    shiftsReset: 0,
    carSelections: 0
  },
  currentShift: null
}
[PackageCarTracker] Render. StatusFilter: all, LocationFilter: all
Filtering cars. Filter: all, Total cars: 5
Session started: test-session

stderr | src/PackageCarTracker.test.jsx > Data Management > tracks usage stats
seedFleet called with 5 cars
localStorage after seed: {"trackerVersion":2,"cars":[{"id":"111111","location":"Yard","arrived":false,"late":false,"empty":false},{"id":"222222","location":"200","arrived":true,"late":false,"empty":false},{"id":"333333","location":"300","arrived":true,"late":false,"empty":true},{"id":"444444","location":"Shop","arrived":false,"late":true,"empty":false},{"id":"555555","location":"500","arrived":true,"late":false,"empty":false}],"usage":{"filterClicks":0,"locationClicks":0,"viewToggles":0,"arrivedToggles":0,"lateToggles":0,"emptyToggles":0,"carsAdded":0,"carsRemoved":0,"carLocationChanges":0,"csvImports":0,"csvExports":0,"shiftsReset":0,"carSelections":0},"currentShift":null}

stdout | src/PackageCarTracker.test.jsx > Data Management > tracks usage stats
[PackageCarTracker] Render. StatusFilter: all, LocationFilter: all
[PackageCarTracker] Clicked filter: pending
[PackageCarTracker] Render. StatusFilter: pending, LocationFilter: all
Filtering cars. Filter: pending, Total cars: 5

stdout | src/PackageCarTracker.test.jsx > Data Management > falls back to defaults when stored JSON is malformed
PackageCarTracker initialData: {
  trackerVersion: 2,
  cars: [],
  usage: {
    filterClicks: 0,
    locationClicks: 0,
    viewToggles: 0,
    arrivedToggles: 0,
    lateToggles: 0,
    emptyToggles: 0,
    carsAdded: 0,
    carsRemoved: 0,
    carLocationChanges: 0,
    csvImports: 0,
    csvExports: 0,
    shiftsReset: 0,
    carSelections: 0
  },
  currentShift: null
}
[PackageCarTracker] Render. StatusFilter: all, LocationFilter: all
Filtering cars. Filter: all, Total cars: 0
Session started: test-session

stderr | src/PackageCarTracker.test.jsx > Data Management > falls back to defaults when stored JSON is malformed
loadState: JSON parse error, clearing storage entry

stdout | src/PackageCarTracker.test.jsx > Fleet management tools > only shows fleet manager tools when manage mode is enabled
PackageCarTracker initialData: {
  trackerVersion: 2,
  cars: [
    {
      id: '111111',
      location: 'Yard',
      arrived: false,
      late: false,
      empty: false
    },
    {
      id: '222222',
      location: '200',
      arrived: true,
      late: false,
      empty: false
    },
    {
      id: '333333',
      location: '300',
      arrived: true,
      late: false,
      empty: true
    },
    {
      id: '444444',
      location: 'Shop',
      arrived: false,
      late: true,
      empty: false
    },
    {
      id: '555555',
      location: '500',
      arrived: true,
      late: false,
      empty: false
    }
  ],
  usage: {
    filterClicks: 0,
    locationClicks: 0,
    viewToggles: 0,
    arrivedToggles: 0,
    lateToggles: 0,
    emptyToggles: 0,
    carsAdded: 0,
    carsRemoved: 0,
    carLocationChanges: 0,
    csvImports: 0,
    csvExports: 0,
    shiftsReset: 0,
    carSelections: 0
  },
  currentShift: null
}
[PackageCarTracker] Render. StatusFilter: all, LocationFilter: all
Filtering cars. Filter: all, Total cars: 5
Session started: test-session
[PackageCarTracker] Render. StatusFilter: all, LocationFilter: all
[PackageCarTracker] Render. StatusFilter: all, LocationFilter: all

stderr | src/PackageCarTracker.test.jsx > Fleet management tools > only shows fleet manager tools when manage mode is enabled
seedFleet called with 5 cars
localStorage after seed: {"trackerVersion":2,"cars":[{"id":"111111","location":"Yard","arrived":false,"late":false,"empty":false},{"id":"222222","location":"200","arrived":true,"late":false,"empty":false},{"id":"333333","location":"300","arrived":true,"late":false,"empty":true},{"id":"444444","location":"Shop","arrived":false,"late":true,"empty":false},{"id":"555555","location":"500","arrived":true,"late":false,"empty":false}],"usage":{"filterClicks":0,"locationClicks":0,"viewToggles":0,"arrivedToggles":0,"lateToggles":0,"emptyToggles":0,"carsAdded":0,"carsRemoved":0,"carLocationChanges":0,"csvImports":0,"csvExports":0,"shiftsReset":0,"carSelections":0},"currentShift":null}

stdout | src/PackageCarTracker.test.jsx > Fleet management tools > only shows fleet manager tools when manage mode is enabled
[PackageCarTracker] Render. StatusFilter: all, LocationFilter: all
[PackageCarTracker] Render. StatusFilter: all, LocationFilter: all

stdout | src/PackageCarTracker.test.jsx > Fleet management tools > opens the fleet manager modal with roster controls
PackageCarTracker initialData: {
  trackerVersion: 2,
  cars: [
    {
      id: '111111',
      location: 'Yard',
      arrived: false,
      late: false,
      empty: false
    },
    {
      id: '222222',
      location: '200',
      arrived: true,
      late: false,
      empty: false
    },
    {
      id: '333333',
      location: '300',
      arrived: true,
      late: false,
      empty: true
    },
    {
      id: '444444',
      location: 'Shop',
      arrived: false,
      late: true,
      empty: false
    },
    {
      id: '555555',
      location: '500',
      arrived: true,
      late: false,
      empty: false
    }
  ],
  usage: {
    filterClicks: 0,
    locationClicks: 0,
    viewToggles: 0,
    arrivedToggles: 0,
    lateToggles: 0,
    emptyToggles: 0,
    carsAdded: 0,
    carsRemoved: 0,
    carLocationChanges: 0,
    csvImports: 0,
    csvExports: 0,
    shiftsReset: 0,
    carSelections: 0
  },
  currentShift: null
}
[PackageCarTracker] Render. StatusFilter: all, LocationFilter: all
Filtering cars. Filter: all, Total cars: 5
Session started: test-session

stderr | src/PackageCarTracker.test.jsx > Fleet management tools > opens the fleet manager modal with roster controls
seedFleet called with 5 cars
localStorage after seed: {"trackerVersion":2,"cars":[{"id":"111111","location":"Yard","arrived":false,"late":false,"empty":false},{"id":"222222","location":"200","arrived":true,"late":false,"empty":false},{"id":"333333","location":"300","arrived":true,"late":false,"empty":true},{"id":"444444","location":"Shop","arrived":false,"late":true,"empty":false},{"id":"555555","location":"500","arrived":true,"late":false,"empty":false}],"usage":{"filterClicks":0,"locationClicks":0,"viewToggles":0,"arrivedToggles":0,"lateToggles":0,"emptyToggles":0,"carsAdded":0,"carsRemoved":0,"carLocationChanges":0,"csvImports":0,"csvExports":0,"shiftsReset":0,"carSelections":0},"currentShift":null}

stdout | src/PackageCarTracker.test.jsx > Fleet management tools > opens the fleet manager modal with roster controls
[PackageCarTracker] Render. StatusFilter: all, LocationFilter: all
[PackageCarTracker] Render. StatusFilter: all, LocationFilter: all

stdout | src/PackageCarTracker.test.jsx > Fleet management tools > opens the fleet manager modal with roster controls
[PackageCarTracker] Render. StatusFilter: all, LocationFilter: all

stdout | src/PackageCarTracker.test.jsx > Fleet management tools > opens the fleet manager modal with roster controls
[PackageCarTracker] Render. StatusFilter: all, LocationFilter: all

stdout | src/PackageCarTracker.test.jsx > Fleet management tools > imports fleet IDs from CSV
PackageCarTracker initialData: {
  trackerVersion: 2,
  cars: [
    {
      id: '111111',
      location: 'Yard',
      arrived: false,
      late: false,
      empty: false
    },
    {
      id: '222222',
      location: '200',
      arrived: true,
      late: false,
      empty: false
    },
    {
      id: '333333',
      location: '300',
      arrived: true,
      late: false,
      empty: true
    },
    {
      id: '444444',
      location: 'Shop',
      arrived: false,
      late: true,
      empty: false
    },
    {
      id: '555555',
      location: '500',
      arrived: true,
      late: false,
      empty: false
    }
  ],
  usage: {
    filterClicks: 0,
    locationClicks: 0,
    viewToggles: 0,
    arrivedToggles: 0,
    lateToggles: 0,
    emptyToggles: 0,
    carsAdded: 0,
    carsRemoved: 0,
    carLocationChanges: 0,
    csvImports: 0,
    csvExports: 0,
    shiftsReset: 0,
    carSelections: 0
  },
  currentShift: null
}
[PackageCarTracker] Render. StatusFilter: all, LocationFilter: all
Filtering cars. Filter: all, Total cars: 5
Session started: test-session

stderr | src/PackageCarTracker.test.jsx > Fleet management tools > imports fleet IDs from CSV
seedFleet called with 5 cars
localStorage after seed: {"trackerVersion":2,"cars":[{"id":"111111","location":"Yard","arrived":false,"late":false,"empty":false},{"id":"222222","location":"200","arrived":true,"late":false,"empty":false},{"id":"333333","location":"300","arrived":true,"late":false,"empty":true},{"id":"444444","location":"Shop","arrived":false,"late":true,"empty":false},{"id":"555555","location":"500","arrived":true,"late":false,"empty":false}],"usage":{"filterClicks":0,"locationClicks":0,"viewToggles":0,"arrivedToggles":0,"lateToggles":0,"emptyToggles":0,"carsAdded":0,"carsRemoved":0,"carLocationChanges":0,"csvImports":0,"csvExports":0,"shiftsReset":0,"carSelections":0},"currentShift":null}

stdout | src/PackageCarTracker.test.jsx > Fleet management tools > imports fleet IDs from CSV
[PackageCarTracker] Render. StatusFilter: all, LocationFilter: all

stdout | src/PackageCarTracker.test.jsx > Fleet management tools > imports fleet IDs from CSV
[PackageCarTracker] Render. StatusFilter: all, LocationFilter: all

stdout | src/PackageCarTracker.test.jsx > Fleet management tools > imports fleet IDs from CSV
[PackageCarTracker] Render. StatusFilter: all, LocationFilter: all
Filtering cars. Filter: all, Total cars: 7

stdout | src/PackageCarTracker.test.jsx > Fleet management tools > alerts when a CSV only contains existing IDs
PackageCarTracker initialData: {
  trackerVersion: 2,
  cars: [
    {
      id: '111111',
      location: 'Yard',
      arrived: false,
      late: false,
      empty: false
    },
    {
      id: '222222',
      location: '200',
      arrived: true,
      late: false,
      empty: false
    },
    {
      id: '333333',
      location: '300',
      arrived: true,
      late: false,
      empty: true
    },
    {
      id: '444444',
      location: 'Shop',
      arrived: false,
      late: true,
      empty: false
    },
    {
      id: '555555',
      location: '500',
      arrived: true,
      late: false,
      empty: false
    }
  ],
  usage: {
    filterClicks: 0,
    locationClicks: 0,
    viewToggles: 0,
    arrivedToggles: 0,
    lateToggles: 0,
    emptyToggles: 0,
    carsAdded: 0,
    carsRemoved: 0,
    carLocationChanges: 0,
    csvImports: 0,
    csvExports: 0,
    shiftsReset: 0,
    carSelections: 0
  },
  currentShift: null
}
[PackageCarTracker] Render. StatusFilter: all, LocationFilter: all
Filtering cars. Filter: all, Total cars: 5
Session started: test-session

stderr | src/PackageCarTracker.test.jsx > Fleet management tools > alerts when a CSV only contains existing IDs
seedFleet called with 5 cars
localStorage after seed: {"trackerVersion":2,"cars":[{"id":"111111","location":"Yard","arrived":false,"late":false,"empty":false},{"id":"222222","location":"200","arrived":true,"late":false,"empty":false},{"id":"333333","location":"300","arrived":true,"late":false,"empty":true},{"id":"444444","location":"Shop","arrived":false,"late":true,"empty":false},{"id":"555555","location":"500","arrived":true,"late":false,"empty":false}],"usage":{"filterClicks":0,"locationClicks":0,"viewToggles":0,"arrivedToggles":0,"lateToggles":0,"emptyToggles":0,"carsAdded":0,"carsRemoved":0,"carLocationChanges":0,"csvImports":0,"csvExports":0,"shiftsReset":0,"carSelections":0},"currentShift":null}

stdout | src/PackageCarTracker.test.jsx > Fleet management tools > alerts when a CSV only contains existing IDs
[PackageCarTracker] Render. StatusFilter: all, LocationFilter: all

stdout | src/PackageCarTracker.test.jsx > Fleet management tools > alerts when a CSV only contains existing IDs
[PackageCarTracker] Render. StatusFilter: all, LocationFilter: all

stdout | src/PackageCarTracker.test.jsx > Fleet management tools > alerts when a CSV only contains existing IDs
[PackageCarTracker] Render. StatusFilter: all, LocationFilter: all
Filtering cars. Filter: all, Total cars: 5

stdout | src/PackageCarTracker.test.jsx > Fleet management tools > exports the current fleet roster to CSV
PackageCarTracker initialData: {
  trackerVersion: 2,
  cars: [
    {
      id: '111111',
      location: 'Yard',
      arrived: false,
      late: false,
      empty: false
    },
    {
      id: '222222',
      location: '200',
      arrived: true,
      late: false,
      empty: false
    },
    {
      id: '333333',
      location: '300',
      arrived: true,
      late: false,
      empty: true
    },
    {
      id: '444444',
      location: 'Shop',
      arrived: false,
      late: true,
      empty: false
    },
    {
      id: '555555',
      location: '500',
      arrived: true,
      late: false,
      empty: false
    }
  ],
  usage: {
    filterClicks: 0,
    locationClicks: 0,
    viewToggles: 0,
    arrivedToggles: 0,
    lateToggles: 0,
    emptyToggles: 0,
    carsAdded: 0,
    carsRemoved: 0,
    carLocationChanges: 0,
    csvImports: 0,
    csvExports: 0,
    shiftsReset: 0,
    carSelections: 0
  },
  currentShift: null
}
[PackageCarTracker] Render. StatusFilter: all, LocationFilter: all
Filtering cars. Filter: all, Total cars: 5
Session started: test-session

stderr | src/PackageCarTracker.test.jsx > Fleet management tools > exports the current fleet roster to CSV
seedFleet called with 5 cars
localStorage after seed: {"trackerVersion":2,"cars":[{"id":"111111","location":"Yard","arrived":false,"late":false,"empty":false},{"id":"222222","location":"200","arrived":true,"late":false,"empty":false},{"id":"333333","location":"300","arrived":true,"late":false,"empty":true},{"id":"444444","location":"Shop","arrived":false,"late":true,"empty":false},{"id":"555555","location":"500","arrived":true,"late":false,"empty":false}],"usage":{"filterClicks":0,"locationClicks":0,"viewToggles":0,"arrivedToggles":0,"lateToggles":0,"emptyToggles":0,"carsAdded":0,"carsRemoved":0,"carLocationChanges":0,"csvImports":0,"csvExports":0,"shiftsReset":0,"carSelections":0},"currentShift":null}

stdout | src/PackageCarTracker.test.jsx > Fleet management tools > exports the current fleet roster to CSV
[PackageCarTracker] Render. StatusFilter: all, LocationFilter: all
[PackageCarTracker] Render. StatusFilter: all, LocationFilter: all

stdout | src/PackageCarTracker.test.jsx > Fleet management tools > exports the current fleet roster to CSV
[PackageCarTracker] Render. StatusFilter: all, LocationFilter: all

stdout | src/PackageCarTracker.test.jsx > Fleet management tools > resets fleet statuses when starting a new shift
PackageCarTracker initialData: {
  trackerVersion: 2,
  cars: [
    {
      id: '111111',
      location: 'Yard',
      arrived: false,
      late: false,
      empty: false
    },
    {
      id: '222222',
      location: '200',
      arrived: true,
      late: false,
      empty: false
    },
    {
      id: '333333',
      location: '300',
      arrived: true,
      late: false,
      empty: true
    },
    {
      id: '444444',
      location: 'Shop',
      arrived: false,
      late: true,
      empty: false
    },
    {
      id: '555555',
      location: '500',
      arrived: true,
      late: false,
      empty: false
    }
  ],
  usage: {
    filterClicks: 0,
    locationClicks: 0,
    viewToggles: 0,
    arrivedToggles: 0,
    lateToggles: 0,
    emptyToggles: 0,
    carsAdded: 0,
    carsRemoved: 0,
    carLocationChanges: 0,
    csvImports: 0,
    csvExports: 0,
    shiftsReset: 0,
    carSelections: 0
  },
  currentShift: null
}
[PackageCarTracker] Render. StatusFilter: all, LocationFilter: all
Filtering cars. Filter: all, Total cars: 5
Session started: test-session

stderr | src/PackageCarTracker.test.jsx > Fleet management tools > resets fleet statuses when starting a new shift
seedFleet called with 5 cars
localStorage after seed: {"trackerVersion":2,"cars":[{"id":"111111","location":"Yard","arrived":false,"late":false,"empty":false},{"id":"222222","location":"200","arrived":true,"late":false,"empty":false},{"id":"333333","location":"300","arrived":true,"late":false,"empty":true},{"id":"444444","location":"Shop","arrived":false,"late":true,"empty":false},{"id":"555555","location":"500","arrived":true,"late":false,"empty":false}],"usage":{"filterClicks":0,"locationClicks":0,"viewToggles":0,"arrivedToggles":0,"lateToggles":0,"emptyToggles":0,"carsAdded":0,"carsRemoved":0,"carLocationChanges":0,"csvImports":0,"csvExports":0,"shiftsReset":0,"carSelections":0},"currentShift":null}

stdout | src/PackageCarTracker.test.jsx > Fleet management tools > resets fleet statuses when starting a new shift
[PackageCarTracker] Render. StatusFilter: all, LocationFilter: all
Shift reset synced to backend
[PackageCarTracker] Render. StatusFilter: all, LocationFilter: all
Filtering cars. Filter: all, Total cars: 5

stdout | src/PackageCarTracker.test.jsx > Schema integration > creates cars with proper schema defaults when adding manually
PackageCarTracker initialData: {
  trackerVersion: 2,
  cars: [],
  usage: {
    filterClicks: 0,
    locationClicks: 0,
    viewToggles: 0,
    arrivedToggles: 0,
    lateToggles: 0,
    emptyToggles: 0,
    carsAdded: 0,
    carsRemoved: 0,
    carLocationChanges: 0,
    csvImports: 0,
    csvExports: 0,
    shiftsReset: 0,
    carSelections: 0
  },
  currentShift: null
}
[PackageCarTracker] Render. StatusFilter: all, LocationFilter: all
Filtering cars. Filter: all, Total cars: 0
Session started: test-session

stderr | src/PackageCarTracker.test.jsx > Schema integration > creates cars with proper schema defaults when adding manually
seedFleet called with 0 cars
localStorage after seed: {"trackerVersion":2,"cars":[],"usage":{"filterClicks":0,"locationClicks":0,"viewToggles":0,"arrivedToggles":0,"lateToggles":0,"emptyToggles":0,"carsAdded":0,"carsRemoved":0,"carLocationChanges":0,"csvImports":0,"csvExports":0,"shiftsReset":0,"carSelections":0},"currentShift":null}

stdout | src/PackageCarTracker.test.jsx > Schema integration > creates cars with proper schema defaults when adding manually
[PackageCarTracker] Render. StatusFilter: all, LocationFilter: all

stdout | src/PackageCarTracker.test.jsx > Schema integration > creates cars with proper schema defaults when adding manually
[PackageCarTracker] Render. StatusFilter: all, LocationFilter: all

stdout | src/PackageCarTracker.test.jsx > Schema integration > creates cars with proper schema defaults when adding manually
[PackageCarTracker] Render. StatusFilter: all, LocationFilter: all

stdout | src/PackageCarTracker.test.jsx > Schema integration > creates cars with proper schema defaults when adding manually
[PackageCarTracker] Render. StatusFilter: all, LocationFilter: all

stdout | src/PackageCarTracker.test.jsx > Schema integration > creates cars with proper schema defaults when adding manually
[PackageCarTracker] Render. StatusFilter: all, LocationFilter: all

stdout | src/PackageCarTracker.test.jsx > Schema integration > creates cars with proper schema defaults when adding manually
[PackageCarTracker] Render. StatusFilter: all, LocationFilter: all

stdout | src/PackageCarTracker.test.jsx > Schema integration > creates cars with proper schema defaults when adding manually
[PackageCarTracker] Render. StatusFilter: all, LocationFilter: all

stdout | src/PackageCarTracker.test.jsx > Schema integration > creates cars with proper schema defaults when adding manually
[PackageCarTracker] Render. StatusFilter: all, LocationFilter: all
[PackageCarTracker] Render. StatusFilter: all, LocationFilter: all
Filtering cars. Filter: all, Total cars: 1

stdout | src/PackageCarTracker.test.jsx > Schema integration > updates car location using schema helpers
PackageCarTracker initialData: {
  trackerVersion: 2,
  cars: [
    {
      id: '123456',
      location: 'Yard',
      arrived: false,
      late: false,
      empty: false
    }
  ],
  usage: {
    filterClicks: 0,
    locationClicks: 0,
    viewToggles: 0,
    arrivedToggles: 0,
    lateToggles: 0,
    emptyToggles: 0,
    carsAdded: 0,
    carsRemoved: 0,
    carLocationChanges: 0,
    csvImports: 0,
    csvExports: 0,
    shiftsReset: 0,
    carSelections: 0
  },
  currentShift: null
}
[PackageCarTracker] Render. StatusFilter: all, LocationFilter: all
Filtering cars. Filter: all, Total cars: 1
Session started: test-session

stderr | src/PackageCarTracker.test.jsx > Schema integration > updates car location using schema helpers
seedFleet called with 1 cars
localStorage after seed: {"trackerVersion":2,"cars":[{"id":"123456","location":"Yard","arrived":false,"late":false,"empty":false}],"usage":{"filterClicks":0,"locationClicks":0,"viewToggles":0,"arrivedToggles":0,"lateToggles":0,"emptyToggles":0,"carsAdded":0,"carsRemoved":0,"carLocationChanges":0,"csvImports":0,"csvExports":0,"shiftsReset":0,"carSelections":0},"currentShift":null}

stdout | src/PackageCarTracker.test.jsx > Schema integration > updates car location using schema helpers
[PackageCarTracker] Render. StatusFilter: all, LocationFilter: all
[PackageCarTracker] Render. StatusFilter: all, LocationFilter: all
Filtering cars. Filter: all, Total cars: 1

stdout | src/PackageCarTracker.test.jsx > Schema integration > preserves car data when toggling status fields
PackageCarTracker initialData: {
  trackerVersion: 2,
  cars: [
    {
      id: '123456',
      location: 'Shop',
      arrived: false,
      late: false,
      empty: false
    }
  ],
  usage: {
    filterClicks: 0,
    locationClicks: 0,
    viewToggles: 0,
    arrivedToggles: 0,
    lateToggles: 0,
    emptyToggles: 0,
    carsAdded: 0,
    carsRemoved: 0,
    carLocationChanges: 0,
    csvImports: 0,
    csvExports: 0,
    shiftsReset: 0,
    carSelections: 0
  },
  currentShift: null
}
[PackageCarTracker] Render. StatusFilter: all, LocationFilter: all
Filtering cars. Filter: all, Total cars: 1
Session started: test-session

stderr | src/PackageCarTracker.test.jsx > Schema integration > preserves car data when toggling status fields
seedFleet called with 1 cars
localStorage after seed: {"trackerVersion":2,"cars":[{"id":"123456","location":"Shop","arrived":false,"late":false,"empty":false}],"usage":{"filterClicks":0,"locationClicks":0,"viewToggles":0,"arrivedToggles":0,"lateToggles":0,"emptyToggles":0,"carsAdded":0,"carsRemoved":0,"carLocationChanges":0,"csvImports":0,"csvExports":0,"shiftsReset":0,"carSelections":0},"currentShift":null}

stdout | src/PackageCarTracker.test.jsx > Schema integration > preserves car data when toggling status fields
[PackageCarTracker] Render. StatusFilter: all, LocationFilter: all
[PackageCarTracker] Render. StatusFilter: all, LocationFilter: all
[PackageCarTracker] Render. StatusFilter: all, LocationFilter: all
Filtering cars. Filter: all, Total cars: 1

stdout | src/PackageCarTracker.test.jsx > Schema integration > validates all fields are present after reset shift
PackageCarTracker initialData: {
  trackerVersion: 2,
  cars: [
    {
      id: '111111',
      location: 'Shop',
      arrived: true,
      late: true,
      empty: true
    },
    {
      id: '222222',
      location: '200',
      arrived: true,
      late: false,
      empty: true
    }
  ],
  usage: {
    filterClicks: 0,
    locationClicks: 0,
    viewToggles: 0,
    arrivedToggles: 0,
    lateToggles: 0,
    emptyToggles: 0,
    carsAdded: 0,
    carsRemoved: 0,
    carLocationChanges: 0,
    csvImports: 0,
    csvExports: 0,
    shiftsReset: 0,
    carSelections: 0
  },
  currentShift: null
}
[PackageCarTracker] Render. StatusFilter: all, LocationFilter: all
Filtering cars. Filter: all, Total cars: 2
Session started: test-session

stderr | src/PackageCarTracker.test.jsx > Schema integration > validates all fields are present after reset shift
seedFleet called with 2 cars
localStorage after seed: {"trackerVersion":2,"cars":[{"id":"111111","location":"Shop","arrived":true,"late":true,"empty":true},{"id":"222222","location":"200","arrived":true,"late":false,"empty":true}],"usage":{"filterClicks":0,"locationClicks":0,"viewToggles":0,"arrivedToggles":0,"lateToggles":0,"emptyToggles":0,"carsAdded":0,"carsRemoved":0,"carLocationChanges":0,"csvImports":0,"csvExports":0,"shiftsReset":0,"carSelections":0},"currentShift":null}

stdout | src/PackageCarTracker.test.jsx > Schema integration > validates all fields are present after reset shift
[PackageCarTracker] Render. StatusFilter: all, LocationFilter: all
Shift reset synced to backend
[PackageCarTracker] Render. StatusFilter: all, LocationFilter: all
Filtering cars. Filter: all, Total cars: 2

stdout | src/PackageCarTracker.test.jsx > Schema integration > does not add unknown fields to cars
PackageCarTracker initialData: {
  trackerVersion: 2,
  cars: [],
  usage: {
    filterClicks: 0,
    locationClicks: 0,
    viewToggles: 0,
    arrivedToggles: 0,
    lateToggles: 0,
    emptyToggles: 0,
    carsAdded: 0,
    carsRemoved: 0,
    carLocationChanges: 0,
    csvImports: 0,
    csvExports: 0,
    shiftsReset: 0,
    carSelections: 0
  },
  currentShift: null
}
[PackageCarTracker] Render. StatusFilter: all, LocationFilter: all
Filtering cars. Filter: all, Total cars: 0
Session started: test-session

stderr | src/PackageCarTracker.test.jsx > Schema integration > does not add unknown fields to cars
seedFleet called with 0 cars
localStorage after seed: {"trackerVersion":2,"cars":[],"usage":{"filterClicks":0,"locationClicks":0,"viewToggles":0,"arrivedToggles":0,"lateToggles":0,"emptyToggles":0,"carsAdded":0,"carsRemoved":0,"carLocationChanges":0,"csvImports":0,"csvExports":0,"shiftsReset":0,"carSelections":0},"currentShift":null}

stdout | src/PackageCarTracker.test.jsx > Schema integration > does not add unknown fields to cars
[PackageCarTracker] Render. StatusFilter: all, LocationFilter: all

stdout | src/PackageCarTracker.test.jsx > Schema integration > does not add unknown fields to cars
[PackageCarTracker] Render. StatusFilter: all, LocationFilter: all

stdout | src/PackageCarTracker.test.jsx > Schema integration > does not add unknown fields to cars
[PackageCarTracker] Render. StatusFilter: all, LocationFilter: all

stdout | src/PackageCarTracker.test.jsx > Schema integration > does not add unknown fields to cars
[PackageCarTracker] Render. StatusFilter: all, LocationFilter: all

stdout | src/PackageCarTracker.test.jsx > Schema integration > does not add unknown fields to cars
[PackageCarTracker] Render. StatusFilter: all, LocationFilter: all

stdout | src/PackageCarTracker.test.jsx > Schema integration > does not add unknown fields to cars
[PackageCarTracker] Render. StatusFilter: all, LocationFilter: all

stdout | src/PackageCarTracker.test.jsx > Schema integration > does not add unknown fields to cars
[PackageCarTracker] Render. StatusFilter: all, LocationFilter: all

stdout | src/PackageCarTracker.test.jsx > Schema integration > does not add unknown fields to cars
[PackageCarTracker] Render. StatusFilter: all, LocationFilter: all
[PackageCarTracker] Render. StatusFilter: all, LocationFilter: all
Filtering cars. Filter: all, Total cars: 1

stdout | src/PackageCarTracker.test.jsx > Usage tracking > should increment filterClicks when status filter is clicked
PackageCarTracker initialData: {
  trackerVersion: 2,
  cars: [
    {
      id: '111111',
      location: 'Yard',
      arrived: false,
      late: false,
      empty: false
    },
    {
      id: '222222',
      location: '200',
      arrived: true,
      late: false,
      empty: false
    },
    {
      id: '333333',
      location: '300',
      arrived: true,
      late: false,
      empty: true
    },
    {
      id: '444444',
      location: 'Shop',
      arrived: false,
      late: true,
      empty: false
    },
    {
      id: '555555',
      location: '500',
      arrived: true,
      late: false,
      empty: false
    }
  ],
  usage: {
    filterClicks: 0,
    locationClicks: 0,
    viewToggles: 0,
    arrivedToggles: 0,
    lateToggles: 0,
    emptyToggles: 0,
    carsAdded: 0,
    carsRemoved: 0,
    carLocationChanges: 0,
    csvImports: 0,
    csvExports: 0,
    shiftsReset: 0,
    carSelections: 0
  },
  currentShift: null
}
[PackageCarTracker] Render. StatusFilter: all, LocationFilter: all
Filtering cars. Filter: all, Total cars: 5
Session started: test-session

stderr | src/PackageCarTracker.test.jsx > Usage tracking > should increment filterClicks when status filter is clicked
seedFleet called with 5 cars
localStorage after seed: {"trackerVersion":2,"cars":[{"id":"111111","location":"Yard","arrived":false,"late":false,"empty":false},{"id":"222222","location":"200","arrived":true,"late":false,"empty":false},{"id":"333333","location":"300","arrived":true,"late":false,"empty":true},{"id":"444444","location":"Shop","arrived":false,"late":true,"empty":false},{"id":"555555","location":"500","arrived":true,"late":false,"empty":false}],"usage":{"filterClicks":0,"locationClicks":0,"viewToggles":0,"arrivedToggles":0,"lateToggles":0,"emptyToggles":0,"carsAdded":0,"carsRemoved":0,"carLocationChanges":0,"csvImports":0,"csvExports":0,"shiftsReset":0,"carSelections":0},"currentShift":null}

stdout | src/PackageCarTracker.test.jsx > Usage tracking > should increment filterClicks when status filter is clicked
[PackageCarTracker] Render. StatusFilter: all, LocationFilter: all
[PackageCarTracker] Clicked filter: pending
[PackageCarTracker] Render. StatusFilter: pending, LocationFilter: all
Filtering cars. Filter: pending, Total cars: 5

stdout | src/PackageCarTracker.test.jsx > Usage tracking > should increment filterClicks when status filter is clicked
[PackageCarTracker] Clicked filter: arrived
[PackageCarTracker] Render. StatusFilter: arrived, LocationFilter: all
Filtering cars. Filter: arrived, Total cars: 5

stdout | src/PackageCarTracker.test.jsx > Usage tracking > should increment locationClicks when location filter is clicked
PackageCarTracker initialData: {
  trackerVersion: 2,
  cars: [
    {
      id: '111111',
      location: 'Yard',
      arrived: false,
      late: false,
      empty: false
    },
    {
      id: '222222',
      location: '200',
      arrived: true,
      late: false,
      empty: false
    },
    {
      id: '333333',
      location: '300',
      arrived: true,
      late: false,
      empty: true
    },
    {
      id: '444444',
      location: 'Shop',
      arrived: false,
      late: true,
      empty: false
    },
    {
      id: '555555',
      location: '500',
      arrived: true,
      late: false,
      empty: false
    }
  ],
  usage: {
    filterClicks: 0,
    locationClicks: 0,
    viewToggles: 0,
    arrivedToggles: 0,
    lateToggles: 0,
    emptyToggles: 0,
    carsAdded: 0,
    carsRemoved: 0,
    carLocationChanges: 0,
    csvImports: 0,
    csvExports: 0,
    shiftsReset: 0,
    carSelections: 0
  },
  currentShift: null
}
[PackageCarTracker] Render. StatusFilter: all, LocationFilter: all
Filtering cars. Filter: all, Total cars: 5
Session started: test-session

stderr | src/PackageCarTracker.test.jsx > Usage tracking > should increment locationClicks when location filter is clicked
seedFleet called with 5 cars
localStorage after seed: {"trackerVersion":2,"cars":[{"id":"111111","location":"Yard","arrived":false,"late":false,"empty":false},{"id":"222222","location":"200","arrived":true,"late":false,"empty":false},{"id":"333333","location":"300","arrived":true,"late":false,"empty":true},{"id":"444444","location":"Shop","arrived":false,"late":true,"empty":false},{"id":"555555","location":"500","arrived":true,"late":false,"empty":false}],"usage":{"filterClicks":0,"locationClicks":0,"viewToggles":0,"arrivedToggles":0,"lateToggles":0,"emptyToggles":0,"carsAdded":0,"carsRemoved":0,"carLocationChanges":0,"csvImports":0,"csvExports":0,"shiftsReset":0,"carSelections":0},"currentShift":null}

stdout | src/PackageCarTracker.test.jsx > Usage tracking > should increment locationClicks when location filter is clicked
[PackageCarTracker] Render. StatusFilter: all, LocationFilter: all
[PackageCarTracker] Render. StatusFilter: all, LocationFilter: 200
Filtering cars. Filter: all, Total cars: 5

stdout | src/PackageCarTracker.test.jsx > Usage tracking > should increment locationClicks when location filter is clicked
[PackageCarTracker] Render. StatusFilter: all, LocationFilter: Shop
Filtering cars. Filter: all, Total cars: 5

stdout | src/PackageCarTracker.test.jsx > Usage tracking > should increment viewToggles when view mode is changed
PackageCarTracker initialData: {
  trackerVersion: 2,
  cars: [
    {
      id: '111111',
      location: 'Yard',
      arrived: false,
      late: false,
      empty: false
    },
    {
      id: '222222',
      location: '200',
      arrived: true,
      late: false,
      empty: false
    },
    {
      id: '333333',
      location: '300',
      arrived: true,
      late: false,
      empty: true
    },
    {
      id: '444444',
      location: 'Shop',
      arrived: false,
      late: true,
      empty: false
    },
    {
      id: '555555',
      location: '500',
      arrived: true,
      late: false,
      empty: false
    }
  ],
  usage: {
    filterClicks: 0,
    locationClicks: 0,
    viewToggles: 0,
    arrivedToggles: 0,
    lateToggles: 0,
    emptyToggles: 0,
    carsAdded: 0,
    carsRemoved: 0,
    carLocationChanges: 0,
    csvImports: 0,
    csvExports: 0,
    shiftsReset: 0,
    carSelections: 0
  },
  currentShift: null
}
[PackageCarTracker] Render. StatusFilter: all, LocationFilter: all
Filtering cars. Filter: all, Total cars: 5
Session started: test-session

stderr | src/PackageCarTracker.test.jsx > Usage tracking > should increment viewToggles when view mode is changed
seedFleet called with 5 cars
localStorage after seed: {"trackerVersion":2,"cars":[{"id":"111111","location":"Yard","arrived":false,"late":false,"empty":false},{"id":"222222","location":"200","arrived":true,"late":false,"empty":false},{"id":"333333","location":"300","arrived":true,"late":false,"empty":true},{"id":"444444","location":"Shop","arrived":false,"late":true,"empty":false},{"id":"555555","location":"500","arrived":true,"late":false,"empty":false}],"usage":{"filterClicks":0,"locationClicks":0,"viewToggles":0,"arrivedToggles":0,"lateToggles":0,"emptyToggles":0,"carsAdded":0,"carsRemoved":0,"carLocationChanges":0,"csvImports":0,"csvExports":0,"shiftsReset":0,"carSelections":0},"currentShift":null}

stdout | src/PackageCarTracker.test.jsx > Usage tracking > should increment viewToggles when view mode is changed
[PackageCarTracker] Render. StatusFilter: all, LocationFilter: all
[PackageCarTracker] Render. StatusFilter: all, LocationFilter: all

stdout | src/PackageCarTracker.test.jsx > Usage tracking > should increment arrivedToggles when arrived status is toggled
PackageCarTracker initialData: {
  trackerVersion: 2,
  cars: [
    {
      id: '111111',
      location: 'Yard',
      arrived: false,
      late: false,
      empty: false
    },
    {
      id: '222222',
      location: '200',
      arrived: true,
      late: false,
      empty: false
    },
    {
      id: '333333',
      location: '300',
      arrived: true,
      late: false,
      empty: true
    },
    {
      id: '444444',
      location: 'Shop',
      arrived: false,
      late: true,
      empty: false
    },
    {
      id: '555555',
      location: '500',
      arrived: true,
      late: false,
      empty: false
    }
  ],
  usage: {
    filterClicks: 0,
    locationClicks: 0,
    viewToggles: 0,
    arrivedToggles: 0,
    lateToggles: 0,
    emptyToggles: 0,
    carsAdded: 0,
    carsRemoved: 0,
    carLocationChanges: 0,
    csvImports: 0,
    csvExports: 0,
    shiftsReset: 0,
    carSelections: 0
  },
  currentShift: null
}
[PackageCarTracker] Render. StatusFilter: all, LocationFilter: all
Filtering cars. Filter: all, Total cars: 5
Session started: test-session

stderr | src/PackageCarTracker.test.jsx > Usage tracking > should increment arrivedToggles when arrived status is toggled
seedFleet called with 5 cars
localStorage after seed: {"trackerVersion":2,"cars":[{"id":"111111","location":"Yard","arrived":false,"late":false,"empty":false},{"id":"222222","location":"200","arrived":true,"late":false,"empty":false},{"id":"333333","location":"300","arrived":true,"late":false,"empty":true},{"id":"444444","location":"Shop","arrived":false,"late":true,"empty":false},{"id":"555555","location":"500","arrived":true,"late":false,"empty":false}],"usage":{"filterClicks":0,"locationClicks":0,"viewToggles":0,"arrivedToggles":0,"lateToggles":0,"emptyToggles":0,"carsAdded":0,"carsRemoved":0,"carLocationChanges":0,"csvImports":0,"csvExports":0,"shiftsReset":0,"carSelections":0},"currentShift":null}

stdout | src/PackageCarTracker.test.jsx > Usage tracking > should increment arrivedToggles when arrived status is toggled
[PackageCarTracker] Render. StatusFilter: all, LocationFilter: all
[PackageCarTracker] Render. StatusFilter: all, LocationFilter: all
[PackageCarTracker] Render. StatusFilter: all, LocationFilter: all
Filtering cars. Filter: all, Total cars: 5

stdout | src/PackageCarTracker.test.jsx > Usage tracking > should increment lateToggles when late status is toggled
PackageCarTracker initialData: {
  trackerVersion: 2,
  cars: [
    {
      id: '111111',
      location: 'Yard',
      arrived: false,
      late: false,
      empty: false
    },
    {
      id: '222222',
      location: '200',
      arrived: true,
      late: false,
      empty: false
    },
    {
      id: '333333',
      location: '300',
      arrived: true,
      late: false,
      empty: true
    },
    {
      id: '444444',
      location: 'Shop',
      arrived: false,
      late: true,
      empty: false
    },
    {
      id: '555555',
      location: '500',
      arrived: true,
      late: false,
      empty: false
    }
  ],
  usage: {
    filterClicks: 0,
    locationClicks: 0,
    viewToggles: 0,
    arrivedToggles: 0,
    lateToggles: 0,
    emptyToggles: 0,
    carsAdded: 0,
    carsRemoved: 0,
    carLocationChanges: 0,
    csvImports: 0,
    csvExports: 0,
    shiftsReset: 0,
    carSelections: 0
  },
  currentShift: null
}
[PackageCarTracker] Render. StatusFilter: all, LocationFilter: all
Filtering cars. Filter: all, Total cars: 5
Session started: test-session

stderr | src/PackageCarTracker.test.jsx > Usage tracking > should increment lateToggles when late status is toggled
seedFleet called with 5 cars
localStorage after seed: {"trackerVersion":2,"cars":[{"id":"111111","location":"Yard","arrived":false,"late":false,"empty":false},{"id":"222222","location":"200","arrived":true,"late":false,"empty":false},{"id":"333333","location":"300","arrived":true,"late":false,"empty":true},{"id":"444444","location":"Shop","arrived":false,"late":true,"empty":false},{"id":"555555","location":"500","arrived":true,"late":false,"empty":false}],"usage":{"filterClicks":0,"locationClicks":0,"viewToggles":0,"arrivedToggles":0,"lateToggles":0,"emptyToggles":0,"carsAdded":0,"carsRemoved":0,"carLocationChanges":0,"csvImports":0,"csvExports":0,"shiftsReset":0,"carSelections":0},"currentShift":null}

stdout | src/PackageCarTracker.test.jsx > Usage tracking > should increment lateToggles when late status is toggled
[PackageCarTracker] Render. StatusFilter: all, LocationFilter: all
[PackageCarTracker] Render. StatusFilter: all, LocationFilter: all
[PackageCarTracker] Render. StatusFilter: all, LocationFilter: all
Filtering cars. Filter: all, Total cars: 5

stdout | src/PackageCarTracker.test.jsx > Usage tracking > should increment emptyToggles when empty status is toggled
PackageCarTracker initialData: {
  trackerVersion: 2,
  cars: [
    {
      id: '111111',
      location: 'Yard',
      arrived: false,
      late: false,
      empty: false
    },
    {
      id: '222222',
      location: '200',
      arrived: true,
      late: false,
      empty: false
    },
    {
      id: '333333',
      location: '300',
      arrived: true,
      late: false,
      empty: true
    },
    {
      id: '444444',
      location: 'Shop',
      arrived: false,
      late: true,
      empty: false
    },
    {
      id: '555555',
      location: '500',
      arrived: true,
      late: false,
      empty: false
    }
  ],
  usage: {
    filterClicks: 0,
    locationClicks: 0,
    viewToggles: 0,
    arrivedToggles: 0,
    lateToggles: 0,
    emptyToggles: 0,
    carsAdded: 0,
    carsRemoved: 0,
    carLocationChanges: 0,
    csvImports: 0,
    csvExports: 0,
    shiftsReset: 0,
    carSelections: 0
  },
  currentShift: null
}
[PackageCarTracker] Render. StatusFilter: all, LocationFilter: all
Filtering cars. Filter: all, Total cars: 5
Session started: test-session

stderr | src/PackageCarTracker.test.jsx > Usage tracking > should increment emptyToggles when empty status is toggled
seedFleet called with 5 cars
localStorage after seed: {"trackerVersion":2,"cars":[{"id":"111111","location":"Yard","arrived":false,"late":false,"empty":false},{"id":"222222","location":"200","arrived":true,"late":false,"empty":false},{"id":"333333","location":"300","arrived":true,"late":false,"empty":true},{"id":"444444","location":"Shop","arrived":false,"late":true,"empty":false},{"id":"555555","location":"500","arrived":true,"late":false,"empty":false}],"usage":{"filterClicks":0,"locationClicks":0,"viewToggles":0,"arrivedToggles":0,"lateToggles":0,"emptyToggles":0,"carsAdded":0,"carsRemoved":0,"carLocationChanges":0,"csvImports":0,"csvExports":0,"shiftsReset":0,"carSelections":0},"currentShift":null}

stdout | src/PackageCarTracker.test.jsx > Usage tracking > should increment emptyToggles when empty status is toggled
[PackageCarTracker] Render. StatusFilter: all, LocationFilter: all
[PackageCarTracker] Render. StatusFilter: all, LocationFilter: all
Filtering cars. Filter: all, Total cars: 5

stdout | src/PackageCarTracker.test.jsx > Usage tracking > should increment carsAdded when a car is added
PackageCarTracker initialData: {
  trackerVersion: 2,
  cars: [],
  usage: {
    filterClicks: 0,
    locationClicks: 0,
    viewToggles: 0,
    arrivedToggles: 0,
    lateToggles: 0,
    emptyToggles: 0,
    carsAdded: 0,
    carsRemoved: 0,
    carLocationChanges: 0,
    csvImports: 0,
    csvExports: 0,
    shiftsReset: 0,
    carSelections: 0
  },
  currentShift: null
}
[PackageCarTracker] Render. StatusFilter: all, LocationFilter: all
Filtering cars. Filter: all, Total cars: 0
Session started: test-session

stderr | src/PackageCarTracker.test.jsx > Usage tracking > should increment carsAdded when a car is added
seedFleet called with 0 cars
localStorage after seed: {"trackerVersion":2,"cars":[],"usage":{"filterClicks":0,"locationClicks":0,"viewToggles":0,"arrivedToggles":0,"lateToggles":0,"emptyToggles":0,"carsAdded":0,"carsRemoved":0,"carLocationChanges":0,"csvImports":0,"csvExports":0,"shiftsReset":0,"carSelections":0},"currentShift":null}

stdout | src/PackageCarTracker.test.jsx > Usage tracking > should increment carsAdded when a car is added
[PackageCarTracker] Render. StatusFilter: all, LocationFilter: all

stdout | src/PackageCarTracker.test.jsx > Usage tracking > should increment carsAdded when a car is added
[PackageCarTracker] Render. StatusFilter: all, LocationFilter: all

stdout | src/PackageCarTracker.test.jsx > Usage tracking > should increment carsAdded when a car is added
[PackageCarTracker] Render. StatusFilter: all, LocationFilter: all

stdout | src/PackageCarTracker.test.jsx > Usage tracking > should increment carsAdded when a car is added
[PackageCarTracker] Render. StatusFilter: all, LocationFilter: all

stdout | src/PackageCarTracker.test.jsx > Usage tracking > should increment carsAdded when a car is added
[PackageCarTracker] Render. StatusFilter: all, LocationFilter: all

stdout | src/PackageCarTracker.test.jsx > Usage tracking > should increment carsAdded when a car is added
[PackageCarTracker] Render. StatusFilter: all, LocationFilter: all

stdout | src/PackageCarTracker.test.jsx > Usage tracking > should increment carsAdded when a car is added
[PackageCarTracker] Render. StatusFilter: all, LocationFilter: all

stdout | src/PackageCarTracker.test.jsx > Usage tracking > should increment carsAdded when a car is added
[PackageCarTracker] Render. StatusFilter: all, LocationFilter: all
[PackageCarTracker] Render. StatusFilter: all, LocationFilter: all
Filtering cars. Filter: all, Total cars: 1

stdout | src/PackageCarTracker.test.jsx > Usage tracking > should increment carsRemoved when a car is removed
PackageCarTracker initialData: {
  trackerVersion: 2,
  cars: [
    {
      id: '111111',
      location: 'Yard',
      arrived: false,
      late: false,
      empty: false
    },
    {
      id: '222222',
      location: '200',
      arrived: true,
      late: false,
      empty: false
    },
    {
      id: '333333',
      location: '300',
      arrived: true,
      late: false,
      empty: true
    },
    {
      id: '444444',
      location: 'Shop',
      arrived: false,
      late: true,
      empty: false
    },
    {
      id: '555555',
      location: '500',
      arrived: true,
      late: false,
      empty: false
    }
  ],
  usage: {
    filterClicks: 0,
    locationClicks: 0,
    viewToggles: 0,
    arrivedToggles: 0,
    lateToggles: 0,
    emptyToggles: 0,
    carsAdded: 0,
    carsRemoved: 0,
    carLocationChanges: 0,
    csvImports: 0,
    csvExports: 0,
    shiftsReset: 0,
    carSelections: 0
  },
  currentShift: null
}
[PackageCarTracker] Render. StatusFilter: all, LocationFilter: all
Filtering cars. Filter: all, Total cars: 5
Session started: test-session

stderr | src/PackageCarTracker.test.jsx > Usage tracking > should increment carsRemoved when a car is removed
seedFleet called with 5 cars
localStorage after seed: {"trackerVersion":2,"cars":[{"id":"111111","location":"Yard","arrived":false,"late":false,"empty":false},{"id":"222222","location":"200","arrived":true,"late":false,"empty":false},{"id":"333333","location":"300","arrived":true,"late":false,"empty":true},{"id":"444444","location":"Shop","arrived":false,"late":true,"empty":false},{"id":"555555","location":"500","arrived":true,"late":false,"empty":false}],"usage":{"filterClicks":0,"locationClicks":0,"viewToggles":0,"arrivedToggles":0,"lateToggles":0,"emptyToggles":0,"carsAdded":0,"carsRemoved":0,"carLocationChanges":0,"csvImports":0,"csvExports":0,"shiftsReset":0,"carSelections":0},"currentShift":null}

stdout | src/PackageCarTracker.test.jsx > Usage tracking > should increment carsRemoved when a car is removed
[PackageCarTracker] Render. StatusFilter: all, LocationFilter: all

stdout | src/PackageCarTracker.test.jsx > Usage tracking > should increment carsRemoved when a car is removed
[PackageCarTracker] Render. StatusFilter: all, LocationFilter: all
[PackageCarTracker] Render. StatusFilter: all, LocationFilter: all
Filtering cars. Filter: all, Total cars: 4

stdout | src/PackageCarTracker.test.jsx > Usage tracking > should increment carLocationChanges when a car location is updated
PackageCarTracker initialData: {
  trackerVersion: 2,
  cars: [
    {
      id: '111111',
      location: 'Yard',
      arrived: false,
      late: false,
      empty: false
    },
    {
      id: '222222',
      location: '200',
      arrived: true,
      late: false,
      empty: false
    },
    {
      id: '333333',
      location: '300',
      arrived: true,
      late: false,
      empty: true
    },
    {
      id: '444444',
      location: 'Shop',
      arrived: false,
      late: true,
      empty: false
    },
    {
      id: '555555',
      location: '500',
      arrived: true,
      late: false,
      empty: false
    }
  ],
  usage: {
    filterClicks: 0,
    locationClicks: 0,
    viewToggles: 0,
    arrivedToggles: 0,
    lateToggles: 0,
    emptyToggles: 0,
    carsAdded: 0,
    carsRemoved: 0,
    carLocationChanges: 0,
    csvImports: 0,
    csvExports: 0,
    shiftsReset: 0,
    carSelections: 0
  },
  currentShift: null
}
[PackageCarTracker] Render. StatusFilter: all, LocationFilter: all
Filtering cars. Filter: all, Total cars: 5
Session started: test-session

stderr | src/PackageCarTracker.test.jsx > Usage tracking > should increment carLocationChanges when a car location is updated
seedFleet called with 5 cars
localStorage after seed: {"trackerVersion":2,"cars":[{"id":"111111","location":"Yard","arrived":false,"late":false,"empty":false},{"id":"222222","location":"200","arrived":true,"late":false,"empty":false},{"id":"333333","location":"300","arrived":true,"late":false,"empty":true},{"id":"444444","location":"Shop","arrived":false,"late":true,"empty":false},{"id":"555555","location":"500","arrived":true,"late":false,"empty":false}],"usage":{"filterClicks":0,"locationClicks":0,"viewToggles":0,"arrivedToggles":0,"lateToggles":0,"emptyToggles":0,"carsAdded":0,"carsRemoved":0,"carLocationChanges":0,"csvImports":0,"csvExports":0,"shiftsReset":0,"carSelections":0},"currentShift":null}

stdout | src/PackageCarTracker.test.jsx > Usage tracking > should increment carLocationChanges when a car location is updated
[PackageCarTracker] Render. StatusFilter: all, LocationFilter: all
[PackageCarTracker] Render. StatusFilter: all, LocationFilter: all
[PackageCarTracker] Render. StatusFilter: all, LocationFilter: all
Filtering cars. Filter: all, Total cars: 5

stdout | src/PackageCarTracker.test.jsx > Usage tracking > should increment carLocationChanges when a car location is updated
PackageCarTracker initialData: {
  trackerVersion: 2,
  cars: [
    {
      id: '111111',
      location: 'Yard',
      arrived: false,
      late: false,
      empty: false
    },
    {
      id: '222222',
      location: '200',
      arrived: true,
      late: false,
      empty: false
    },
    {
      id: '333333',
      location: '300',
      arrived: true,
      late: false,
      empty: true
    },
    {
      id: '444444',
      location: 'Shop',
      arrived: false,
      late: true,
      empty: false
    },
    {
      id: '555555',
      location: '500',
      arrived: true,
      late: false,
      empty: false
    }
  ],
  usage: {
    filterClicks: 0,
    locationClicks: 0,
    viewToggles: 0,
    arrivedToggles: 0,
    lateToggles: 0,
    emptyToggles: 0,
    carsAdded: 0,
    carsRemoved: 0,
    carLocationChanges: 0,
    csvImports: 0,
    csvExports: 0,
    shiftsReset: 0,
    carSelections: 0
  },
  currentShift: null
}
[PackageCarTracker] Render. StatusFilter: all, LocationFilter: all
Filtering cars. Filter: all, Total cars: 5
Session started: test-session

stderr | src/PackageCarTracker.test.jsx > Usage tracking > should increment carLocationChanges when a car location is updated
seedFleet called with 5 cars
localStorage after seed: {"trackerVersion":2,"cars":[{"id":"111111","location":"Yard","arrived":false,"late":false,"empty":false},{"id":"222222","location":"200","arrived":true,"late":false,"empty":false},{"id":"333333","location":"300","arrived":true,"late":false,"empty":true},{"id":"444444","location":"Shop","arrived":false,"late":true,"empty":false},{"id":"555555","location":"500","arrived":true,"late":false,"empty":false}],"usage":{"filterClicks":0,"locationClicks":0,"viewToggles":0,"arrivedToggles":0,"lateToggles":0,"emptyToggles":0,"carsAdded":0,"carsRemoved":0,"carLocationChanges":0,"csvImports":0,"csvExports":0,"shiftsReset":0,"carSelections":0},"currentShift":null}

stdout | src/PackageCarTracker.test.jsx > Usage tracking > should increment carLocationChanges when a car location is updated
[PackageCarTracker] Render. StatusFilter: all, LocationFilter: all
[PackageCarTracker] Render. StatusFilter: all, LocationFilter: all
[PackageCarTracker] Render. StatusFilter: all, LocationFilter: all
Filtering cars. Filter: all, Total cars: 5

stdout | src/PackageCarTracker.test.jsx > Usage tracking > should increment shiftsReset when shift is reset
PackageCarTracker initialData: {
  trackerVersion: 2,
  cars: [
    {
      id: '111111',
      location: 'Yard',
      arrived: false,
      late: false,
      empty: false
    },
    {
      id: '222222',
      location: '200',
      arrived: true,
      late: false,
      empty: false
    },
    {
      id: '333333',
      location: '300',
      arrived: true,
      late: false,
      empty: true
    },
    {
      id: '444444',
      location: 'Shop',
      arrived: false,
      late: true,
      empty: false
    },
    {
      id: '555555',
      location: '500',
      arrived: true,
      late: false,
      empty: false
    }
  ],
  usage: {
    filterClicks: 0,
    locationClicks: 0,
    viewToggles: 0,
    arrivedToggles: 0,
    lateToggles: 0,
    emptyToggles: 0,
    carsAdded: 0,
    carsRemoved: 0,
    carLocationChanges: 0,
    csvImports: 0,
    csvExports: 0,
    shiftsReset: 0,
    carSelections: 0
  },
  currentShift: null
}
[PackageCarTracker] Render. StatusFilter: all, LocationFilter: all
Filtering cars. Filter: all, Total cars: 5
Session started: test-session

stderr | src/PackageCarTracker.test.jsx > Usage tracking > should increment shiftsReset when shift is reset
seedFleet called with 5 cars
localStorage after seed: {"trackerVersion":2,"cars":[{"id":"111111","location":"Yard","arrived":false,"late":false,"empty":false},{"id":"222222","location":"200","arrived":true,"late":false,"empty":false},{"id":"333333","location":"300","arrived":true,"late":false,"empty":true},{"id":"444444","location":"Shop","arrived":false,"late":true,"empty":false},{"id":"555555","location":"500","arrived":true,"late":false,"empty":false}],"usage":{"filterClicks":0,"locationClicks":0,"viewToggles":0,"arrivedToggles":0,"lateToggles":0,"emptyToggles":0,"carsAdded":0,"carsRemoved":0,"carLocationChanges":0,"csvImports":0,"csvExports":0,"shiftsReset":0,"carSelections":0},"currentShift":null}

stdout | src/PackageCarTracker.test.jsx > Usage tracking > should increment shiftsReset when shift is reset
[PackageCarTracker] Render. StatusFilter: all, LocationFilter: all
[PackageCarTracker] Render. StatusFilter: all, LocationFilter: all
Shift reset synced to backend
[PackageCarTracker] Render. StatusFilter: all, LocationFilter: all
Filtering cars. Filter: all, Total cars: 5

stdout | src/PackageCarTracker.test.jsx > Usage tracking > should persist all usage counters across multiple actions
PackageCarTracker initialData: {
  trackerVersion: 2,
  cars: [
    {
      id: '111111',
      location: 'Yard',
      arrived: false,
      late: false,
      empty: false
    },
    {
      id: '222222',
      location: '200',
      arrived: true,
      late: false,
      empty: false
    },
    {
      id: '333333',
      location: '300',
      arrived: true,
      late: false,
      empty: true
    },
    {
      id: '444444',
      location: 'Shop',
      arrived: false,
      late: true,
      empty: false
    },
    {
      id: '555555',
      location: '500',
      arrived: true,
      late: false,
      empty: false
    }
  ],
  usage: {
    filterClicks: 0,
    locationClicks: 0,
    viewToggles: 0,
    arrivedToggles: 0,
    lateToggles: 0,
    emptyToggles: 0,
    carsAdded: 0,
    carsRemoved: 0,
    carLocationChanges: 0,
    csvImports: 0,
    csvExports: 0,
    shiftsReset: 0,
    carSelections: 0
  },
  currentShift: null
}
[PackageCarTracker] Render. StatusFilter: all, LocationFilter: all
Filtering cars. Filter: all, Total cars: 5
Session started: test-session

stderr | src/PackageCarTracker.test.jsx > Usage tracking > should persist all usage counters across multiple actions
seedFleet called with 5 cars
localStorage after seed: {"trackerVersion":2,"cars":[{"id":"111111","location":"Yard","arrived":false,"late":false,"empty":false},{"id":"222222","location":"200","arrived":true,"late":false,"empty":false},{"id":"333333","location":"300","arrived":true,"late":false,"empty":true},{"id":"444444","location":"Shop","arrived":false,"late":true,"empty":false},{"id":"555555","location":"500","arrived":true,"late":false,"empty":false}],"usage":{"filterClicks":0,"locationClicks":0,"viewToggles":0,"arrivedToggles":0,"lateToggles":0,"emptyToggles":0,"carsAdded":0,"carsRemoved":0,"carLocationChanges":0,"csvImports":0,"csvExports":0,"shiftsReset":0,"carSelections":0},"currentShift":null}

stdout | src/PackageCarTracker.test.jsx > Usage tracking > should persist all usage counters across multiple actions
[PackageCarTracker] Render. StatusFilter: all, LocationFilter: all
[PackageCarTracker] Clicked filter: pending
[PackageCarTracker] Render. StatusFilter: pending, LocationFilter: all
Filtering cars. Filter: pending, Total cars: 5

stdout | src/PackageCarTracker.test.jsx > Usage tracking > should persist all usage counters across multiple actions
[PackageCarTracker] Render. StatusFilter: pending, LocationFilter: Shop
Filtering cars. Filter: pending, Total cars: 5

stdout | src/PackageCarTracker.test.jsx > Usage tracking > should persist all usage counters across multiple actions
[PackageCarTracker] Render. StatusFilter: pending, LocationFilter: Shop

stdout | src/PackageCarTracker.test.jsx > Usage tracking > should persist all usage counters across multiple actions
[PackageCarTracker] Render. StatusFilter: pending, LocationFilter: Shop

stdout | src/PackageCarTracker.test.jsx > Usage tracking > should persist all usage counters across multiple actions
[PackageCarTracker] Render. StatusFilter: pending, LocationFilter: Shop

stdout | src/PackageCarTracker.test.jsx > Usage tracking > should persist all usage counters across multiple actions
[PackageCarTracker] Render. StatusFilter: pending, LocationFilter: Shop
[PackageCarTracker] Render. StatusFilter: pending, LocationFilter: Shop
Filtering cars. Filter: pending, Total cars: 5

 ✓ src/PackageCarTracker.test.jsx (32 tests) 8605ms
   ✓ PackageCarTracker filters > handles primary status filter combinations 687ms
   ✓ PackageCarTracker filters > applies location and status filters together 492ms
   ✓ Board view > toggles between list and board layouts using the explicit buttons 488ms
   ✓ Board view > groups only the currently filtered cars into their location columns 439ms
   ✓ Fleet management tools > only shows fleet manager tools when manage mode is enabled 550ms
   ✓ Fleet management tools > opens the fleet manager modal with roster controls 489ms
   ✓ Fleet management tools > exports the current fleet roster to CSV 429ms
   ✓ Usage tracking > should increment locationClicks when location filter is clicked 322ms
   ✓ Usage tracking > should increment carsRemoved when a car is removed 448ms
   ✓ Usage tracking > should persist all usage counters across multiple actions 470ms

 Test Files  1 passed (1)
      Tests  32 passed (32)
   Start at  07:35:29
   Duration  9.18s

 PASS  Waiting for file changes...
       press h to show help, press q to quit
